Archive member included to satisfy reference by file (symbol)

C:/ST/STM32CubeCLT_1.15.1/GNU-tools-for-STM32/bin/../lib/gcc/arm-none-eabi/12.3.1/../../../../arm-none-eabi/lib/thumb/v7e-m+fp/hard\libc_nano.a(libc_a-exit.o)
                              C:/ST/STM32CubeCLT_1.15.1/GNU-tools-for-STM32/bin/../lib/gcc/arm-none-eabi/12.3.1/../../../../arm-none-eabi/lib/thumb/v7e-m+fp/hard/crt0.o (exit)
C:/ST/STM32CubeCLT_1.15.1/GNU-tools-for-STM32/bin/../lib/gcc/arm-none-eabi/12.3.1/../../../../arm-none-eabi/lib/thumb/v7e-m+fp/hard\libc_nano.a(libc_a-findfp.o)
                              C:/ST/STM32CubeCLT_1.15.1/GNU-tools-for-STM32/bin/../lib/gcc/arm-none-eabi/12.3.1/../../../../arm-none-eabi/lib/thumb/v7e-m+fp/hard\libc_nano.a(libc_a-exit.o) (__stdio_exit_handler)
C:/ST/STM32CubeCLT_1.15.1/GNU-tools-for-STM32/bin/../lib/gcc/arm-none-eabi/12.3.1/../../../../arm-none-eabi/lib/thumb/v7e-m+fp/hard\libc_nano.a(libc_a-fwalk.o)
                              C:/ST/STM32CubeCLT_1.15.1/GNU-tools-for-STM32/bin/../lib/gcc/arm-none-eabi/12.3.1/../../../../arm-none-eabi/lib/thumb/v7e-m+fp/hard\libc_nano.a(libc_a-findfp.o) (_fwalk_sglue)
C:/ST/STM32CubeCLT_1.15.1/GNU-tools-for-STM32/bin/../lib/gcc/arm-none-eabi/12.3.1/../../../../arm-none-eabi/lib/thumb/v7e-m+fp/hard\libc_nano.a(libc_a-stdio.o)
                              C:/ST/STM32CubeCLT_1.15.1/GNU-tools-for-STM32/bin/../lib/gcc/arm-none-eabi/12.3.1/../../../../arm-none-eabi/lib/thumb/v7e-m+fp/hard\libc_nano.a(libc_a-findfp.o) (__sread)
C:/ST/STM32CubeCLT_1.15.1/GNU-tools-for-STM32/bin/../lib/gcc/arm-none-eabi/12.3.1/../../../../arm-none-eabi/lib/thumb/v7e-m+fp/hard\libc_nano.a(libc_a-memset.o)
                              C:/ST/STM32CubeCLT_1.15.1/GNU-tools-for-STM32/bin/../lib/gcc/arm-none-eabi/12.3.1/../../../../arm-none-eabi/lib/thumb/v7e-m+fp/hard/crt0.o (memset)
C:/ST/STM32CubeCLT_1.15.1/GNU-tools-for-STM32/bin/../lib/gcc/arm-none-eabi/12.3.1/../../../../arm-none-eabi/lib/thumb/v7e-m+fp/hard\libc_nano.a(libc_a-closer.o)
                              C:/ST/STM32CubeCLT_1.15.1/GNU-tools-for-STM32/bin/../lib/gcc/arm-none-eabi/12.3.1/../../../../arm-none-eabi/lib/thumb/v7e-m+fp/hard\libc_nano.a(libc_a-stdio.o) (_close_r)
C:/ST/STM32CubeCLT_1.15.1/GNU-tools-for-STM32/bin/../lib/gcc/arm-none-eabi/12.3.1/../../../../arm-none-eabi/lib/thumb/v7e-m+fp/hard\libc_nano.a(libc_a-reent.o)
                              C:/ST/STM32CubeCLT_1.15.1/GNU-tools-for-STM32/bin/../lib/gcc/arm-none-eabi/12.3.1/../../../../arm-none-eabi/lib/thumb/v7e-m+fp/hard\libc_nano.a(libc_a-closer.o) (errno)
C:/ST/STM32CubeCLT_1.15.1/GNU-tools-for-STM32/bin/../lib/gcc/arm-none-eabi/12.3.1/../../../../arm-none-eabi/lib/thumb/v7e-m+fp/hard\libc_nano.a(libc_a-impure.o)
                              C:/ST/STM32CubeCLT_1.15.1/GNU-tools-for-STM32/bin/../lib/gcc/arm-none-eabi/12.3.1/../../../../arm-none-eabi/lib/thumb/v7e-m+fp/hard\libc_nano.a(libc_a-reent.o) (_impure_ptr)
C:/ST/STM32CubeCLT_1.15.1/GNU-tools-for-STM32/bin/../lib/gcc/arm-none-eabi/12.3.1/../../../../arm-none-eabi/lib/thumb/v7e-m+fp/hard\libc_nano.a(libc_a-lseekr.o)
                              C:/ST/STM32CubeCLT_1.15.1/GNU-tools-for-STM32/bin/../lib/gcc/arm-none-eabi/12.3.1/../../../../arm-none-eabi/lib/thumb/v7e-m+fp/hard\libc_nano.a(libc_a-stdio.o) (_lseek_r)
C:/ST/STM32CubeCLT_1.15.1/GNU-tools-for-STM32/bin/../lib/gcc/arm-none-eabi/12.3.1/../../../../arm-none-eabi/lib/thumb/v7e-m+fp/hard\libc_nano.a(libc_a-readr.o)
                              C:/ST/STM32CubeCLT_1.15.1/GNU-tools-for-STM32/bin/../lib/gcc/arm-none-eabi/12.3.1/../../../../arm-none-eabi/lib/thumb/v7e-m+fp/hard\libc_nano.a(libc_a-stdio.o) (_read_r)
C:/ST/STM32CubeCLT_1.15.1/GNU-tools-for-STM32/bin/../lib/gcc/arm-none-eabi/12.3.1/../../../../arm-none-eabi/lib/thumb/v7e-m+fp/hard\libc_nano.a(libc_a-writer.o)
                              C:/ST/STM32CubeCLT_1.15.1/GNU-tools-for-STM32/bin/../lib/gcc/arm-none-eabi/12.3.1/../../../../arm-none-eabi/lib/thumb/v7e-m+fp/hard\libc_nano.a(libc_a-stdio.o) (_write_r)
C:/ST/STM32CubeCLT_1.15.1/GNU-tools-for-STM32/bin/../lib/gcc/arm-none-eabi/12.3.1/../../../../arm-none-eabi/lib/thumb/v7e-m+fp/hard\libc_nano.a(libc_a-init.o)
                              C:/ST/STM32CubeCLT_1.15.1/GNU-tools-for-STM32/bin/../lib/gcc/arm-none-eabi/12.3.1/../../../../arm-none-eabi/lib/thumb/v7e-m+fp/hard/crt0.o (__libc_init_array)
C:/ST/STM32CubeCLT_1.15.1/GNU-tools-for-STM32/bin/../lib/gcc/arm-none-eabi/12.3.1/../../../../arm-none-eabi/lib/thumb/v7e-m+fp/hard\libc_nano.a(libc_a-lock.o)
                              C:/ST/STM32CubeCLT_1.15.1/GNU-tools-for-STM32/bin/../lib/gcc/arm-none-eabi/12.3.1/../../../../arm-none-eabi/lib/thumb/v7e-m+fp/hard\libc_nano.a(libc_a-findfp.o) (__retarget_lock_init_recursive)
C:/ST/STM32CubeCLT_1.15.1/GNU-tools-for-STM32/bin/../lib/gcc/arm-none-eabi/12.3.1/../../../../arm-none-eabi/lib/thumb/v7e-m+fp/hard\libc_nano.a(libc_a-freer.o)
[...]
Memory Configuration

Name             Origin             Length             Attributes
RAM              0x20000000         0x00020000         xrw
FLASH            0x08000000         0x00080000         xr
*default*        0x00000000         0xffffffff

Linker script and memory map

LOAD C:/ST/STM32CubeCLT_1.15.1/GNU-tools-for-STM32/bin/../lib/gcc/arm-none-eabi/12.3.1/thumb/v7e-m+fp/hard/crti.o
LOAD C:/ST/STM32CubeCLT_1.15.1/GNU-tools-for-STM32/bin/../lib/gcc/arm-none-eabi/12.3.1/thumb/v7e-m+fp/hard/crtbegin.o
LOAD C:/ST/STM32CubeCLT_1.15.1/GNU-tools-for-STM32/bin/../lib/gcc/arm-none-eabi/12.3.1/../../../../arm-none-eabi/lib/thumb/v7e-m+fp/hard/crt0.o
START GROUP
LOAD C:/ST/STM32CubeCLT_1.15.1/GNU-tools-for-STM32/bin/../lib/gcc/arm-none-eabi/12.3.1/../../../../arm-none-eabi/lib/thumb/v7e-m+fp/hard\libc_nano.a
LOAD C:/ST/STM32CubeCLT_1.15.1/GNU-tools-for-STM32/bin/../lib/gcc/arm-none-eabi/12.3.1/../../../../arm-none-eabi/lib/thumb/v7e-m+fp/hard\libm.a
END GROUP
LOAD cmake/stm32cubemx/CMakeFiles/STM32_Drivers.dir/__/__/Core/Src/system_stm32f4xx.c.obj
LOAD cmake/stm32cubemx/CMakeFiles/STM32_Drivers.dir/__/__/Drivers/STM32F4xx_HAL_Driver/Src/stm32f4xx_hal_pcd.c.obj
LOAD cmake/stm32cubemx/CMakeFiles/STM32_Drivers.dir/__/__/Drivers/STM32F4xx_HAL_Driver/Src/stm32f4xx_hal_pcd_ex.c.obj
LOAD cmake/stm32cubemx/CMakeFiles/STM32_Drivers.dir/__/__/Drivers/STM32F4xx_HAL_Driver/Src/stm32f4xx_ll_usb.c.obj
LOAD cmake/stm32cubemx/CMakeFiles/STM32_Drivers.dir/__/__/Drivers/STM32F4xx_HAL_Driver/Src/stm32f4xx_hal_rcc.c.obj
LOAD cmake/stm32cubemx/CMakeFiles/STM32_Drivers.dir/__/__/Drivers/STM32F4xx_HAL_Driver/Src/stm32f4xx_hal_rcc_ex.c.obj
LOAD cmake/stm32cubemx/CMakeFiles/STM32_Drivers.dir/__/__/Drivers/STM32F4xx_HAL_Driver/Src/stm32f4xx_hal_flash.c.obj
LOAD cmake/stm32cubemx/CMakeFiles/STM32_Drivers.dir/__/__/Drivers/STM32F4xx_HAL_Driver/Src/stm32f4xx_hal_flash_ex.c.obj
LOAD cmake/stm32cubemx/CMakeFiles/STM32_Drivers.dir/__/__/Drivers/STM32F4xx_HAL_Driver/Src/stm32f4xx_hal_flash_ramfunc.c.obj
LOAD cmake/stm32cubemx/CMakeFiles/STM32_Drivers.dir/__/__/Drivers/STM32F4xx_HAL_Driver/Src/stm32f4xx_hal_gpio.c.obj
LOAD cmake/stm32cubemx/CMakeFiles/STM32_Drivers.dir/__/__/Drivers/STM32F4xx_HAL_Driver/Src/stm32f4xx_hal_dma_ex.c.obj
LOAD cmake/stm32cubemx/CMakeFiles/STM32_Drivers.dir/__/__/Drivers/STM32F4xx_HAL_Driver/Src/stm32f4xx_hal_dma.c.obj
LOAD cmake/stm32cubemx/CMakeFiles/STM32_Drivers.dir/__/__/Drivers/STM32F4xx_HAL_Driver/Src/stm32f4xx_hal_pwr.c.obj
LOAD cmake/stm32cubemx/CMakeFiles/STM32_Drivers.dir/__/__/Drivers/STM32F4xx_HAL_Driver/Src/stm32f4xx_hal_pwr_ex.c.obj
LOAD cmake/stm32cubemx/CMakeFiles/STM32_Drivers.dir/__/__/Drivers/STM32F4xx_HAL_Driver/Src/stm32f4xx_hal_cortex.c.obj
LOAD cmake/stm32cubemx/CMakeFiles/STM32_Drivers.dir/__/__/Drivers/STM32F4xx_HAL_Driver/Src/stm32f4xx_hal.c.obj
LOAD cmake/stm32cubemx/CMakeFiles/STM32_Drivers.dir/__/__/Drivers/STM32F4xx_HAL_Driver/Src/stm32f4xx_hal_exti.c.obj
LOAD cmake/stm32cubemx/CMakeFiles/STM32_Drivers.dir/__/__/Drivers/STM32F4xx_HAL_Driver/Src/stm32f4xx_hal_adc.c.obj
LOAD cmake/stm32cubemx/CMakeFiles/STM32_Drivers.dir/__/__/Drivers/STM32F4xx_HAL_Driver/Src/stm32f4xx_hal_adc_ex.c.obj
LOAD cmake/stm32cubemx/CMakeFiles/STM32_Drivers.dir/__/__/Drivers/STM32F4xx_HAL_Driver/Src/stm32f4xx_ll_adc.c.obj
LOAD cmake/stm32cubemx/CMakeFiles/STM32_Drivers.dir/__/__/Drivers/STM32F4xx_HAL_Driver/Src/stm32f4xx_hal_i2c.c.obj
LOAD cmake/stm32cubemx/CMakeFiles/STM32_Drivers.dir/__/__/Drivers/STM32F4xx_HAL_Driver/Src/stm32f4xx_hal_i2c_ex.c.obj
LOAD cmake/stm32cubemx/CMakeFiles/STM32_Drivers.dir/__/__/Drivers/STM32F4xx_HAL_Driver/Src/stm32f4xx_hal_spi.c.obj
LOAD cmake/stm32cubemx/CMakeFiles/STM32_Drivers.dir/__/__/Drivers/STM32F4xx_HAL_Driver/Src/stm32f4xx_hal_tim.c.obj
LOAD cmake/stm32cubemx/CMakeFiles/STM32_Drivers.dir/__/__/Drivers/STM32F4xx_HAL_Driver/Src/stm32f4xx_hal_tim_ex.c.obj
LOAD cmake/stm32cubemx/CMakeFiles/USB_Device_Library.dir/__/__/Middlewares/ST/STM32_USB_Device_Library/Core/Src/usbd_core.c.obj
LOAD cmake/stm32cubemx/CMakeFiles/USB_Device_Library.dir/__/__/Middlewares/ST/STM32_USB_Device_Library/Core/Src/usbd_ctlreq.c.obj
LOAD cmake/stm32cubemx/CMakeFiles/USB_Device_Library.dir/__/__/Middlewares/ST/STM32_USB_Device_Library/Core/Src/usbd_ioreq.c.obj
LOAD cmake/stm32cubemx/CMakeFiles/USB_Device_Library.dir/__/__/Middlewares/ST/STM32_USB_Device_Library/Class/CDC/Src/usbd_cdc.c.obj
LOAD CMakeFiles/APEX_NO_GPS.dir/USB_DEVICE/Target/usbd_conf.c.obj
LOAD CMakeFiles/APEX_NO_GPS.dir/USB_DEVICE/App/usb_device.c.obj
LOAD CMakeFiles/APEX_NO_GPS.dir/USB_DEVICE/App/usbd_desc.c.obj
LOAD CMakeFiles/APEX_NO_GPS.dir/USB_DEVICE/App/usbd_cdc_if.c.obj
LOAD CMakeFiles/APEX_NO_GPS.dir/Core/Src/main.c.obj
LOAD CMakeFiles/APEX_NO_GPS.dir/Core/Src/gpio.c.obj
LOAD CMakeFiles/APEX_NO_GPS.dir/Core/Src/adc.c.obj
LOAD CMakeFiles/APEX_NO_GPS.dir/Core/Src/dma.c.obj
LOAD CMakeFiles/APEX_NO_GPS.dir/Core/Src/i2c.c.obj
LOAD CMakeFiles/APEX_NO_GPS.dir/Core/Src/spi.c.obj
LOAD CMakeFiles/APEX_NO_GPS.dir/Core/Src/tim.c.obj
LOAD CMakeFiles/APEX_NO_GPS.dir/Core/Src/stm32f4xx_it.c.obj
LOAD CMakeFiles/APEX_NO_GPS.dir/Core/Src/stm32f4xx_hal_msp.c.obj
LOAD CMakeFiles/APEX_NO_GPS.dir/Core/Src/sysmem.c.obj
LOAD CMakeFiles/APEX_NO_GPS.dir/Core/Src/syscalls.c.obj
LOAD CMakeFiles/APEX_NO_GPS.dir/startup_stm32f411xe.s.obj
START GROUP
LOAD C:/ST/STM32CubeCLT_1.15.1/GNU-tools-for-STM32/bin/../lib/gcc/arm-none-eabi/12.3.1/thumb/v7e-m+fp/hard\libgcc.a
LOAD C:/ST/STM32CubeCLT_1.15.1/GNU-tools-for-STM32/bin/../lib/gcc/arm-none-eabi/12.3.1/../../../../arm-none-eabi/lib/thumb/v7e-m+fp/hard\libg_nano.a
LOAD C:/ST/STM32CubeCLT_1.15.1/GNU-tools-for-STM32/bin/../lib/gcc/arm-none-eabi/12.3.1/../../../../arm-none-eabi/lib/thumb/v7e-m+fp/hard\libc_nano.a
END GROUP
START GROUP
LOAD C:/ST/STM32CubeCLT_1.15.1/GNU-tools-for-STM32/bin/../lib/gcc/arm-none-eabi/12.3.1/thumb/v7e-m+fp/hard\libgcc.a
LOAD C:/ST/STM32CubeCLT_1.15.1/GNU-tools-for-STM32/bin/../lib/gcc/arm-none-eabi/12.3.1/../../../../arm-none-eabi/lib/thumb/v7e-m+fp/hard\libc_nano.a
END GROUP
LOAD C:/ST/STM32CubeCLT_1.15.1/GNU-tools-for-STM32/bin/../lib/gcc/arm-none-eabi/12.3.1/thumb/v7e-m+fp/hard/crtend.o
LOAD C:/ST/STM32CubeCLT_1.15.1/GNU-tools-for-STM32/bin/../lib/gcc/arm-none-eabi/12.3.1/thumb/v7e-m+fp/hard/crtn.o
                0x20020000                        _estack = (ORIGIN (RAM) + LENGTH (RAM))
                0x00000200                        _Min_Heap_Size = 0x200
                0x00000400                        _Min_Stack_Size = 0x400

.isr_vector     0x08000000      0x198
                0x08000000                        . = ALIGN (0x4)
 *(.isr_vector)
 .isr_vector    0x08000000      0x198 CMakeFiles/APEX_NO_GPS.dir/startup_stm32f411xe.s.obj
                0x08000000                g_pfnVectors
                0x08000198                        . = ALIGN (0x4)

.text           0x08000198     0xaa38
                0x08000198                        . = ALIGN (0x4)
 *(.text)
 .text          0x08000198       0x40 C:/ST/STM32CubeCLT_1.15.1/GNU-tools-for-STM32/bin/../lib/gcc/arm-none-eabi/12.3.1/thumb/v7e-m+fp/hard/crtbegin.o
 .text          0x080001d8       0x30 C:/ST/STM32CubeCLT_1.15.1/GNU-tools-for-STM32/bin/../lib/gcc/arm-none-eabi/12.3.1/thumb/v7e-m+fp/hard\libgcc.a(_aeabi_uldivmod.o)
                0x080001d8                __aeabi_uldivmod
 .text          0x08000208      0x2bc C:/ST/STM32CubeCLT_1.15.1/GNU-tools-for-STM32/bin/../lib/gcc/arm-none-eabi/12.3.1/thumb/v7e-m+fp/hard\libgcc.a(_udivmoddi4.o)
                0x08000208                __udivmoddi4
 .text          0x080004c4        0x4 C:/ST/STM32CubeCLT_1.15.1/GNU-tools-for-STM32/bin/../lib/gcc/arm-none-eabi/12.3.1/thumb/v7e-m+fp/hard\libgcc.a(_dvmd_tls.o)
                0x080004c4                __aeabi_idiv0
                0x080004c4                __aeabi_ldiv0
 *(.text*)
 .text.memset   0x080004c8       0x10 C:/ST/STM32CubeCLT_1.15.1/GNU-tools-for-STM32/bin/../lib/gcc/arm-none-eabi/12.3.1/../../../../arm-none-eabi/lib/thumb/v7e-m+fp/hard\libc_nano.a(libc_a-memset.o)
                0x080004c8                memset
 .text.__libc_init_array
                0x080004d8       0x48 C:/ST/STM32CubeCLT_1.15.1/GNU-tools-for-STM32/bin/../lib/gcc/arm-none-eabi/12.3.1/../../../../arm-none-eabi/lib/thumb/v7e-m+fp/hard\libc_nano.a(libc_a-init.o)
                0x080004d8                __libc_init_array
 .text.SystemInit
                0x08000520       0x24 cmake/stm32cubemx/CMakeFiles/STM32_Drivers.dir/__/__/Core/Src/system_stm32f4xx.c.obj
                0x08000520                SystemInit
 .text.HAL_PCD_Init
                0x08000544      0x234 cmake/stm32cubemx/CMakeFiles/STM32_Drivers.dir/__/__/Drivers/STM32F4xx_HAL_Driver/Src/stm32f4xx_hal_pcd.c.obj
                0x08000544                HAL_PCD_Init
 .text.HAL_PCD_Start
                0x08000778       0x6a cmake/stm32cubemx/CMakeFiles/STM32_Drivers.dir/__/__/Drivers/STM32F4xx_HAL_Driver/Src/stm32f4xx_hal_pcd.c.obj
                0x08000778                HAL_PCD_Start
 .text.HAL_PCD_IRQHandler
                0x080007e2      0x942 cmake/stm32cubemx/CMakeFiles/STM32_Drivers.dir/__/__/Drivers/STM32F4xx_HAL_Driver/Src/stm32f4xx_hal_pcd.c.obj
                0x080007e2                HAL_PCD_IRQHandler
 .text.HAL_PCD_SetAddress
                0x08001124       0x48 cmake/stm32cubemx/CMakeFiles/STM32_Drivers.dir/__/__/Drivers/STM32F4xx_HAL_Driver/Src/stm32f4xx_hal_pcd.c.obj
                0x08001124                HAL_PCD_SetAddress
 .text.HAL_PCD_EP_Open
                0x0800116c       0xd4 cmake/stm32cubemx/CMakeFiles/STM32_Drivers.dir/__/__/Drivers/STM32F4xx_HAL_Driver/Src/stm32f4xx_hal_pcd.c.obj
                0x0800116c                HAL_PCD_EP_Open
 .text.HAL_PCD_EP_Close
                0x08001240       0x94 cmake/stm32cubemx/CMakeFiles/STM32_Drivers.dir/__/__/Drivers/STM32F4xx_HAL_Driver/Src/stm32f4xx_hal_pcd.c.obj
                0x08001240                HAL_PCD_EP_Close
 .text.HAL_PCD_EP_Receive
                0x080012d4       0x76 cmake/stm32cubemx/CMakeFiles/STM32_Drivers.dir/__/__/Drivers/STM32F4xx_HAL_Driver/Src/stm32f4xx_hal_pcd.c.obj
                0x080012d4                HAL_PCD_EP_Receive
 .text.HAL_PCD_EP_GetRxCount
                0x0800134a       0x30 cmake/stm32cubemx/CMakeFiles/STM32_Drivers.dir/__/__/Drivers/STM32F4xx_HAL_Driver/Src/stm32f4xx_hal_pcd.c.obj
                0x0800134a                HAL_PCD_EP_GetRxCount
 .text.HAL_PCD_EP_Transmit
                0x0800137a       0x74 cmake/stm32cubemx/CMakeFiles/STM32_Drivers.dir/__/__/Drivers/STM32F4xx_HAL_Driver/Src/stm32f4xx_hal_pcd.c.obj
                0x0800137a                HAL_PCD_EP_Transmit
 .text.HAL_PCD_EP_SetStall
                0x080013ee       0xc6 cmake/stm32cubemx/CMakeFiles/STM32_Drivers.dir/__/__/Drivers/STM32F4xx_HAL_Driver/Src/stm32f4xx_hal_pcd.c.obj
                0x080013ee                HAL_PCD_EP_SetStall
 .text.HAL_PCD_EP_ClrStall
                0x080014b4       0xac cmake/stm32cubemx/CMakeFiles/STM32_Drivers.dir/__/__/Drivers/STM32F4xx_HAL_Driver/Src/stm32f4xx_hal_pcd.c.obj
                0x080014b4                HAL_PCD_EP_ClrStall
 .text.HAL_PCD_EP_Abort
                0x08001560       0x62 cmake/stm32cubemx/CMakeFiles/STM32_Drivers.dir/__/__/Drivers/STM32F4xx_HAL_Driver/Src/stm32f4xx_hal_pcd.c.obj
                0x08001560                HAL_PCD_EP_Abort
 .text.PCD_WriteEmptyTxFifo
                0x080015c2      0x118 cmake/stm32cubemx/CMakeFiles/STM32_Drivers.dir/__/__/Drivers/STM32F4xx_HAL_Driver/Src/stm32f4xx_hal_pcd.c.obj
 *fill*         0x080016da        0x2 
 .text.PCD_EP_OutXfrComplete_int
                0x080016dc      0x1d0 cmake/stm32cubemx/CMakeFiles/STM32_Drivers.dir/__/__/Drivers/STM32F4xx_HAL_Driver/Src/stm32f4xx_hal_pcd.c.obj
 .text.PCD_EP_OutSetupPacket_int
                0x080018ac       0x8c cmake/stm32cubemx/CMakeFiles/STM32_Drivers.dir/__/__/Drivers/STM32F4xx_HAL_Driver/Src/stm32f4xx_hal_pcd.c.obj
 .text.HAL_PCDEx_SetTxFiFo
                0x08001938       0x8e cmake/stm32cubemx/CMakeFiles/STM32_Drivers.dir/__/__/Drivers/STM32F4xx_HAL_Driver/Src/stm32f4xx_hal_pcd_ex.c.obj
                0x08001938                HAL_PCDEx_SetTxFiFo
 .text.HAL_PCDEx_SetRxFiFo
                0x080019c6       0x22 cmake/stm32cubemx/CMakeFiles/STM32_Drivers.dir/__/__/Drivers/STM32F4xx_HAL_Driver/Src/stm32f4xx_hal_pcd_ex.c.obj
                0x080019c6                HAL_PCDEx_SetRxFiFo
 .text.HAL_PCDEx_LPM_Callback
                0x080019e8       0x18 cmake/stm32cubemx/CMakeFiles/STM32_Drivers.dir/__/__/Drivers/STM32F4xx_HAL_Driver/Src/stm32f4xx_hal_pcd_ex.c.obj
                0x080019e8                HAL_PCDEx_LPM_Callback
 .text.USB_CoreInit
                0x08001a00       0xc8 cmake/stm32cubemx/CMakeFiles/STM32_Drivers.dir/__/__/Drivers/STM32F4xx_HAL_Driver/Src/stm32f4xx_ll_usb.c.obj
                0x08001a00                USB_CoreInit
 .text.USB_SetTurnaroundTime
                0x08001ac8      0x144 cmake/stm32cubemx/CMakeFiles/STM32_Drivers.dir/__/__/Drivers/STM32F4xx_HAL_Driver/Src/stm32f4xx_ll_usb.c.obj
                0x08001ac8                USB_SetTurnaroundTime
 .text.USB_EnableGlobalInt
                0x08001c0c       0x22 cmake/stm32cubemx/CMakeFiles/STM32_Drivers.dir/__/__/Drivers/STM32F4xx_HAL_Driver/Src/stm32f4xx_ll_usb.c.obj
                0x08001c0c                USB_EnableGlobalInt
 .text.USB_DisableGlobalInt
                0x08001c2e       0x22 cmake/stm32cubemx/CMakeFiles/STM32_Drivers.dir/__/__/Drivers/STM32F4xx_HAL_Driver/Src/stm32f4xx_ll_usb.c.obj
                0x08001c2e                USB_DisableGlobalInt
 .text.USB_SetCurrentMode
                0x08001c50       0x98 cmake/stm32cubemx/CMakeFiles/STM32_Drivers.dir/__/__/Drivers/STM32F4xx_HAL_Driver/Src/stm32f4xx_ll_usb.c.obj
                0x08001c50                USB_SetCurrentMode
 .text.USB_DevInit
                0x08001ce8      0x2c8 cmake/stm32cubemx/CMakeFiles/STM32_Drivers.dir/__/__/Drivers/STM32F4xx_HAL_Driver/Src/stm32f4xx_ll_usb.c.obj
                0x08001ce8                USB_DevInit
 .text.USB_FlushTxFifo
                0x08001fb0       0x64 cmake/stm32cubemx/CMakeFiles/STM32_Drivers.dir/__/__/Drivers/STM32F4xx_HAL_Driver/Src/stm32f4xx_ll_usb.c.obj
                0x08001fb0                USB_FlushTxFifo
 .text.USB_FlushRxFifo
                0x08002014       0x5c cmake/stm32cubemx/CMakeFiles/STM32_Drivers.dir/__/__/Drivers/STM32F4xx_HAL_Driver/Src/stm32f4xx_ll_usb.c.obj
                0x08002014                USB_FlushRxFifo
 .text.USB_SetDevSpeed
                0x08002070       0x32 cmake/stm32cubemx/CMakeFiles/STM32_Drivers.dir/__/__/Drivers/STM32F4xx_HAL_Driver/Src/stm32f4xx_ll_usb.c.obj
                0x08002070                USB_SetDevSpeed
 .text.USB_GetDevSpeed
                0x080020a2       0x4a cmake/stm32cubemx/CMakeFiles/STM32_Drivers.dir/__/__/Drivers/STM32F4xx_HAL_Driver/Src/stm32f4xx_ll_usb.c.obj
                0x080020a2                USB_GetDevSpeed
 .text.USB_ActivateEndpoint
                0x080020ec      0x10e cmake/stm32cubemx/CMakeFiles/STM32_Drivers.dir/__/__/Drivers/STM32F4xx_HAL_Driver/Src/stm32f4xx_ll_usb.c.obj
                0x080020ec                USB_ActivateEndpoint
 *fill*         0x080021fa        0x2 
 .text.USB_DeactivateEndpoint
                0x080021fc      0x1b8 cmake/stm32cubemx/CMakeFiles/STM32_Drivers.dir/__/__/Drivers/STM32F4xx_HAL_Driver/Src/stm32f4xx_ll_usb.c.obj
                0x080021fc                USB_DeactivateEndpoint
 .text.USB_EPStartXfer
                0x080023b4      0x53c cmake/stm32cubemx/CMakeFiles/STM32_Drivers.dir/__/__/Drivers/STM32F4xx_HAL_Driver/Src/stm32f4xx_ll_usb.c.obj
                0x080023b4                USB_EPStartXfer
 .text.USB_EPStopXfer
                0x080028f0      0x154 cmake/stm32cubemx/CMakeFiles/STM32_Drivers.dir/__/__/Drivers/STM32F4xx_HAL_Driver/Src/stm32f4xx_ll_usb.c.obj
                0x080028f0                USB_EPStopXfer
 .text.USB_WritePacket
                0x08002a44       0x7c cmake/stm32cubemx/CMakeFiles/STM32_Drivers.dir/__/__/Drivers/STM32F4xx_HAL_Driver/Src/stm32f4xx_ll_usb.c.obj
                0x08002a44                USB_WritePacket
 .text.USB_ReadPacket
                0x08002ac0       0xb0 cmake/stm32cubemx/CMakeFiles/STM32_Drivers.dir/__/__/Drivers/STM32F4xx_HAL_Driver/Src/stm32f4xx_ll_usb.c.obj
                0x08002ac0                USB_ReadPacket
 .text.USB_EPSetStall
                0x08002b70       0xdc cmake/stm32cubemx/CMakeFiles/STM32_Drivers.dir/__/__/Drivers/STM32F4xx_HAL_Driver/Src/stm32f4xx_ll_usb.c.obj
                0x08002b70                USB_EPSetStall
 .text.USB_EPClearStall
                0x08002c4c       0xcc cmake/stm32cubemx/CMakeFiles/STM32_Drivers.dir/__/__/Drivers/STM32F4xx_HAL_Driver/Src/stm32f4xx_ll_usb.c.obj
                0x08002c4c                USB_EPClearStall
 .text.USB_SetDevAddress
                0x08002d18       0x4c cmake/stm32cubemx/CMakeFiles/STM32_Drivers.dir/__/__/Drivers/STM32F4xx_HAL_Driver/Src/stm32f4xx_ll_usb.c.obj
                0x08002d18                USB_SetDevAddress
 .text.USB_DevConnect
                0x08002d64       0x42 cmake/stm32cubemx/CMakeFiles/STM32_Drivers.dir/__/__/Drivers/STM32F4xx_HAL_Driver/Src/stm32f4xx_ll_usb.c.obj
                0x08002d64                USB_DevConnect
 .text.USB_DevDisconnect
                0x08002da6       0x42 cmake/stm32cubemx/CMakeFiles/STM32_Drivers.dir/__/__/Drivers/STM32F4xx_HAL_Driver/Src/stm32f4xx_ll_usb.c.obj
                0x08002da6                USB_DevDisconnect
 .text.USB_ReadInterrupts
                0x08002de8       0x26 cmake/stm32cubemx/CMakeFiles/STM32_Drivers.dir/__/__/Drivers/STM32F4xx_HAL_Driver/Src/stm32f4xx_ll_usb.c.obj
                0x08002de8                USB_ReadInterrupts
 .text.USB_ReadDevAllOutEpInterrupt
                0x08002e0e       0x34 cmake/stm32cubemx/CMakeFiles/STM32_Drivers.dir/__/__/Drivers/STM32F4xx_HAL_Driver/Src/stm32f4xx_ll_usb.c.obj
                0x08002e0e                USB_ReadDevAllOutEpInterrupt
 .text.USB_ReadDevAllInEpInterrupt
                0x08002e42       0x34 cmake/stm32cubemx/CMakeFiles/STM32_Drivers.dir/__/__/Drivers/STM32F4xx_HAL_Driver/Src/stm32f4xx_ll_usb.c.obj
                0x08002e42                USB_ReadDevAllInEpInterrupt
 .text.USB_ReadDevOutEPInterrupt
                0x08002e76       0x3c cmake/stm32cubemx/CMakeFiles/STM32_Drivers.dir/__/__/Drivers/STM32F4xx_HAL_Driver/Src/stm32f4xx_ll_usb.c.obj
                0x08002e76                USB_ReadDevOutEPInterrupt
 .text.USB_ReadDevInEPInterrupt
                0x08002eb2       0x5c cmake/stm32cubemx/CMakeFiles/STM32_Drivers.dir/__/__/Drivers/STM32F4xx_HAL_Driver/Src/stm32f4xx_ll_usb.c.obj
                0x08002eb2                USB_ReadDevInEPInterrupt
 .text.USB_GetMode
                0x08002f0e       0x1c cmake/stm32cubemx/CMakeFiles/STM32_Drivers.dir/__/__/Drivers/STM32F4xx_HAL_Driver/Src/stm32f4xx_ll_usb.c.obj
                0x08002f0e                USB_GetMode
 .text.USB_ActivateSetup
                0x08002f2a       0x46 cmake/stm32cubemx/CMakeFiles/STM32_Drivers.dir/__/__/Drivers/STM32F4xx_HAL_Driver/Src/stm32f4xx_ll_usb.c.obj
                0x08002f2a                USB_ActivateSetup
 .text.USB_EP0_OutStart
                0x08002f70       0xbc cmake/stm32cubemx/CMakeFiles/STM32_Drivers.dir/__/__/Drivers/STM32F4xx_HAL_Driver/Src/stm32f4xx_ll_usb.c.obj
                0x08002f70                USB_EP0_OutStart
 .text.USB_CoreReset
                0x0800302c       0x70 cmake/stm32cubemx/CMakeFiles/STM32_Drivers.dir/__/__/Drivers/STM32F4xx_HAL_Driver/Src/stm32f4xx_ll_usb.c.obj
 .text.HAL_RCC_OscConfig
                0x0800309c      0x658 cmake/stm32cubemx/CMakeFiles/STM32_Drivers.dir/__/__/Drivers/STM32F4xx_HAL_Driver/Src/stm32f4xx_hal_rcc.c.obj
                0x0800309c                HAL_RCC_OscConfig
 .text.HAL_RCC_ClockConfig
                0x080036f4      0x31c cmake/stm32cubemx/CMakeFiles/STM32_Drivers.dir/__/__/Drivers/STM32F4xx_HAL_Driver/Src/stm32f4xx_hal_rcc.c.obj
                0x080036f4                HAL_RCC_ClockConfig
 .text.HAL_RCC_GetSysClockFreq
                0x08003a10      0x18c cmake/stm32cubemx/CMakeFiles/STM32_Drivers.dir/__/__/Drivers/STM32F4xx_HAL_Driver/Src/stm32f4xx_hal_rcc.c.obj
                0x08003a10                HAL_RCC_GetSysClockFreq
 .text.HAL_RCC_GetHCLKFreq
                0x08003b9c       0x18 cmake/stm32cubemx/CMakeFiles/STM32_Drivers.dir/__/__/Drivers/STM32F4xx_HAL_Driver/Src/stm32f4xx_hal_rcc.c.obj
                0x08003b9c                HAL_RCC_GetHCLKFreq
 .text.HAL_RCC_GetPCLK1Freq
                0x08003bb4       0x28 cmake/stm32cubemx/CMakeFiles/STM32_Drivers.dir/__/__/Drivers/STM32F4xx_HAL_Driver/Src/stm32f4xx_hal_rcc.c.obj
                0x08003bb4                HAL_RCC_GetPCLK1Freq
 .text.HAL_GPIO_Init
                0x08003bdc      0x530 cmake/stm32cubemx/CMakeFiles/STM32_Drivers.dir/__/__/Drivers/STM32F4xx_HAL_Driver/Src/stm32f4xx_hal_gpio.c.obj
                0x08003bdc                HAL_GPIO_Init
 .text.HAL_GPIO_WritePin
                0x0800410c       0x58 cmake/stm32cubemx/CMakeFiles/STM32_Drivers.dir/__/__/Drivers/STM32F4xx_HAL_Driver/Src/stm32f4xx_hal_gpio.c.obj
                0x0800410c                HAL_GPIO_WritePin
 .text.HAL_DMA_Init
                0x08004164      0x434 cmake/stm32cubemx/CMakeFiles/STM32_Drivers.dir/__/__/Drivers/STM32F4xx_HAL_Driver/Src/stm32f4xx_hal_dma.c.obj
                0x08004164                HAL_DMA_Init
 .text.HAL_DMA_IRQHandler
                0x08004598      0x314 cmake/stm32cubemx/CMakeFiles/STM32_Drivers.dir/__/__/Drivers/STM32F4xx_HAL_Driver/Src/stm32f4xx_hal_dma.c.obj
                0x08004598                HAL_DMA_IRQHandler
 .text.DMA_CalcBaseAndBitshift
                0x080048ac       0x6c cmake/stm32cubemx/CMakeFiles/STM32_Drivers.dir/__/__/Drivers/STM32F4xx_HAL_Driver/Src/stm32f4xx_hal_dma.c.obj
 .text.DMA_CheckFifoParam
                0x08004918       0xf8 cmake/stm32cubemx/CMakeFiles/STM32_Drivers.dir/__/__/Drivers/STM32F4xx_HAL_Driver/Src/stm32f4xx_hal_dma.c.obj
 .text.__NVIC_SetPriorityGrouping
                0x08004a10       0x48 cmake/stm32cubemx/CMakeFiles/STM32_Drivers.dir/__/__/Drivers/STM32F4xx_HAL_Driver/Src/stm32f4xx_hal_cortex.c.obj
 .text.__NVIC_GetPriorityGrouping
                0x08004a58       0x1c cmake/stm32cubemx/CMakeFiles/STM32_Drivers.dir/__/__/Drivers/STM32F4xx_HAL_Driver/Src/stm32f4xx_hal_cortex.c.obj
 .text.__NVIC_EnableIRQ
                0x08004a74       0x3c cmake/stm32cubemx/CMakeFiles/STM32_Drivers.dir/__/__/Drivers/STM32F4xx_HAL_Driver/Src/stm32f4xx_hal_cortex.c.obj
 .text.__NVIC_SetPriority
                0x08004ab0       0x54 cmake/stm32cubemx/CMakeFiles/STM32_Drivers.dir/__/__/Drivers/STM32F4xx_HAL_Driver/Src/stm32f4xx_hal_cortex.c.obj
 .text.NVIC_EncodePriority
                0x08004b04       0x66 cmake/stm32cubemx/CMakeFiles/STM32_Drivers.dir/__/__/Drivers/STM32F4xx_HAL_Driver/Src/stm32f4xx_hal_cortex.c.obj
 *fill*         0x08004b6a        0x2 
 .text.SysTick_Config
                0x08004b6c       0x44 cmake/stm32cubemx/CMakeFiles/STM32_Drivers.dir/__/__/Drivers/STM32F4xx_HAL_Driver/Src/stm32f4xx_hal_cortex.c.obj
 .text.HAL_NVIC_SetPriorityGrouping
                0x08004bb0       0x40 cmake/stm32cubemx/CMakeFiles/STM32_Drivers.dir/__/__/Drivers/STM32F4xx_HAL_Driver/Src/stm32f4xx_hal_cortex.c.obj
                0x08004bb0                HAL_NVIC_SetPriorityGrouping
 .text.HAL_NVIC_SetPriority
                0x08004bf0       0x58 cmake/stm32cubemx/CMakeFiles/STM32_Drivers.dir/__/__/Drivers/STM32F4xx_HAL_Driver/Src/stm32f4xx_hal_cortex.c.obj
                0x08004bf0                HAL_NVIC_SetPriority
 .text.HAL_NVIC_EnableIRQ
                0x08004c48       0x30 cmake/stm32cubemx/CMakeFiles/STM32_Drivers.dir/__/__/Drivers/STM32F4xx_HAL_Driver/Src/stm32f4xx_hal_cortex.c.obj
                0x08004c48                HAL_NVIC_EnableIRQ
 .text.HAL_SYSTICK_Config
                0x08004c78       0x18 cmake/stm32cubemx/CMakeFiles/STM32_Drivers.dir/__/__/Drivers/STM32F4xx_HAL_Driver/Src/stm32f4xx_hal_cortex.c.obj
                0x08004c78                HAL_SYSTICK_Config
 .text.HAL_Init
                0x08004c90       0x44 cmake/stm32cubemx/CMakeFiles/STM32_Drivers.dir/__/__/Drivers/STM32F4xx_HAL_Driver/Src/stm32f4xx_hal.c.obj
                0x08004c90                HAL_Init
 .text.HAL_InitTick
                0x08004cd4       0x60 cmake/stm32cubemx/CMakeFiles/STM32_Drivers.dir/__/__/Drivers/STM32F4xx_HAL_Driver/Src/stm32f4xx_hal.c.obj
                0x08004cd4                HAL_InitTick
 .text.HAL_IncTick
                0x08004d34       0x28 cmake/stm32cubemx/CMakeFiles/STM32_Drivers.dir/__/__/Drivers/STM32F4xx_HAL_Driver/Src/stm32f4xx_hal.c.obj
                0x08004d34                HAL_IncTick
 .text.HAL_GetTick
                0x08004d5c       0x18 cmake/stm32cubemx/CMakeFiles/STM32_Drivers.dir/__/__/Drivers/STM32F4xx_HAL_Driver/Src/stm32f4xx_hal.c.obj
                0x08004d5c                HAL_GetTick
 .text.HAL_Delay
                0x08004d74       0x48 cmake/stm32cubemx/CMakeFiles/STM32_Drivers.dir/__/__/Drivers/STM32F4xx_HAL_Driver/Src/stm32f4xx_hal.c.obj
                0x08004d74                HAL_Delay
 .text.HAL_ADC_Init
                0x08004dbc      0x2bc cmake/stm32cubemx/CMakeFiles/STM32_Drivers.dir/__/__/Drivers/STM32F4xx_HAL_Driver/Src/stm32f4xx_hal_adc.c.obj
                0x08004dbc                HAL_ADC_Init
 .text.HAL_ADC_ConfigChannel
                0x08005078      0x2ec cmake/stm32cubemx/CMakeFiles/STM32_Drivers.dir/__/__/Drivers/STM32F4xx_HAL_Driver/Src/stm32f4xx_hal_adc.c.obj
                0x08005078                HAL_ADC_ConfigChannel
 .text.ADC_Init
                0x08005364      0x214 cmake/stm32cubemx/CMakeFiles/STM32_Drivers.dir/__/__/Drivers/STM32F4xx_HAL_Driver/Src/stm32f4xx_hal_adc.c.obj
 .text.HAL_I2C_Init
                0x08005578      0x390 cmake/stm32cubemx/CMakeFiles/STM32_Drivers.dir/__/__/Drivers/STM32F4xx_HAL_Driver/Src/stm32f4xx_hal_i2c.c.obj
                0x08005578                HAL_I2C_Init
 .text.HAL_SPI_Init
                0x08005908      0x338 cmake/stm32cubemx/CMakeFiles/STM32_Drivers.dir/__/__/Drivers/STM32F4xx_HAL_Driver/Src/stm32f4xx_hal_spi.c.obj
                0x08005908                HAL_SPI_Init
 .text.HAL_TIM_Base_Init
                0x08005c40      0x1dc cmake/stm32cubemx/CMakeFiles/STM32_Drivers.dir/__/__/Drivers/STM32F4xx_HAL_Driver/Src/stm32f4xx_hal_tim.c.obj
                0x08005c40                HAL_TIM_Base_Init
 .text.HAL_TIM_PWM_Init
                0x08005e1c      0x1dc cmake/stm32cubemx/CMakeFiles/STM32_Drivers.dir/__/__/Drivers/STM32F4xx_HAL_Driver/Src/stm32f4xx_hal_tim.c.obj
                0x08005e1c                HAL_TIM_PWM_Init
 .text.HAL_TIM_PWM_MspInit
                0x08005ff8       0x14 cmake/stm32cubemx/CMakeFiles/STM32_Drivers.dir/__/__/Drivers/STM32F4xx_HAL_Driver/Src/stm32f4xx_hal_tim.c.obj
                0x08005ff8                HAL_TIM_PWM_MspInit
 .text.HAL_TIM_PWM_ConfigChannel
                0x0800600c      0x34c cmake/stm32cubemx/CMakeFiles/STM32_Drivers.dir/__/__/Drivers/STM32F4xx_HAL_Driver/Src/stm32f4xx_hal_tim.c.obj
                0x0800600c                HAL_TIM_PWM_ConfigChannel
 .text.HAL_TIM_ConfigClockSource
                0x08006358      0x620 cmake/stm32cubemx/CMakeFiles/STM32_Drivers.dir/__/__/Drivers/STM32F4xx_HAL_Driver/Src/stm32f4xx_hal_tim.c.obj
                0x08006358                HAL_TIM_ConfigClockSource
 .text.TIM_Base_SetConfig
                0x08006978      0x10c cmake/stm32cubemx/CMakeFiles/STM32_Drivers.dir/__/__/Drivers/STM32F4xx_HAL_Driver/Src/stm32f4xx_hal_tim.c.obj
                0x08006978                TIM_Base_SetConfig
 .text.TIM_OC1_SetConfig
                0x08006a84      0x120 cmake/stm32cubemx/CMakeFiles/STM32_Drivers.dir/__/__/Drivers/STM32F4xx_HAL_Driver/Src/stm32f4xx_hal_tim.c.obj
 .text.TIM_OC2_SetConfig
                0x08006ba4      0x128 cmake/stm32cubemx/CMakeFiles/STM32_Drivers.dir/__/__/Drivers/STM32F4xx_HAL_Driver/Src/stm32f4xx_hal_tim.c.obj
                0x08006ba4                TIM_OC2_SetConfig
 .text.TIM_OC3_SetConfig
                0x08006ccc      0x128 cmake/stm32cubemx/CMakeFiles/STM32_Drivers.dir/__/__/Drivers/STM32F4xx_HAL_Driver/Src/stm32f4xx_hal_tim.c.obj
 .text.TIM_OC4_SetConfig
                0x08006df4       0xbc cmake/stm32cubemx/CMakeFiles/STM32_Drivers.dir/__/__/Drivers/STM32F4xx_HAL_Driver/Src/stm32f4xx_hal_tim.c.obj
 .text.TIM_TI1_ConfigInputStage
                0x08006eb0       0x5e cmake/stm32cubemx/CMakeFiles/STM32_Drivers.dir/__/__/Drivers/STM32F4xx_HAL_Driver/Src/stm32f4xx_hal_tim.c.obj
 .text.TIM_TI2_ConfigInputStage
                0x08006f0e       0x60 cmake/stm32cubemx/CMakeFiles/STM32_Drivers.dir/__/__/Drivers/STM32F4xx_HAL_Driver/Src/stm32f4xx_hal_tim.c.obj
 .text.TIM_ITRx_SetConfig
                0x08006f6e       0x36 cmake/stm32cubemx/CMakeFiles/STM32_Drivers.dir/__/__/Drivers/STM32F4xx_HAL_Driver/Src/stm32f4xx_hal_tim.c.obj
 .text.TIM_ETR_SetConfig
                0x08006fa4       0x40 cmake/stm32cubemx/CMakeFiles/STM32_Drivers.dir/__/__/Drivers/STM32F4xx_HAL_Driver/Src/stm32f4xx_hal_tim.c.obj
                0x08006fa4                TIM_ETR_SetConfig
 .text.HAL_TIMEx_MasterConfigSynchronization
                0x08006fe4      0x17c cmake/stm32cubemx/CMakeFiles/STM32_Drivers.dir/__/__/Drivers/STM32F4xx_HAL_Driver/Src/stm32f4xx_hal_tim_ex.c.obj
                0x08006fe4                HAL_TIMEx_MasterConfigSynchronization
 .text.USBD_Init
                0x08007160       0x60 cmake/stm32cubemx/CMakeFiles/USB_Device_Library.dir/__/__/Middlewares/ST/STM32_USB_Device_Library/Core/Src/usbd_core.c.obj
                0x08007160                USBD_Init
 .text.USBD_RegisterClass
                0x080071c0       0x6c cmake/stm32cubemx/CMakeFiles/USB_Device_Library.dir/__/__/Middlewares/ST/STM32_USB_Device_Library/Core/Src/usbd_core.c.obj
                0x080071c0                USBD_RegisterClass
 .text.USBD_Start
                0x0800722c       0x18 cmake/stm32cubemx/CMakeFiles/USB_Device_Library.dir/__/__/Middlewares/ST/STM32_USB_Device_Library/Core/Src/usbd_core.c.obj
                0x0800722c                USBD_Start
 .text.USBD_RunTestMode
                0x08007244       0x16 cmake/stm32cubemx/CMakeFiles/USB_Device_Library.dir/__/__/Middlewares/ST/STM32_USB_Device_Library/Core/Src/usbd_core.c.obj
                0x08007244                USBD_RunTestMode
 .text.USBD_SetClassConfig
                0x0800725a       0x38 cmake/stm32cubemx/CMakeFiles/USB_Device_Library.dir/__/__/Middlewares/ST/STM32_USB_Device_Library/Core/Src/usbd_core.c.obj
                0x0800725a                USBD_SetClassConfig
 .text.USBD_ClrClassConfig
                0x08007292       0x34 cmake/stm32cubemx/CMakeFiles/USB_Device_Library.dir/__/__/Middlewares/ST/STM32_USB_Device_Library/Core/Src/usbd_core.c.obj
                0x08007292                USBD_ClrClassConfig
 .text.USBD_LL_SetupStage
                0x080072c6       0xaa cmake/stm32cubemx/CMakeFiles/USB_Device_Library.dir/__/__/Middlewares/ST/STM32_USB_Device_Library/Core/Src/usbd_core.c.obj
                0x080072c6                USBD_LL_SetupStage
 .text.USBD_LL_DataOutStage
                0x08007370      0x178 cmake/stm32cubemx/CMakeFiles/USB_Device_Library.dir/__/__/Middlewares/ST/STM32_USB_Device_Library/Core/Src/usbd_core.c.obj
                0x08007370                USBD_LL_DataOutStage
 .text.USBD_LL_DataInStage
                0x080074e8      0x176 cmake/stm32cubemx/CMakeFiles/USB_Device_Library.dir/__/__/Middlewares/ST/STM32_USB_Device_Library/Core/Src/usbd_core.c.obj
                0x080074e8                USBD_LL_DataInStage
 .text.USBD_LL_Reset
                0x0800765e       0xa6 cmake/stm32cubemx/CMakeFiles/USB_Device_Library.dir/__/__/Middlewares/ST/STM32_USB_Device_Library/Core/Src/usbd_core.c.obj
                0x0800765e                USBD_LL_Reset
 .text.USBD_LL_SetSpeed
                0x08007704       0x20 cmake/stm32cubemx/CMakeFiles/USB_Device_Library.dir/__/__/Middlewares/ST/STM32_USB_Device_Library/Core/Src/usbd_core.c.obj
                0x08007704                USBD_LL_SetSpeed
 .text.USBD_LL_Suspend
                0x08007724       0x38 cmake/stm32cubemx/CMakeFiles/USB_Device_Library.dir/__/__/Middlewares/ST/STM32_USB_Device_Library/Core/Src/usbd_core.c.obj
                0x08007724                USBD_LL_Suspend
 .text.USBD_LL_Resume
                0x0800775c       0x30 cmake/stm32cubemx/CMakeFiles/USB_Device_Library.dir/__/__/Middlewares/ST/STM32_USB_Device_Library/Core/Src/usbd_core.c.obj
                0x0800775c                USBD_LL_Resume
 .text.USBD_LL_SOF
                0x0800778c       0x40 cmake/stm32cubemx/CMakeFiles/USB_Device_Library.dir/__/__/Middlewares/ST/STM32_USB_Device_Library/Core/Src/usbd_core.c.obj
                0x0800778c                USBD_LL_SOF
 .text.USBD_LL_IsoINIncomplete
                0x080077cc       0x64 cmake/stm32cubemx/CMakeFiles/USB_Device_Library.dir/__/__/Middlewares/ST/STM32_USB_Device_Library/Core/Src/usbd_core.c.obj
                0x080077cc                USBD_LL_IsoINIncomplete
 .text.USBD_LL_IsoOUTIncomplete
                0x08007830       0x64 cmake/stm32cubemx/CMakeFiles/USB_Device_Library.dir/__/__/Middlewares/ST/STM32_USB_Device_Library/Core/Src/usbd_core.c.obj
                0x08007830                USBD_LL_IsoOUTIncomplete
 .text.USBD_LL_DevConnected
                0x08007894       0x16 cmake/stm32cubemx/CMakeFiles/USB_Device_Library.dir/__/__/Middlewares/ST/STM32_USB_Device_Library/Core/Src/usbd_core.c.obj
                0x08007894                USBD_LL_DevConnected
 .text.USBD_LL_DevDisconnected
                0x080078aa       0x46 cmake/stm32cubemx/CMakeFiles/USB_Device_Library.dir/__/__/Middlewares/ST/STM32_USB_Device_Library/Core/Src/usbd_core.c.obj
                0x080078aa                USBD_LL_DevDisconnected
 .text.USBD_CoreFindIF
                0x080078f0       0x1a cmake/stm32cubemx/CMakeFiles/USB_Device_Library.dir/__/__/Middlewares/ST/STM32_USB_Device_Library/Core/Src/usbd_core.c.obj
                0x080078f0                USBD_CoreFindIF
 .text.USBD_CoreFindEP
                0x0800790a       0x1a cmake/stm32cubemx/CMakeFiles/USB_Device_Library.dir/__/__/Middlewares/ST/STM32_USB_Device_Library/Core/Src/usbd_core.c.obj
                0x0800790a                USBD_CoreFindEP
 .text.USBD_GetEpDesc
                0x08007924       0x70 cmake/stm32cubemx/CMakeFiles/USB_Device_Library.dir/__/__/Middlewares/ST/STM32_USB_Device_Library/Core/Src/usbd_core.c.obj
                0x08007924                USBD_GetEpDesc
 .text.USBD_GetNextDesc
                0x08007994       0x38 cmake/stm32cubemx/CMakeFiles/USB_Device_Library.dir/__/__/Middlewares/ST/STM32_USB_Device_Library/Core/Src/usbd_core.c.obj
                0x08007994                USBD_GetNextDesc
 .text.SWAPBYTE
                0x080079cc       0x3c cmake/stm32cubemx/CMakeFiles/USB_Device_Library.dir/__/__/Middlewares/ST/STM32_USB_Device_Library/Core/Src/usbd_ctlreq.c.obj
 .text.USBD_StdDevReq
                0x08007a08       0xe4 cmake/stm32cubemx/CMakeFiles/USB_Device_Library.dir/__/__/Middlewares/ST/STM32_USB_Device_Library/Core/Src/usbd_ctlreq.c.obj
                0x08007a08                USBD_StdDevReq
 .text.USBD_StdItfReq
                0x08007aec       0xd8 cmake/stm32cubemx/CMakeFiles/USB_Device_Library.dir/__/__/Middlewares/ST/STM32_USB_Device_Library/Core/Src/usbd_ctlreq.c.obj
                0x08007aec                USBD_StdItfReq
 .text.USBD_StdEPReq
                0x08007bc4      0x33e cmake/stm32cubemx/CMakeFiles/USB_Device_Library.dir/__/__/Middlewares/ST/STM32_USB_Device_Library/Core/Src/usbd_ctlreq.c.obj
                0x08007bc4                USBD_StdEPReq
 *fill*         0x08007f02        0x2 
 .text.USBD_GetDescriptor
                0x08007f04      0x2d4 cmake/stm32cubemx/CMakeFiles/USB_Device_Library.dir/__/__/Middlewares/ST/STM32_USB_Device_Library/Core/Src/usbd_ctlreq.c.obj
 .text.USBD_SetAddress
                0x080081d8       0x88 cmake/stm32cubemx/CMakeFiles/USB_Device_Library.dir/__/__/Middlewares/ST/STM32_USB_Device_Library/Core/Src/usbd_ctlreq.c.obj
 .text.USBD_SetConfig
                0x08008260      0x154 cmake/stm32cubemx/CMakeFiles/USB_Device_Library.dir/__/__/Middlewares/ST/STM32_USB_Device_Library/Core/Src/usbd_ctlreq.c.obj
 .text.USBD_GetConfig
                0x080083b4       0x6c cmake/stm32cubemx/CMakeFiles/USB_Device_Library.dir/__/__/Middlewares/ST/STM32_USB_Device_Library/Core/Src/usbd_ctlreq.c.obj
 .text.USBD_GetStatus
                0x08008420       0x68 cmake/stm32cubemx/CMakeFiles/USB_Device_Library.dir/__/__/Middlewares/ST/STM32_USB_Device_Library/Core/Src/usbd_ctlreq.c.obj
 .text.USBD_SetFeature
                0x08008488       0x52 cmake/stm32cubemx/CMakeFiles/USB_Device_Library.dir/__/__/Middlewares/ST/STM32_USB_Device_Library/Core/Src/usbd_ctlreq.c.obj
 .text.USBD_ClrFeature
                0x080084da       0x44 cmake/stm32cubemx/CMakeFiles/USB_Device_Library.dir/__/__/Middlewares/ST/STM32_USB_Device_Library/Core/Src/usbd_ctlreq.c.obj
 .text.USBD_ParseSetupRequest
                0x0800851e       0x74 cmake/stm32cubemx/CMakeFiles/USB_Device_Library.dir/__/__/Middlewares/ST/STM32_USB_Device_Library/Core/Src/usbd_ctlreq.c.obj
                0x0800851e                USBD_ParseSetupRequest
 .text.USBD_CtlError
                0x08008592       0x22 cmake/stm32cubemx/CMakeFiles/USB_Device_Library.dir/__/__/Middlewares/ST/STM32_USB_Device_Library/Core/Src/usbd_ctlreq.c.obj
                0x08008592                USBD_CtlError
 .text.USBD_GetString
                0x080085b4       0xa4 cmake/stm32cubemx/CMakeFiles/USB_Device_Library.dir/__/__/Middlewares/ST/STM32_USB_Device_Library/Core/Src/usbd_ctlreq.c.obj
                0x080085b4                USBD_GetString
 .text.USBD_GetLen
                0x08008658       0x34 cmake/stm32cubemx/CMakeFiles/USB_Device_Library.dir/__/__/Middlewares/ST/STM32_USB_Device_Library/Core/Src/usbd_ctlreq.c.obj
 .text.USBD_CtlSendData
                0x0800868c       0x3c cmake/stm32cubemx/CMakeFiles/USB_Device_Library.dir/__/__/Middlewares/ST/STM32_USB_Device_Library/Core/Src/usbd_ioreq.c.obj
                0x0800868c                USBD_CtlSendData
 .text.USBD_CtlContinueSendData
                0x080086c8       0x22 cmake/stm32cubemx/CMakeFiles/USB_Device_Library.dir/__/__/Middlewares/ST/STM32_USB_Device_Library/Core/Src/usbd_ioreq.c.obj
                0x080086c8                USBD_CtlContinueSendData
 .text.USBD_CtlPrepareRx
                0x080086ea       0x42 cmake/stm32cubemx/CMakeFiles/USB_Device_Library.dir/__/__/Middlewares/ST/STM32_USB_Device_Library/Core/Src/usbd_ioreq.c.obj
                0x080086ea                USBD_CtlPrepareRx
 .text.USBD_CtlContinueRx
                0x0800872c       0x22 cmake/stm32cubemx/CMakeFiles/USB_Device_Library.dir/__/__/Middlewares/ST/STM32_USB_Device_Library/Core/Src/usbd_ioreq.c.obj
                0x0800872c                USBD_CtlContinueRx
 .text.USBD_CtlSendStatus
                0x0800874e       0x26 cmake/stm32cubemx/CMakeFiles/USB_Device_Library.dir/__/__/Middlewares/ST/STM32_USB_Device_Library/Core/Src/usbd_ioreq.c.obj
                0x0800874e                USBD_CtlSendStatus
 .text.USBD_CtlReceiveStatus
                0x08008774       0x26 cmake/stm32cubemx/CMakeFiles/USB_Device_Library.dir/__/__/Middlewares/ST/STM32_USB_Device_Library/Core/Src/usbd_ioreq.c.obj
                0x08008774                USBD_CtlReceiveStatus
 *fill*         0x0800879a        0x2 
 .text.USBD_CDC_Init
                0x0800879c      0x1f0 cmake/stm32cubemx/CMakeFiles/USB_Device_Library.dir/__/__/Middlewares/ST/STM32_USB_Device_Library/Class/CDC/Src/usbd_cdc.c.obj
 .text.USBD_CDC_DeInit
                0x0800898c      0x104 cmake/stm32cubemx/CMakeFiles/USB_Device_Library.dir/__/__/Middlewares/ST/STM32_USB_Device_Library/Class/CDC/Src/usbd_cdc.c.obj
 .text.USBD_CDC_Setup
                0x08008a90      0x1b8 cmake/stm32cubemx/CMakeFiles/USB_Device_Library.dir/__/__/Middlewares/ST/STM32_USB_Device_Library/Class/CDC/Src/usbd_cdc.c.obj
 .text.USBD_CDC_DataIn
                0x08008c48       0xfe cmake/stm32cubemx/CMakeFiles/USB_Device_Library.dir/__/__/Middlewares/ST/STM32_USB_Device_Library/Class/CDC/Src/usbd_cdc.c.obj
 .text.USBD_CDC_DataOut
                0x08008d46       0x70 cmake/stm32cubemx/CMakeFiles/USB_Device_Library.dir/__/__/Middlewares/ST/STM32_USB_Device_Library/Class/CDC/Src/usbd_cdc.c.obj
 .text.USBD_CDC_EP0_RxReady
                0x08008db6       0x74 cmake/stm32cubemx/CMakeFiles/USB_Device_Library.dir/__/__/Middlewares/ST/STM32_USB_Device_Library/Class/CDC/Src/usbd_cdc.c.obj
 *fill*         0x08008e2a        0x2 
 .text.USBD_CDC_GetFSCfgDesc
                0x08008e2c       0x70 cmake/stm32cubemx/CMakeFiles/USB_Device_Library.dir/__/__/Middlewares/ST/STM32_USB_Device_Library/Class/CDC/Src/usbd_cdc.c.obj
 .text.USBD_CDC_GetHSCfgDesc
                0x08008e9c       0x70 cmake/stm32cubemx/CMakeFiles/USB_Device_Library.dir/__/__/Middlewares/ST/STM32_USB_Device_Library/Class/CDC/Src/usbd_cdc.c.obj
 .text.USBD_CDC_GetOtherSpeedCfgDesc
                0x08008f0c       0x70 cmake/stm32cubemx/CMakeFiles/USB_Device_Library.dir/__/__/Middlewares/ST/STM32_USB_Device_Library/Class/CDC/Src/usbd_cdc.c.obj
 .text.USBD_CDC_GetDeviceQualifierDescriptor
                0x08008f7c       0x20 cmake/stm32cubemx/CMakeFiles/USB_Device_Library.dir/__/__/Middlewares/ST/STM32_USB_Device_Library/Class/CDC/Src/usbd_cdc.c.obj
                0x08008f7c                USBD_CDC_GetDeviceQualifierDescriptor
 .text.USBD_CDC_RegisterInterface
                0x08008f9c       0x34 cmake/stm32cubemx/CMakeFiles/USB_Device_Library.dir/__/__/Middlewares/ST/STM32_USB_Device_Library/Class/CDC/Src/usbd_cdc.c.obj
                0x08008f9c                USBD_CDC_RegisterInterface
 .text.USBD_CDC_SetTxBuffer
                0x08008fd0       0x44 cmake/stm32cubemx/CMakeFiles/USB_Device_Library.dir/__/__/Middlewares/ST/STM32_USB_Device_Library/Class/CDC/Src/usbd_cdc.c.obj
                0x08008fd0                USBD_CDC_SetTxBuffer
 .text.USBD_CDC_SetRxBuffer
                0x08009014       0x3a cmake/stm32cubemx/CMakeFiles/USB_Device_Library.dir/__/__/Middlewares/ST/STM32_USB_Device_Library/Class/CDC/Src/usbd_cdc.c.obj
                0x08009014                USBD_CDC_SetRxBuffer
 *fill*         0x0800904e        0x2 
 .text.USBD_CDC_ReceivePacket
                0x08009050       0x6c cmake/stm32cubemx/CMakeFiles/USB_Device_Library.dir/__/__/Middlewares/ST/STM32_USB_Device_Library/Class/CDC/Src/usbd_cdc.c.obj
                0x08009050                USBD_CDC_ReceivePacket
 .text.HAL_PCD_MspInit
                0x080090bc       0xa8 CMakeFiles/APEX_NO_GPS.dir/USB_DEVICE/Target/usbd_conf.c.obj
                0x080090bc                HAL_PCD_MspInit
 .text.HAL_PCD_SetupStageCallback
                0x08009164       0x24 CMakeFiles/APEX_NO_GPS.dir/USB_DEVICE/Target/usbd_conf.c.obj
                0x08009164                HAL_PCD_SetupStageCallback
 .text.HAL_PCD_DataOutStageCallback
                0x08009188       0x36 CMakeFiles/APEX_NO_GPS.dir/USB_DEVICE/Target/usbd_conf.c.obj
                0x08009188                HAL_PCD_DataOutStageCallback
 .text.HAL_PCD_DataInStageCallback
                0x080091be       0x34 CMakeFiles/APEX_NO_GPS.dir/USB_DEVICE/Target/usbd_conf.c.obj
                0x080091be                HAL_PCD_DataInStageCallback
 .text.HAL_PCD_SOFCallback
                0x080091f2       0x1c CMakeFiles/APEX_NO_GPS.dir/USB_DEVICE/Target/usbd_conf.c.obj
                0x080091f2                HAL_PCD_SOFCallback
 .text.HAL_PCD_ResetCallback
                0x0800920e       0x3c CMakeFiles/APEX_NO_GPS.dir/USB_DEVICE/Target/usbd_conf.c.obj
                0x0800920e                HAL_PCD_ResetCallback
 *fill*         0x0800924a        0x2 
 .text.HAL_PCD_SuspendCallback
                0x0800924c       0x4c CMakeFiles/APEX_NO_GPS.dir/USB_DEVICE/Target/usbd_conf.c.obj
                0x0800924c                HAL_PCD_SuspendCallback
 .text.HAL_PCD_ResumeCallback
                0x08009298       0x1c CMakeFiles/APEX_NO_GPS.dir/USB_DEVICE/Target/usbd_conf.c.obj
                0x08009298                HAL_PCD_ResumeCallback
 .text.HAL_PCD_ISOOUTIncompleteCallback
                0x080092b4       0x24 CMakeFiles/APEX_NO_GPS.dir/USB_DEVICE/Target/usbd_conf.c.obj
                0x080092b4                HAL_PCD_ISOOUTIncompleteCallback
 .text.HAL_PCD_ISOINIncompleteCallback
                0x080092d8       0x24 CMakeFiles/APEX_NO_GPS.dir/USB_DEVICE/Target/usbd_conf.c.obj
                0x080092d8                HAL_PCD_ISOINIncompleteCallback
 .text.HAL_PCD_ConnectCallback
                0x080092fc       0x1c CMakeFiles/APEX_NO_GPS.dir/USB_DEVICE/Target/usbd_conf.c.obj
                0x080092fc                HAL_PCD_ConnectCallback
 .text.HAL_PCD_DisconnectCallback
                0x08009318       0x1c CMakeFiles/APEX_NO_GPS.dir/USB_DEVICE/Target/usbd_conf.c.obj
                0x08009318                HAL_PCD_DisconnectCallback
 .text.USBD_LL_Init
                0x08009334       0x98 CMakeFiles/APEX_NO_GPS.dir/USB_DEVICE/Target/usbd_conf.c.obj
                0x08009334                USBD_LL_Init
 .text.USBD_LL_Start
                0x080093cc       0x36 CMakeFiles/APEX_NO_GPS.dir/USB_DEVICE/Target/usbd_conf.c.obj
                0x080093cc                USBD_LL_Start
 .text.USBD_LL_OpenEP
                0x08009402       0x4c CMakeFiles/APEX_NO_GPS.dir/USB_DEVICE/Target/usbd_conf.c.obj
                0x08009402                USBD_LL_OpenEP
 .text.USBD_LL_CloseEP
                0x0800944e       0x3e CMakeFiles/APEX_NO_GPS.dir/USB_DEVICE/Target/usbd_conf.c.obj
                0x0800944e                USBD_LL_CloseEP
 .text.USBD_LL_StallEP
                0x0800948c       0x3e CMakeFiles/APEX_NO_GPS.dir/USB_DEVICE/Target/usbd_conf.c.obj
                0x0800948c                USBD_LL_StallEP
 .text.USBD_LL_ClearStallEP
                0x080094ca       0x3e CMakeFiles/APEX_NO_GPS.dir/USB_DEVICE/Target/usbd_conf.c.obj
                0x080094ca                USBD_LL_ClearStallEP
 .text.USBD_LL_IsStallEP
                0x08009508       0x58 CMakeFiles/APEX_NO_GPS.dir/USB_DEVICE/Target/usbd_conf.c.obj
                0x08009508                USBD_LL_IsStallEP
 .text.USBD_LL_SetUSBAddress
                0x08009560       0x3e CMakeFiles/APEX_NO_GPS.dir/USB_DEVICE/Target/usbd_conf.c.obj
                0x08009560                USBD_LL_SetUSBAddress
 .text.USBD_LL_Transmit
                0x0800959e       0x42 CMakeFiles/APEX_NO_GPS.dir/USB_DEVICE/Target/usbd_conf.c.obj
                0x0800959e                USBD_LL_Transmit
 .text.USBD_LL_PrepareReceive
                0x080095e0       0x42 CMakeFiles/APEX_NO_GPS.dir/USB_DEVICE/Target/usbd_conf.c.obj
                0x080095e0                USBD_LL_PrepareReceive
 .text.USBD_LL_GetRxDataSize
                0x08009622       0x26 CMakeFiles/APEX_NO_GPS.dir/USB_DEVICE/Target/usbd_conf.c.obj
                0x08009622                USBD_LL_GetRxDataSize
 .text.USBD_static_malloc
                0x08009648       0x1c CMakeFiles/APEX_NO_GPS.dir/USB_DEVICE/Target/usbd_conf.c.obj
                0x08009648                USBD_static_malloc
 .text.USBD_static_free
                0x08009664       0x14 CMakeFiles/APEX_NO_GPS.dir/USB_DEVICE/Target/usbd_conf.c.obj
                0x08009664                USBD_static_free
 .text.USBD_Get_USB_Status
                0x08009678       0x58 CMakeFiles/APEX_NO_GPS.dir/USB_DEVICE/Target/usbd_conf.c.obj
                0x08009678                USBD_Get_USB_Status
 .text.MX_USB_DEVICE_Init
                0x080096d0       0x60 CMakeFiles/APEX_NO_GPS.dir/USB_DEVICE/App/usb_device.c.obj
                0x080096d0                MX_USB_DEVICE_Init
 .text.USBD_FS_DeviceDescriptor
                0x08009730       0x24 CMakeFiles/APEX_NO_GPS.dir/USB_DEVICE/App/usbd_desc.c.obj
                0x08009730                USBD_FS_DeviceDescriptor
 .text.USBD_FS_LangIDStrDescriptor
                0x08009754       0x24 CMakeFiles/APEX_NO_GPS.dir/USB_DEVICE/App/usbd_desc.c.obj
                0x08009754                USBD_FS_LangIDStrDescriptor
 .text.USBD_FS_ProductStrDescriptor
                0x08009778       0x3c CMakeFiles/APEX_NO_GPS.dir/USB_DEVICE/App/usbd_desc.c.obj
                0x08009778                USBD_FS_ProductStrDescriptor
 .text.USBD_FS_ManufacturerStrDescriptor
                0x080097b4       0x28 CMakeFiles/APEX_NO_GPS.dir/USB_DEVICE/App/usbd_desc.c.obj
                0x080097b4                USBD_FS_ManufacturerStrDescriptor
 .text.USBD_FS_SerialStrDescriptor
                0x080097dc       0x24 CMakeFiles/APEX_NO_GPS.dir/USB_DEVICE/App/usbd_desc.c.obj
                0x080097dc                USBD_FS_SerialStrDescriptor
 .text.USBD_FS_ConfigStrDescriptor
                0x08009800       0x3c CMakeFiles/APEX_NO_GPS.dir/USB_DEVICE/App/usbd_desc.c.obj
                0x08009800                USBD_FS_ConfigStrDescriptor
 .text.USBD_FS_InterfaceStrDescriptor
                0x0800983c       0x3c CMakeFiles/APEX_NO_GPS.dir/USB_DEVICE/App/usbd_desc.c.obj
                0x0800983c                USBD_FS_InterfaceStrDescriptor
 .text.Get_SerialNum
                0x08009878       0x58 CMakeFiles/APEX_NO_GPS.dir/USB_DEVICE/App/usbd_desc.c.obj
 .text.IntToUnicode
                0x080098d0       0x7e CMakeFiles/APEX_NO_GPS.dir/USB_DEVICE/App/usbd_desc.c.obj
 *fill*         0x0800994e        0x2 
 .text.CDC_Init_FS
                0x08009950       0x28 CMakeFiles/APEX_NO_GPS.dir/USB_DEVICE/App/usbd_cdc_if.c.obj
 .text.CDC_DeInit_FS
                0x08009978       0x10 CMakeFiles/APEX_NO_GPS.dir/USB_DEVICE/App/usbd_cdc_if.c.obj
 .text.CDC_Control_FS
                0x08009988       0xbc CMakeFiles/APEX_NO_GPS.dir/USB_DEVICE/App/usbd_cdc_if.c.obj
 .text.CDC_Receive_FS
                0x08009a44       0x28 CMakeFiles/APEX_NO_GPS.dir/USB_DEVICE/App/usbd_cdc_if.c.obj
 .text.CDC_TransmitCplt_FS
                0x08009a6c       0x22 CMakeFiles/APEX_NO_GPS.dir/USB_DEVICE/App/usbd_cdc_if.c.obj
 .text.main     0x08009a8e       0x38 CMakeFiles/APEX_NO_GPS.dir/Core/Src/main.c.obj
                0x08009a8e                main
 *fill*         0x08009ac6        0x2 
 .text.SystemClock_Config
                0x08009ac8       0xd0 CMakeFiles/APEX_NO_GPS.dir/Core/Src/main.c.obj
                0x08009ac8                SystemClock_Config
 .text.Error_Handler
                0x08009b98        0xc CMakeFiles/APEX_NO_GPS.dir/Core/Src/main.c.obj
                0x08009b98                Error_Handler
 .text.assert_failed
                0x08009ba4       0x16 CMakeFiles/APEX_NO_GPS.dir/Core/Src/main.c.obj
                0x08009ba4                assert_failed
 *fill*         0x08009bba        0x2 
 .text.MX_GPIO_Init
                0x08009bbc      0x1b0 CMakeFiles/APEX_NO_GPS.dir/Core/Src/gpio.c.obj
                0x08009bbc                MX_GPIO_Init
 .text.MX_ADC1_Init
                0x08009d6c       0xa4 CMakeFiles/APEX_NO_GPS.dir/Core/Src/adc.c.obj
                0x08009d6c                MX_ADC1_Init
 .text.HAL_ADC_MspInit
                0x08009e10       0xec CMakeFiles/APEX_NO_GPS.dir/Core/Src/adc.c.obj
                0x08009e10                HAL_ADC_MspInit
 .text.MX_DMA_Init
                0x08009efc       0xbc CMakeFiles/APEX_NO_GPS.dir/Core/Src/dma.c.obj
                0x08009efc                MX_DMA_Init
 .text.MX_I2C3_Init
                0x08009fb8       0x5c CMakeFiles/APEX_NO_GPS.dir/Core/Src/i2c.c.obj
                0x08009fb8                MX_I2C3_Init
 .text.HAL_I2C_MspInit
                0x0800a014      0x19c CMakeFiles/APEX_NO_GPS.dir/Core/Src/i2c.c.obj
                0x0800a014                HAL_I2C_MspInit
 .text.MX_SPI1_Init
                0x0800a1b0       0x6c CMakeFiles/APEX_NO_GPS.dir/Core/Src/spi.c.obj
                0x0800a1b0                MX_SPI1_Init
 .text.MX_SPI2_Init
                0x0800a21c       0x6c CMakeFiles/APEX_NO_GPS.dir/Core/Src/spi.c.obj
                0x0800a21c                MX_SPI2_Init
 .text.HAL_SPI_MspInit
                0x0800a288      0x2cc CMakeFiles/APEX_NO_GPS.dir/Core/Src/spi.c.obj
                0x0800a288                HAL_SPI_MspInit
 .text.MX_TIM2_Init
                0x0800a554      0x118 CMakeFiles/APEX_NO_GPS.dir/Core/Src/tim.c.obj
                0x0800a554                MX_TIM2_Init
 .text.MX_TIM3_Init
                0x0800a66c       0xec CMakeFiles/APEX_NO_GPS.dir/Core/Src/tim.c.obj
                0x0800a66c                MX_TIM3_Init
 .text.MX_TIM4_Init
                0x0800a758      0x118 CMakeFiles/APEX_NO_GPS.dir/Core/Src/tim.c.obj
                0x0800a758                MX_TIM4_Init
 .text.HAL_TIM_Base_MspInit
                0x0800a870       0x98 CMakeFiles/APEX_NO_GPS.dir/Core/Src/tim.c.obj
                0x0800a870                HAL_TIM_Base_MspInit
 .text.HAL_TIM_MspPostInit
                0x0800a908      0x10c CMakeFiles/APEX_NO_GPS.dir/Core/Src/tim.c.obj
                0x0800a908                HAL_TIM_MspPostInit
 .text.NMI_Handler
                0x0800aa14        0x8 CMakeFiles/APEX_NO_GPS.dir/Core/Src/stm32f4xx_it.c.obj
                0x0800aa14                NMI_Handler
 .text.HardFault_Handler
                0x0800aa1c        0x8 CMakeFiles/APEX_NO_GPS.dir/Core/Src/stm32f4xx_it.c.obj
                0x0800aa1c                HardFault_Handler
 .text.MemManage_Handler
                0x0800aa24        0x8 CMakeFiles/APEX_NO_GPS.dir/Core/Src/stm32f4xx_it.c.obj
                0x0800aa24                MemManage_Handler
 .text.BusFault_Handler
                0x0800aa2c        0x8 CMakeFiles/APEX_NO_GPS.dir/Core/Src/stm32f4xx_it.c.obj
                0x0800aa2c                BusFault_Handler
 .text.UsageFault_Handler
                0x0800aa34        0x8 CMakeFiles/APEX_NO_GPS.dir/Core/Src/stm32f4xx_it.c.obj
                0x0800aa34                UsageFault_Handler
 .text.SVC_Handler
                0x0800aa3c        0xe CMakeFiles/APEX_NO_GPS.dir/Core/Src/stm32f4xx_it.c.obj
                0x0800aa3c                SVC_Handler
 .text.DebugMon_Handler
                0x0800aa4a        0xe CMakeFiles/APEX_NO_GPS.dir/Core/Src/stm32f4xx_it.c.obj
                0x0800aa4a                DebugMon_Handler
 .text.PendSV_Handler
                0x0800aa58        0xe CMakeFiles/APEX_NO_GPS.dir/Core/Src/stm32f4xx_it.c.obj
                0x0800aa58                PendSV_Handler
 .text.SysTick_Handler
                0x0800aa66        0xc CMakeFiles/APEX_NO_GPS.dir/Core/Src/stm32f4xx_it.c.obj
                0x0800aa66                SysTick_Handler
 *fill*         0x0800aa72        0x2 
 .text.DMA1_Stream1_IRQHandler
                0x0800aa74       0x14 CMakeFiles/APEX_NO_GPS.dir/Core/Src/stm32f4xx_it.c.obj
                0x0800aa74                DMA1_Stream1_IRQHandler
 .text.DMA1_Stream3_IRQHandler
                0x0800aa88       0x14 CMakeFiles/APEX_NO_GPS.dir/Core/Src/stm32f4xx_it.c.obj
                0x0800aa88                DMA1_Stream3_IRQHandler
 .text.DMA1_Stream4_IRQHandler
                0x0800aa9c       0x14 CMakeFiles/APEX_NO_GPS.dir/Core/Src/stm32f4xx_it.c.obj
                0x0800aa9c                DMA1_Stream4_IRQHandler
 .text.DMA1_Stream5_IRQHandler
                0x0800aab0       0x14 CMakeFiles/APEX_NO_GPS.dir/Core/Src/stm32f4xx_it.c.obj
                0x0800aab0                DMA1_Stream5_IRQHandler
 .text.DMA2_Stream0_IRQHandler
                0x0800aac4       0x14 CMakeFiles/APEX_NO_GPS.dir/Core/Src/stm32f4xx_it.c.obj
                0x0800aac4                DMA2_Stream0_IRQHandler
 .text.DMA2_Stream2_IRQHandler
                0x0800aad8       0x14 CMakeFiles/APEX_NO_GPS.dir/Core/Src/stm32f4xx_it.c.obj
                0x0800aad8                DMA2_Stream2_IRQHandler
 .text.DMA2_Stream4_IRQHandler
                0x0800aaec       0x14 CMakeFiles/APEX_NO_GPS.dir/Core/Src/stm32f4xx_it.c.obj
                0x0800aaec                DMA2_Stream4_IRQHandler
 .text.OTG_FS_IRQHandler
                0x0800ab00       0x14 CMakeFiles/APEX_NO_GPS.dir/Core/Src/stm32f4xx_it.c.obj
                0x0800ab00                OTG_FS_IRQHandler
 .text.HAL_MspInit
                0x0800ab14       0x50 CMakeFiles/APEX_NO_GPS.dir/Core/Src/stm32f4xx_hal_msp.c.obj
                0x0800ab14                HAL_MspInit
 .text.Reset_Handler
                0x0800ab64       0x50 CMakeFiles/APEX_NO_GPS.dir/startup_stm32f411xe.s.obj
                0x0800ab64                Reset_Handler
 .text.Default_Handler
                0x0800abb4        0x2 CMakeFiles/APEX_NO_GPS.dir/startup_stm32f411xe.s.obj
                0x0800abb4                RTC_Alarm_IRQHandler
                0x0800abb4                EXTI2_IRQHandler
                0x0800abb4                SPI4_IRQHandler
                0x0800abb4                TIM1_CC_IRQHandler
                0x0800abb4                DMA2_Stream5_IRQHandler
                0x0800abb4                PVD_IRQHandler
                0x0800abb4                SDIO_IRQHandler
                0x0800abb4                TAMP_STAMP_IRQHandler
                0x0800abb4                EXTI3_IRQHandler
                0x0800abb4                TIM1_UP_TIM10_IRQHandler
                0x0800abb4                I2C3_ER_IRQHandler
                0x0800abb4                EXTI0_IRQHandler
                0x0800abb4                I2C2_EV_IRQHandler
                0x0800abb4                DMA1_Stream2_IRQHandler
                0x0800abb4                FPU_IRQHandler
                0x0800abb4                SPI1_IRQHandler
                0x0800abb4                TIM1_BRK_TIM9_IRQHandler
                0x0800abb4                DMA2_Stream3_IRQHandler
                0x0800abb4                USART6_IRQHandler
                0x0800abb4                TIM4_IRQHandler
                0x0800abb4                I2C1_EV_IRQHandler
                0x0800abb4                DMA1_Stream6_IRQHandler
                0x0800abb4                TIM3_IRQHandler
                0x0800abb4                RCC_IRQHandler
                0x0800abb4                Default_Handler
                0x0800abb4                EXTI15_10_IRQHandler
                0x0800abb4                ADC_IRQHandler
                0x0800abb4                DMA1_Stream7_IRQHandler
                0x0800abb4                SPI5_IRQHandler
                0x0800abb4                TIM5_IRQHandler
                0x0800abb4                DMA2_Stream7_IRQHandler
                0x0800abb4                I2C3_EV_IRQHandler
                0x0800abb4                EXTI9_5_IRQHandler
                0x0800abb4                RTC_WKUP_IRQHandler
                0x0800abb4                SPI2_IRQHandler
                0x0800abb4                DMA1_Stream0_IRQHandler
                0x0800abb4                EXTI4_IRQHandler
                0x0800abb4                WWDG_IRQHandler
                0x0800abb4                TIM2_IRQHandler
                0x0800abb4                OTG_FS_WKUP_IRQHandler
                0x0800abb4                TIM1_TRG_COM_TIM11_IRQHandler
                0x0800abb4                EXTI1_IRQHandler
                0x0800abb4                USART2_IRQHandler
                0x0800abb4                I2C2_ER_IRQHandler
                0x0800abb4                DMA2_Stream1_IRQHandler
                0x0800abb4                FLASH_IRQHandler
                0x0800abb4                USART1_IRQHandler
                0x0800abb4                SPI3_IRQHandler
                0x0800abb4                I2C1_ER_IRQHandler
                0x0800abb4                DMA2_Stream6_IRQHandler
 *(.glue_7)
 .glue_7        0x0800abb6        0x0 linker stubs
 *(.glue_7t)
 .glue_7t       0x0800abb6        0x0 linker stubs
 *(.eh_frame)
 *fill*         0x0800abb6        0x2 
 .eh_frame      0x0800abb8        0x0 C:/ST/STM32CubeCLT_1.15.1/GNU-tools-for-STM32/bin/../lib/gcc/arm-none-eabi/12.3.1/thumb/v7e-m+fp/hard/crtbegin.o
 *(.init)
 .init          0x0800abb8        0x4 C:/ST/STM32CubeCLT_1.15.1/GNU-tools-for-STM32/bin/../lib/gcc/arm-none-eabi/12.3.1/thumb/v7e-m+fp/hard/crti.o
                0x0800abb8                _init
 .init          0x0800abbc        0x8 C:/ST/STM32CubeCLT_1.15.1/GNU-tools-for-STM32/bin/../lib/gcc/arm-none-eabi/12.3.1/thumb/v7e-m+fp/hard/crtn.o
 *(.fini)
 .fini          0x0800abc4        0x4 C:/ST/STM32CubeCLT_1.15.1/GNU-tools-for-STM32/bin/../lib/gcc/arm-none-eabi/12.3.1/thumb/v7e-m+fp/hard/crti.o
                0x0800abc4                _fini
 .fini          0x0800abc8        0x8 C:/ST/STM32CubeCLT_1.15.1/GNU-tools-for-STM32/bin/../lib/gcc/arm-none-eabi/12.3.1/thumb/v7e-m+fp/hard/crtn.o
                0x0800abd0                        . = ALIGN (0x4)
                0x0800abd0                        _etext = .

.vfp11_veneer   0x0800abd0        0x0
 .vfp11_veneer  0x0800abd0        0x0 linker stubs

.v4_bx          0x0800abd0        0x0
 .v4_bx         0x0800abd0        0x0 linker stubs

.iplt           0x0800abd0        0x0
 .iplt          0x0800abd0        0x0 C:/ST/STM32CubeCLT_1.15.1/GNU-tools-for-STM32/bin/../lib/gcc/arm-none-eabi/12.3.1/thumb/v7e-m+fp/hard/crtbegin.o

.rodata         0x0800abd0      0x548
                0x0800abd0                        . = ALIGN (0x4)
 *(.rodata)
 .rodata        0x0800abd0       0x7b cmake/stm32cubemx/CMakeFiles/STM32_Drivers.dir/__/__/Drivers/STM32F4xx_HAL_Driver/Src/stm32f4xx_hal_pcd.c.obj
 *fill*         0x0800ac4b        0x1 
 .rodata        0x0800ac4c       0x7b cmake/stm32cubemx/CMakeFiles/STM32_Drivers.dir/__/__/Drivers/STM32F4xx_HAL_Driver/Src/stm32f4xx_hal_rcc.c.obj
 *fill*         0x0800acc7        0x1 
 .rodata        0x0800acc8       0x7c cmake/stm32cubemx/CMakeFiles/STM32_Drivers.dir/__/__/Drivers/STM32F4xx_HAL_Driver/Src/stm32f4xx_hal_gpio.c.obj
 .rodata        0x0800ad44       0x7b cmake/stm32cubemx/CMakeFiles/STM32_Drivers.dir/__/__/Drivers/STM32F4xx_HAL_Driver/Src/stm32f4xx_hal_dma.c.obj
 *fill*         0x0800adbf        0x1 
 .rodata        0x0800adc0       0x7e cmake/stm32cubemx/CMakeFiles/STM32_Drivers.dir/__/__/Drivers/STM32F4xx_HAL_Driver/Src/stm32f4xx_hal_cortex.c.obj
 *fill*         0x0800ae3e        0x2 
 .rodata        0x0800ae40       0x7b cmake/stm32cubemx/CMakeFiles/STM32_Drivers.dir/__/__/Drivers/STM32F4xx_HAL_Driver/Src/stm32f4xx_hal_adc.c.obj
 *fill*         0x0800aebb        0x1 
 .rodata        0x0800aebc       0x7b cmake/stm32cubemx/CMakeFiles/STM32_Drivers.dir/__/__/Drivers/STM32F4xx_HAL_Driver/Src/stm32f4xx_hal_i2c.c.obj
 *fill*         0x0800af37        0x1 
 .rodata        0x0800af38       0x7b cmake/stm32cubemx/CMakeFiles/STM32_Drivers.dir/__/__/Drivers/STM32F4xx_HAL_Driver/Src/stm32f4xx_hal_spi.c.obj
 *fill*         0x0800afb3        0x1 
 .rodata        0x0800afb4       0x7b cmake/stm32cubemx/CMakeFiles/STM32_Drivers.dir/__/__/Drivers/STM32F4xx_HAL_Driver/Src/stm32f4xx_hal_tim.c.obj
 *fill*         0x0800b02f        0x1 
 .rodata        0x0800b030       0x7e cmake/stm32cubemx/CMakeFiles/STM32_Drivers.dir/__/__/Drivers/STM32F4xx_HAL_Driver/Src/stm32f4xx_hal_tim_ex.c.obj
 *fill*         0x0800b0ae        0x2 
 .rodata        0x0800b0b0       0x46 CMakeFiles/APEX_NO_GPS.dir/USB_DEVICE/App/usbd_desc.c.obj
 *(.rodata*)
 *fill*         0x0800b0f6        0x2 
 .rodata.AHBPrescTable
                0x0800b0f8       0x10 cmake/stm32cubemx/CMakeFiles/STM32_Drivers.dir/__/__/Core/Src/system_stm32f4xx.c.obj
                0x0800b0f8                AHBPrescTable
 .rodata.APBPrescTable
                0x0800b108        0x8 cmake/stm32cubemx/CMakeFiles/STM32_Drivers.dir/__/__/Core/Src/system_stm32f4xx.c.obj
                0x0800b108                APBPrescTable
 .rodata.flagBitshiftOffset.0
                0x0800b110        0x8 cmake/stm32cubemx/CMakeFiles/STM32_Drivers.dir/__/__/Drivers/STM32F4xx_HAL_Driver/Src/stm32f4xx_hal_dma.c.obj
                0x0800b118                        . = ALIGN (0x4)

.ARM.extab      0x0800b118        0x0
                0x0800b118                        . = ALIGN (0x4)
 *(.ARM.extab* .gnu.linkonce.armextab.*)
                0x0800b118                        . = ALIGN (0x4)

.ARM            0x0800b118        0x8
                0x0800b118                        . = ALIGN (0x4)
                0x0800b118                        __exidx_start = .
 *(.ARM.exidx*)
 .ARM.exidx     0x0800b118        0x8 C:/ST/STM32CubeCLT_1.15.1/GNU-tools-for-STM32/bin/../lib/gcc/arm-none-eabi/12.3.1/thumb/v7e-m+fp/hard\libgcc.a(_udivmoddi4.o)
                0x0800b120                        __exidx_end = .
                0x0800b120                        . = ALIGN (0x4)

.preinit_array  0x0800b120        0x0
                0x0800b120                        . = ALIGN (0x4)
                0x0800b120                        PROVIDE (__preinit_array_start = .)
 *(.preinit_array*)
                0x0800b120                        PROVIDE (__preinit_array_end = .)
                0x0800b120                        . = ALIGN (0x4)

.init_array     0x0800b120        0x4
                0x0800b120                        . = ALIGN (0x4)
                0x0800b120                        PROVIDE (__init_array_start = .)
 *(SORT_BY_NAME(.init_array.*))
 *(.init_array*)
 .init_array    0x0800b120        0x4 C:/ST/STM32CubeCLT_1.15.1/GNU-tools-for-STM32/bin/../lib/gcc/arm-none-eabi/12.3.1/thumb/v7e-m+fp/hard/crtbegin.o
                0x0800b124                        PROVIDE (__init_array_end = .)
                0x0800b124                        . = ALIGN (0x4)

.fini_array     0x0800b124        0x4
                0x0800b124                        . = ALIGN (0x4)
                [!provide]                        PROVIDE (__fini_array_start = .)
 *(SORT_BY_NAME(.fini_array.*))
 *(.fini_array*)
 .fini_array    0x0800b124        0x4 C:/ST/STM32CubeCLT_1.15.1/GNU-tools-for-STM32/bin/../lib/gcc/arm-none-eabi/12.3.1/thumb/v7e-m+fp/hard/crtbegin.o
                [!provide]                        PROVIDE (__fini_array_end = .)
                0x0800b128                        . = ALIGN (0x4)
                0x0800b128                        _sidata = LOADADDR (.data)

.rel.dyn        0x0800b128        0x0
 .rel.iplt      0x0800b128        0x0 C:/ST/STM32CubeCLT_1.15.1/GNU-tools-for-STM32/bin/../lib/gcc/arm-none-eabi/12.3.1/thumb/v7e-m+fp/hard/crtbegin.o

.data           0x20000000       0xfc load address 0x0800b128
                0x20000000                        . = ALIGN (0x4)
                0x20000000                        _sdata = .
 *(.data)
 *(.data*)
 .data.SystemCoreClock
                0x20000000        0x4 cmake/stm32cubemx/CMakeFiles/STM32_Drivers.dir/__/__/Core/Src/system_stm32f4xx.c.obj
                0x20000000                SystemCoreClock
 .data.uwTickPrio
                0x20000004        0x4 cmake/stm32cubemx/CMakeFiles/STM32_Drivers.dir/__/__/Drivers/STM32F4xx_HAL_Driver/Src/stm32f4xx_hal.c.obj
                0x20000004                uwTickPrio
 .data.uwTickFreq
                0x20000008        0x1 cmake/stm32cubemx/CMakeFiles/STM32_Drivers.dir/__/__/Drivers/STM32F4xx_HAL_Driver/Src/stm32f4xx_hal.c.obj
                0x20000008                uwTickFreq
 *fill*         0x20000009        0x3 
 .data.USBD_CDC_DeviceQualifierDesc
                0x2000000c        0xa cmake/stm32cubemx/CMakeFiles/USB_Device_Library.dir/__/__/Middlewares/ST/STM32_USB_Device_Library/Class/CDC/Src/usbd_cdc.c.obj
 *fill*         0x20000016        0x2 
 .data.USBD_CDC
                0x20000018       0x38 cmake/stm32cubemx/CMakeFiles/USB_Device_Library.dir/__/__/Middlewares/ST/STM32_USB_Device_Library/Class/CDC/Src/usbd_cdc.c.obj
                0x20000018                USBD_CDC
 .data.USBD_CDC_CfgDesc
                0x20000050       0x43 cmake/stm32cubemx/CMakeFiles/USB_Device_Library.dir/__/__/Middlewares/ST/STM32_USB_Device_Library/Class/CDC/Src/usbd_cdc.c.obj
 .data.CDCInEpAdd
                0x20000093        0x1 cmake/stm32cubemx/CMakeFiles/USB_Device_Library.dir/__/__/Middlewares/ST/STM32_USB_Device_Library/Class/CDC/Src/usbd_cdc.c.obj
 .data.CDCOutEpAdd
                0x20000094        0x1 cmake/stm32cubemx/CMakeFiles/USB_Device_Library.dir/__/__/Middlewares/ST/STM32_USB_Device_Library/Class/CDC/Src/usbd_cdc.c.obj
 .data.CDCCmdEpAdd
                0x20000095        0x1 cmake/stm32cubemx/CMakeFiles/USB_Device_Library.dir/__/__/Middlewares/ST/STM32_USB_Device_Library/Class/CDC/Src/usbd_cdc.c.obj
 *fill*         0x20000096        0x2 
 .data.FS_Desc  0x20000098       0x1c CMakeFiles/APEX_NO_GPS.dir/USB_DEVICE/App/usbd_desc.c.obj
                0x20000098                FS_Desc
 .data.USBD_FS_DeviceDesc
                0x200000b4       0x12 CMakeFiles/APEX_NO_GPS.dir/USB_DEVICE/App/usbd_desc.c.obj
                0x200000b4                USBD_FS_DeviceDesc
 *fill*         0x200000c6        0x2 
 .data.USBD_LangIDDesc
                0x200000c8        0x4 CMakeFiles/APEX_NO_GPS.dir/USB_DEVICE/App/usbd_desc.c.obj
                0x200000c8                USBD_LangIDDesc
 .data.USBD_StringSerial
                0x200000cc       0x1a CMakeFiles/APEX_NO_GPS.dir/USB_DEVICE/App/usbd_desc.c.obj
                0x200000cc                USBD_StringSerial
 *fill*         0x200000e6        0x2 
 .data.USBD_Interface_fops_FS
                0x200000e8       0x14 CMakeFiles/APEX_NO_GPS.dir/USB_DEVICE/App/usbd_cdc_if.c.obj
                0x200000e8                USBD_Interface_fops_FS
 *(.RamFunc)
 *(.RamFunc*)
                0x200000fc                        . = ALIGN (0x4)
                0x200000fc                        _edata = .

.igot.plt       0x200000fc        0x0 load address 0x0800b224
 .igot.plt      0x200000fc        0x0 C:/ST/STM32CubeCLT_1.15.1/GNU-tools-for-STM32/bin/../lib/gcc/arm-none-eabi/12.3.1/thumb/v7e-m+fp/hard/crtbegin.o
                0x200000fc                        . = ALIGN (0x4)

.bss            0x200000fc     0x20c8 load address 0x0800b224
                0x200000fc                        _sbss = .
                0x200000fc                        __bss_start__ = _sbss
 *(.bss)
 .bss           0x200000fc       0x1c C:/ST/STM32CubeCLT_1.15.1/GNU-tools-for-STM32/bin/../lib/gcc/arm-none-eabi/12.3.1/thumb/v7e-m+fp/hard/crtbegin.o
 *(.bss*)
 .bss.uwTick    0x20000118        0x4 cmake/stm32cubemx/CMakeFiles/STM32_Drivers.dir/__/__/Drivers/STM32F4xx_HAL_Driver/Src/stm32f4xx_hal.c.obj
                0x20000118                uwTick
 .bss.cfgidx.0  0x2000011c        0x1 cmake/stm32cubemx/CMakeFiles/USB_Device_Library.dir/__/__/Middlewares/ST/STM32_USB_Device_Library/Core/Src/usbd_ctlreq.c.obj
 *fill*         0x2000011d        0x3 
 .bss.hpcd_USB_OTG_FS
                0x20000120      0x4e4 CMakeFiles/APEX_NO_GPS.dir/USB_DEVICE/Target/usbd_conf.c.obj
                0x20000120                hpcd_USB_OTG_FS
 .bss.mem.0     0x20000604      0x220 CMakeFiles/APEX_NO_GPS.dir/USB_DEVICE/Target/usbd_conf.c.obj
 .bss.hUsbDeviceFS
                0x20000824      0x2dc CMakeFiles/APEX_NO_GPS.dir/USB_DEVICE/App/usb_device.c.obj
                0x20000824                hUsbDeviceFS
 .bss.USBD_StrDesc
                0x20000b00      0x200 CMakeFiles/APEX_NO_GPS.dir/USB_DEVICE/App/usbd_desc.c.obj
                0x20000b00                USBD_StrDesc
 .bss.UserRxBufferFS
                0x20000d00      0x800 CMakeFiles/APEX_NO_GPS.dir/USB_DEVICE/App/usbd_cdc_if.c.obj
                0x20000d00                UserRxBufferFS
 .bss.UserTxBufferFS
                0x20001500      0x800 CMakeFiles/APEX_NO_GPS.dir/USB_DEVICE/App/usbd_cdc_if.c.obj
                0x20001500                UserTxBufferFS
 .bss.hadc1     0x20001d00       0x48 CMakeFiles/APEX_NO_GPS.dir/Core/Src/adc.c.obj
                0x20001d00                hadc1
 .bss.hdma_adc1
                0x20001d48       0x60 CMakeFiles/APEX_NO_GPS.dir/Core/Src/adc.c.obj
                0x20001d48                hdma_adc1
 .bss.hi2c3     0x20001da8       0x54 CMakeFiles/APEX_NO_GPS.dir/Core/Src/i2c.c.obj
                0x20001da8                hi2c3
 .bss.hdma_i2c3_rx
                0x20001dfc       0x60 CMakeFiles/APEX_NO_GPS.dir/Core/Src/i2c.c.obj
                0x20001dfc                hdma_i2c3_rx
 .bss.hdma_i2c3_tx
                0x20001e5c       0x60 CMakeFiles/APEX_NO_GPS.dir/Core/Src/i2c.c.obj
                0x20001e5c                hdma_i2c3_tx
 .bss.hspi1     0x20001ebc       0x58 CMakeFiles/APEX_NO_GPS.dir/Core/Src/spi.c.obj
                0x20001ebc                hspi1
 .bss.hspi2     0x20001f14       0x58 CMakeFiles/APEX_NO_GPS.dir/Core/Src/spi.c.obj
                0x20001f14                hspi2
 .bss.hdma_spi1_rx
                0x20001f6c       0x60 CMakeFiles/APEX_NO_GPS.dir/Core/Src/spi.c.obj
                0x20001f6c                hdma_spi1_rx
 .bss.hdma_spi1_tx
                0x20001fcc       0x60 CMakeFiles/APEX_NO_GPS.dir/Core/Src/spi.c.obj
                0x20001fcc                hdma_spi1_tx
 .bss.hdma_spi2_rx
                0x2000202c       0x60 CMakeFiles/APEX_NO_GPS.dir/Core/Src/spi.c.obj
                0x2000202c                hdma_spi2_rx
 .bss.hdma_spi2_tx
                0x2000208c       0x60 CMakeFiles/APEX_NO_GPS.dir/Core/Src/spi.c.obj
                0x2000208c                hdma_spi2_tx
 .bss.htim2     0x200020ec       0x48 CMakeFiles/APEX_NO_GPS.dir/Core/Src/tim.c.obj
                0x200020ec                htim2
 .bss.htim3     0x20002134       0x48 CMakeFiles/APEX_NO_GPS.dir/Core/Src/tim.c.obj
                0x20002134                htim3
 .bss.htim4     0x2000217c       0x48 CMakeFiles/APEX_NO_GPS.dir/Core/Src/tim.c.obj
                0x2000217c                htim4
 *(COMMON)
                0x200021c4                        . = ALIGN (0x4)
                0x200021c4                        _ebss = .
                0x200021c4                        __bss_end__ = _ebss

._user_heap_stack
                0x200021c4      0x604 load address 0x0800b224
                0x200021c8                        . = ALIGN (0x8)
 *fill*         0x200021c4        0x4 
                [!provide]                        PROVIDE (end = .)
                0x200021c8                        PROVIDE (_end = .)
                0x200023c8                        . = (. + _Min_Heap_Size)
 *fill*         0x200021c8      0x200 
                0x200027c8                        . = (. + _Min_Stack_Size)
 *fill*         0x200023c8      0x400 
                0x200027c8                        . = ALIGN (0x8)

/DISCARD/
 libc.a(*)
 libm.a(*)
 libgcc.a(*)
OUTPUT(APEX_NO_GPS.elf elf32-littlearm)
LOAD linker stubs
LOAD C:/ST/STM32CubeCLT_1.15.1/GNU-tools-for-STM32/bin/../lib/gcc/arm-none-eabi/12.3.1/../../../../arm-none-eabi/lib/thumb/v7e-m+fp/hard\libc.a
LOAD C:/ST/STM32CubeCLT_1.15.1/GNU-tools-for-STM32/bin/../lib/gcc/arm-none-eabi/12.3.1/../../../../arm-none-eabi/lib/thumb/v7e-m+fp/hard\libm.a
LOAD C:/ST/STM32CubeCLT_1.15.1/GNU-tools-for-STM32/bin/../lib/gcc/arm-none-eabi/12.3.1/thumb/v7e-m+fp/hard\libgcc.a

.ARM.attributes
                0x00000000       0x30
 .ARM.attributes
                0x00000000       0x22 C:/ST/STM32CubeCLT_1.15.1/GNU-tools-for-STM32/bin/../lib/gcc/arm-none-eabi/12.3.1/thumb/v7e-m+fp/hard/crti.o
 .ARM.attributes
                0x00000022       0x34 C:/ST/STM32CubeCLT_1.15.1/GNU-tools-for-STM32/bin/../lib/gcc/arm-none-eabi/12.3.1/thumb/v7e-m+fp/hard/crtbegin.o
 .ARM.attributes
                0x00000056       0x34 C:/ST/STM32CubeCLT_1.15.1/GNU-tools-for-STM32/bin/../lib/gcc/arm-none-eabi/12.3.1/../../../../arm-none-eabi/lib/thumb/v7e-m+fp/hard\libc_nano.a(libc_a-memset.o)
 .ARM.attributes
                0x0000008a       0x34 C:/ST/STM32CubeCLT_1.15.1/GNU-tools-for-STM32/bin/../lib/gcc/arm-none-eabi/12.3.1/../../../../arm-none-eabi/lib/thumb/v7e-m+fp/hard\libc_nano.a(libc_a-init.o)
 .ARM.attributes
                0x000000be       0x34 cmake/stm32cubemx/CMakeFiles/STM32_Drivers.dir/__/__/Core/Src/system_stm32f4xx.c.obj
 .ARM.attributes
                0x000000f2       0x34 cmake/stm32cubemx/CMakeFiles/STM32_Drivers.dir/__/__/Drivers/STM32F4xx_HAL_Driver/Src/stm32f4xx_hal_pcd.c.obj
 .ARM.attributes
                0x00000126       0x34 cmake/stm32cubemx/CMakeFiles/STM32_Drivers.dir/__/__/Drivers/STM32F4xx_HAL_Driver/Src/stm32f4xx_hal_pcd_ex.c.obj
 .ARM.attributes
                0x0000015a       0x34 cmake/stm32cubemx/CMakeFiles/STM32_Drivers.dir/__/__/Drivers/STM32F4xx_HAL_Driver/Src/stm32f4xx_ll_usb.c.obj
 .ARM.attributes
                0x0000018e       0x34 cmake/stm32cubemx/CMakeFiles/STM32_Drivers.dir/__/__/Drivers/STM32F4xx_HAL_Driver/Src/stm32f4xx_hal_rcc.c.obj
 .ARM.attributes
                0x000001c2       0x34 cmake/stm32cubemx/CMakeFiles/STM32_Drivers.dir/__/__/Drivers/STM32F4xx_HAL_Driver/Src/stm32f4xx_hal_gpio.c.obj
 .ARM.attributes
                0x000001f6       0x34 cmake/stm32cubemx/CMakeFiles/STM32_Drivers.dir/__/__/Drivers/STM32F4xx_HAL_Driver/Src/stm32f4xx_hal_dma.c.obj
 .ARM.attributes
                0x0000022a       0x34 cmake/stm32cubemx/CMakeFiles/STM32_Drivers.dir/__/__/Drivers/STM32F4xx_HAL_Driver/Src/stm32f4xx_hal_cortex.c.obj
 .ARM.attributes
                0x0000025e       0x34 cmake/stm32cubemx/CMakeFiles/STM32_Drivers.dir/__/__/Drivers/STM32F4xx_HAL_Driver/Src/stm32f4xx_hal.c.obj
 .ARM.attributes
                0x00000292       0x34 cmake/stm32cubemx/CMakeFiles/STM32_Drivers.dir/__/__/Drivers/STM32F4xx_HAL_Driver/Src/stm32f4xx_hal_adc.c.obj
 .ARM.attributes
                0x000002c6       0x34 cmake/stm32cubemx/CMakeFiles/STM32_Drivers.dir/__/__/Drivers/STM32F4xx_HAL_Driver/Src/stm32f4xx_hal_i2c.c.obj
 .ARM.attributes
                0x000002fa       0x34 cmake/stm32cubemx/CMakeFiles/STM32_Drivers.dir/__/__/Drivers/STM32F4xx_HAL_Driver/Src/stm32f4xx_hal_spi.c.obj
 .ARM.attributes
                0x0000032e       0x34 cmake/stm32cubemx/CMakeFiles/STM32_Drivers.dir/__/__/Drivers/STM32F4xx_HAL_Driver/Src/stm32f4xx_hal_tim.c.obj
 .ARM.attributes
                0x00000362       0x34 cmake/stm32cubemx/CMakeFiles/STM32_Drivers.dir/__/__/Drivers/STM32F4xx_HAL_Driver/Src/stm32f4xx_hal_tim_ex.c.obj
 .ARM.attributes
                0x00000396       0x34 cmake/stm32cubemx/CMakeFiles/USB_Device_Library.dir/__/__/Middlewares/ST/STM32_USB_Device_Library/Core/Src/usbd_core.c.obj
 .ARM.attributes
                0x000003ca       0x34 cmake/stm32cubemx/CMakeFiles/USB_Device_Library.dir/__/__/Middlewares/ST/STM32_USB_Device_Library/Core/Src/usbd_ctlreq.c.obj
 .ARM.attributes
                0x000003fe       0x34 cmake/stm32cubemx/CMakeFiles/USB_Device_Library.dir/__/__/Middlewares/ST/STM32_USB_Device_Library/Core/Src/usbd_ioreq.c.obj
 .ARM.attributes
                0x00000432       0x34 cmake/stm32cubemx/CMakeFiles/USB_Device_Library.dir/__/__/Middlewares/ST/STM32_USB_Device_Library/Class/CDC/Src/usbd_cdc.c.obj
 .ARM.attributes
                0x00000466       0x34 CMakeFiles/APEX_NO_GPS.dir/USB_DEVICE/Target/usbd_conf.c.obj
 .ARM.attributes
                0x0000049a       0x34 CMakeFiles/APEX_NO_GPS.dir/USB_DEVICE/App/usb_device.c.obj
 .ARM.attributes
                0x000004ce       0x34 CMakeFiles/APEX_NO_GPS.dir/USB_DEVICE/App/usbd_desc.c.obj
 .ARM.attributes
                0x00000502       0x34 CMakeFiles/APEX_NO_GPS.dir/USB_DEVICE/App/usbd_cdc_if.c.obj
 .ARM.attributes
                0x00000536       0x34 CMakeFiles/APEX_NO_GPS.dir/Core/Src/main.c.obj
 .ARM.attributes
                0x0000056a       0x34 CMakeFiles/APEX_NO_GPS.dir/Core/Src/gpio.c.obj
 .ARM.attributes
                0x0000059e       0x34 CMakeFiles/APEX_NO_GPS.dir/Core/Src/adc.c.obj
 .ARM.attributes
                0x000005d2       0x34 CMakeFiles/APEX_NO_GPS.dir/Core/Src/dma.c.obj
 .ARM.attributes
                0x00000606       0x34 CMakeFiles/APEX_NO_GPS.dir/Core/Src/i2c.c.obj
 .ARM.attributes
                0x0000063a       0x34 CMakeFiles/APEX_NO_GPS.dir/Core/Src/spi.c.obj
 .ARM.attributes
                0x0000066e       0x34 CMakeFiles/APEX_NO_GPS.dir/Core/Src/tim.c.obj
 .ARM.attributes
                0x000006a2       0x34 CMakeFiles/APEX_NO_GPS.dir/Core/Src/stm32f4xx_it.c.obj
 .ARM.attributes
                0x000006d6       0x34 CMakeFiles/APEX_NO_GPS.dir/Core/Src/stm32f4xx_hal_msp.c.obj
 .ARM.attributes
                0x0000070a       0x21 CMakeFiles/APEX_NO_GPS.dir/startup_stm32f411xe.s.obj
 .ARM.attributes
                0x0000072b       0x22 C:/ST/STM32CubeCLT_1.15.1/GNU-tools-for-STM32/bin/../lib/gcc/arm-none-eabi/12.3.1/thumb/v7e-m+fp/hard\libgcc.a(_aeabi_uldivmod.o)
 .ARM.attributes
                0x0000074d       0x34 C:/ST/STM32CubeCLT_1.15.1/GNU-tools-for-STM32/bin/../lib/gcc/arm-none-eabi/12.3.1/thumb/v7e-m+fp/hard\libgcc.a(_udivmoddi4.o)
 .ARM.attributes
                0x00000781       0x22 C:/ST/STM32CubeCLT_1.15.1/GNU-tools-for-STM32/bin/../lib/gcc/arm-none-eabi/12.3.1/thumb/v7e-m+fp/hard\libgcc.a(_dvmd_tls.o)
 .ARM.attributes
                0x000007a3       0x22 C:/ST/STM32CubeCLT_1.15.1/GNU-tools-for-STM32/bin/../lib/gcc/arm-none-eabi/12.3.1/thumb/v7e-m+fp/hard/crtn.o

.comment        0x00000000       0x43
 .comment       0x00000000       0x43 cmake/stm32cubemx/CMakeFiles/STM32_Drivers.dir/__/__/Core/Src/system_stm32f4xx.c.obj
                                 0x44 (size before relaxing)
 .comment       0x00000043       0x44 cmake/stm32cubemx/CMakeFiles/STM32_Drivers.dir/__/__/Drivers/STM32F4xx_HAL_Driver/Src/stm32f4xx_hal_pcd.c.obj
 .comment       0x00000043       0x44 cmake/stm32cubemx/CMakeFiles/STM32_Drivers.dir/__/__/Drivers/STM32F4xx_HAL_Driver/Src/stm32f4xx_hal_pcd_ex.c.obj
 .comment       0x00000043       0x44 cmake/stm32cubemx/CMakeFiles/STM32_Drivers.dir/__/__/Drivers/STM32F4xx_HAL_Driver/Src/stm32f4xx_ll_usb.c.obj
 .comment       0x00000043       0x44 cmake/stm32cubemx/CMakeFiles/STM32_Drivers.dir/__/__/Drivers/STM32F4xx_HAL_Driver/Src/stm32f4xx_hal_rcc.c.obj
 .comment       0x00000043       0x44 cmake/stm32cubemx/CMakeFiles/STM32_Drivers.dir/__/__/Drivers/STM32F4xx_HAL_Driver/Src/stm32f4xx_hal_gpio.c.obj
 .comment       0x00000043       0x44 cmake/stm32cubemx/CMakeFiles/STM32_Drivers.dir/__/__/Drivers/STM32F4xx_HAL_Driver/Src/stm32f4xx_hal_dma.c.obj
 .comment       0x00000043       0x44 cmake/stm32cubemx/CMakeFiles/STM32_Drivers.dir/__/__/Drivers/STM32F4xx_HAL_Driver/Src/stm32f4xx_hal_cortex.c.obj
 .comment       0x00000043       0x44 cmake/stm32cubemx/CMakeFiles/STM32_Drivers.dir/__/__/Drivers/STM32F4xx_HAL_Driver/Src/stm32f4xx_hal.c.obj
 .comment       0x00000043       0x44 cmake/stm32cubemx/CMakeFiles/STM32_Drivers.dir/__/__/Drivers/STM32F4xx_HAL_Driver/Src/stm32f4xx_hal_adc.c.obj
 .comment       0x00000043       0x44 cmake/stm32cubemx/CMakeFiles/STM32_Drivers.dir/__/__/Drivers/STM32F4xx_HAL_Driver/Src/stm32f4xx_hal_i2c.c.obj
 .comment       0x00000043       0x44 cmake/stm32cubemx/CMakeFiles/STM32_Drivers.dir/__/__/Drivers/STM32F4xx_HAL_Driver/Src/stm32f4xx_hal_spi.c.obj
 .comment       0x00000043       0x44 cmake/stm32cubemx/CMakeFiles/STM32_Drivers.dir/__/__/Drivers/STM32F4xx_HAL_Driver/Src/stm32f4xx_hal_tim.c.obj
 .comment       0x00000043       0x44 cmake/stm32cubemx/CMakeFiles/STM32_Drivers.dir/__/__/Drivers/STM32F4xx_HAL_Driver/Src/stm32f4xx_hal_tim_ex.c.obj
 .comment       0x00000043       0x44 cmake/stm32cubemx/CMakeFiles/USB_Device_Library.dir/__/__/Middlewares/ST/STM32_USB_Device_Library/Core/Src/usbd_core.c.obj
 .comment       0x00000043       0x44 cmake/stm32cubemx/CMakeFiles/USB_Device_Library.dir/__/__/Middlewares/ST/STM32_USB_Device_Library/Core/Src/usbd_ctlreq.c.obj
 .comment       0x00000043       0x44 cmake/stm32cubemx/CMakeFiles/USB_Device_Library.dir/__/__/Middlewares/ST/STM32_USB_Device_Library/Core/Src/usbd_ioreq.c.obj
 .comment       0x00000043       0x44 cmake/stm32cubemx/CMakeFiles/USB_Device_Library.dir/__/__/Middlewares/ST/STM32_USB_Device_Library/Class/CDC/Src/usbd_cdc.c.obj
 .comment       0x00000043       0x44 CMakeFiles/APEX_NO_GPS.dir/USB_DEVICE/Target/usbd_conf.c.obj
 .comment       0x00000043       0x44 CMakeFiles/APEX_NO_GPS.dir/USB_DEVICE/App/usb_device.c.obj
 .comment       0x00000043       0x44 CMakeFiles/APEX_NO_GPS.dir/USB_DEVICE/App/usbd_desc.c.obj
 .comment       0x00000043       0x44 CMakeFiles/APEX_NO_GPS.dir/USB_DEVICE/App/usbd_cdc_if.c.obj
 .comment       0x00000043       0x44 CMakeFiles/APEX_NO_GPS.dir/Core/Src/main.c.obj
 .comment       0x00000043       0x44 CMakeFiles/APEX_NO_GPS.dir/Core/Src/gpio.c.obj
 .comment       0x00000043       0x44 CMakeFiles/APEX_NO_GPS.dir/Core/Src/adc.c.obj
 .comment       0x00000043       0x44 CMakeFiles/APEX_NO_GPS.dir/Core/Src/dma.c.obj
 .comment       0x00000043       0x44 CMakeFiles/APEX_NO_GPS.dir/Core/Src/i2c.c.obj
 .comment       0x00000043       0x44 CMakeFiles/APEX_NO_GPS.dir/Core/Src/spi.c.obj
 .comment       0x00000043       0x44 CMakeFiles/APEX_NO_GPS.dir/Core/Src/tim.c.obj
 .comment       0x00000043       0x44 CMakeFiles/APEX_NO_GPS.dir/Core/Src/stm32f4xx_it.c.obj
 .comment       0x00000043       0x44 CMakeFiles/APEX_NO_GPS.dir/Core/Src/stm32f4xx_hal_msp.c.obj

.debug_frame    0x00000000     0x6318
 .debug_frame   0x00000000       0x20 C:/ST/STM32CubeCLT_1.15.1/GNU-tools-for-STM32/bin/../lib/gcc/arm-none-eabi/12.3.1/../../../../arm-none-eabi/lib/thumb/v7e-m+fp/hard\libc_nano.a(libc_a-memset.o)
 .debug_frame   0x00000020       0x2c C:/ST/STM32CubeCLT_1.15.1/GNU-tools-for-STM32/bin/../lib/gcc/arm-none-eabi/12.3.1/../../../../arm-none-eabi/lib/thumb/v7e-m+fp/hard\libc_nano.a(libc_a-init.o)
 .debug_frame   0x0000004c       0x58 cmake/stm32cubemx/CMakeFiles/STM32_Drivers.dir/__/__/Core/Src/system_stm32f4xx.c.obj
 .debug_frame   0x000000a4      0x5b8 cmake/stm32cubemx/CMakeFiles/STM32_Drivers.dir/__/__/Drivers/STM32F4xx_HAL_Driver/Src/stm32f4xx_hal_pcd.c.obj
 .debug_frame   0x0000065c       0xb0 cmake/stm32cubemx/CMakeFiles/STM32_Drivers.dir/__/__/Drivers/STM32F4xx_HAL_Driver/Src/stm32f4xx_hal_pcd_ex.c.obj
 .debug_frame   0x0000070c      0x7c0 cmake/stm32cubemx/CMakeFiles/STM32_Drivers.dir/__/__/Drivers/STM32F4xx_HAL_Driver/Src/stm32f4xx_ll_usb.c.obj
 .debug_frame   0x00000ecc      0x1f8 cmake/stm32cubemx/CMakeFiles/STM32_Drivers.dir/__/__/Drivers/STM32F4xx_HAL_Driver/Src/stm32f4xx_hal_rcc.c.obj
 .debug_frame   0x000010c4      0x138 cmake/stm32cubemx/CMakeFiles/STM32_Drivers.dir/__/__/Drivers/STM32F4xx_HAL_Driver/Src/stm32f4xx_hal_gpio.c.obj
 .debug_frame   0x000011fc      0x254 cmake/stm32cubemx/CMakeFiles/STM32_Drivers.dir/__/__/Drivers/STM32F4xx_HAL_Driver/Src/stm32f4xx_hal_dma.c.obj
 .debug_frame   0x00001450      0x4fc cmake/stm32cubemx/CMakeFiles/STM32_Drivers.dir/__/__/Drivers/STM32F4xx_HAL_Driver/Src/stm32f4xx_hal_cortex.c.obj
 .debug_frame   0x0000194c      0x374 cmake/stm32cubemx/CMakeFiles/STM32_Drivers.dir/__/__/Drivers/STM32F4xx_HAL_Driver/Src/stm32f4xx_hal.c.obj
 .debug_frame   0x00001cc0      0x3ec cmake/stm32cubemx/CMakeFiles/STM32_Drivers.dir/__/__/Drivers/STM32F4xx_HAL_Driver/Src/stm32f4xx_hal_adc.c.obj
 .debug_frame   0x000020ac      0xc70 cmake/stm32cubemx/CMakeFiles/STM32_Drivers.dir/__/__/Drivers/STM32F4xx_HAL_Driver/Src/stm32f4xx_hal_i2c.c.obj
 .debug_frame   0x00002d1c      0x828 cmake/stm32cubemx/CMakeFiles/STM32_Drivers.dir/__/__/Drivers/STM32F4xx_HAL_Driver/Src/stm32f4xx_hal_spi.c.obj
 .debug_frame   0x00003544     0x11cc cmake/stm32cubemx/CMakeFiles/STM32_Drivers.dir/__/__/Drivers/STM32F4xx_HAL_Driver/Src/stm32f4xx_hal_tim.c.obj
 .debug_frame   0x00004710      0x620 cmake/stm32cubemx/CMakeFiles/STM32_Drivers.dir/__/__/Drivers/STM32F4xx_HAL_Driver/Src/stm32f4xx_hal_tim_ex.c.obj
 .debug_frame   0x00004d30      0x390 cmake/stm32cubemx/CMakeFiles/USB_Device_Library.dir/__/__/Middlewares/ST/STM32_USB_Device_Library/Core/Src/usbd_core.c.obj
 .debug_frame   0x000050c0      0x23c cmake/stm32cubemx/CMakeFiles/USB_Device_Library.dir/__/__/Middlewares/ST/STM32_USB_Device_Library/Core/Src/usbd_ctlreq.c.obj
 .debug_frame   0x000052fc      0x10c cmake/stm32cubemx/CMakeFiles/USB_Device_Library.dir/__/__/Middlewares/ST/STM32_USB_Device_Library/Core/Src/usbd_ioreq.c.obj
 .debug_frame   0x00005408      0x23c cmake/stm32cubemx/CMakeFiles/USB_Device_Library.dir/__/__/Middlewares/ST/STM32_USB_Device_Library/Class/CDC/Src/usbd_cdc.c.obj
 .debug_frame   0x00005644      0x47c CMakeFiles/APEX_NO_GPS.dir/USB_DEVICE/Target/usbd_conf.c.obj
 .debug_frame   0x00005ac0       0x2c CMakeFiles/APEX_NO_GPS.dir/USB_DEVICE/App/usb_device.c.obj
 .debug_frame   0x00005aec      0x160 CMakeFiles/APEX_NO_GPS.dir/USB_DEVICE/App/usbd_desc.c.obj
 .debug_frame   0x00005c4c       0xe4 CMakeFiles/APEX_NO_GPS.dir/USB_DEVICE/App/usbd_cdc_if.c.obj
 .debug_frame   0x00005d30       0x90 CMakeFiles/APEX_NO_GPS.dir/Core/Src/main.c.obj
 .debug_frame   0x00005dc0       0x34 CMakeFiles/APEX_NO_GPS.dir/Core/Src/gpio.c.obj
 .debug_frame   0x00005df4       0x7c CMakeFiles/APEX_NO_GPS.dir/Core/Src/adc.c.obj
 .debug_frame   0x00005e70       0x34 CMakeFiles/APEX_NO_GPS.dir/Core/Src/dma.c.obj
 .debug_frame   0x00005ea4       0x74 CMakeFiles/APEX_NO_GPS.dir/Core/Src/i2c.c.obj
 .debug_frame   0x00005f18       0x94 CMakeFiles/APEX_NO_GPS.dir/Core/Src/spi.c.obj
 .debug_frame   0x00005fac       0xf0 CMakeFiles/APEX_NO_GPS.dir/Core/Src/tim.c.obj
 .debug_frame   0x0000609c      0x1e4 CMakeFiles/APEX_NO_GPS.dir/Core/Src/stm32f4xx_it.c.obj
 .debug_frame   0x00006280       0x38 CMakeFiles/APEX_NO_GPS.dir/Core/Src/stm32f4xx_hal_msp.c.obj
 .debug_frame   0x000062b8       0x2c C:/ST/STM32CubeCLT_1.15.1/GNU-tools-for-STM32/bin/../lib/gcc/arm-none-eabi/12.3.1/thumb/v7e-m+fp/hard\libgcc.a(_aeabi_uldivmod.o)
 .debug_frame   0x000062e4       0x34 C:/ST/STM32CubeCLT_1.15.1/GNU-tools-for-STM32/bin/../lib/gcc/arm-none-eabi/12.3.1/thumb/v7e-m+fp/hard\libgcc.a(_udivmoddi4.o)

.debug_info     0x00000000    0x19995
 .debug_info    0x00000000      0x53e cmake/stm32cubemx/CMakeFiles/STM32_Drivers.dir/__/__/Core/Src/system_stm32f4xx.c.obj
 .debug_info    0x0000053e     0x158f cmake/stm32cubemx/CMakeFiles/STM32_Drivers.dir/__/__/Drivers/STM32F4xx_HAL_Driver/Src/stm32f4xx_hal_pcd.c.obj
 .debug_info    0x00001acd      0x6ea cmake/stm32cubemx/CMakeFiles/STM32_Drivers.dir/__/__/Drivers/STM32F4xx_HAL_Driver/Src/stm32f4xx_hal_pcd_ex.c.obj
 .debug_info    0x000021b7     0x1993 cmake/stm32cubemx/CMakeFiles/STM32_Drivers.dir/__/__/Drivers/STM32F4xx_HAL_Driver/Src/stm32f4xx_ll_usb.c.obj
 .debug_info    0x00003b4a      0x921 cmake/stm32cubemx/CMakeFiles/STM32_Drivers.dir/__/__/Drivers/STM32F4xx_HAL_Driver/Src/stm32f4xx_hal_rcc.c.obj
 .debug_info    0x0000446b      0x712 cmake/stm32cubemx/CMakeFiles/STM32_Drivers.dir/__/__/Drivers/STM32F4xx_HAL_Driver/Src/stm32f4xx_hal_gpio.c.obj
 .debug_info    0x00004b7d      0x903 cmake/stm32cubemx/CMakeFiles/STM32_Drivers.dir/__/__/Drivers/STM32F4xx_HAL_Driver/Src/stm32f4xx_hal_dma.c.obj
 .debug_info    0x00005480      0xd31 cmake/stm32cubemx/CMakeFiles/STM32_Drivers.dir/__/__/Drivers/STM32F4xx_HAL_Driver/Src/stm32f4xx_hal_cortex.c.obj
 .debug_info    0x000061b1      0x8fe cmake/stm32cubemx/CMakeFiles/STM32_Drivers.dir/__/__/Drivers/STM32F4xx_HAL_Driver/Src/stm32f4xx_hal.c.obj
 .debug_info    0x00006aaf      0xd02 cmake/stm32cubemx/CMakeFiles/STM32_Drivers.dir/__/__/Drivers/STM32F4xx_HAL_Driver/Src/stm32f4xx_hal_adc.c.obj
 .debug_info    0x000077b1     0x2438 cmake/stm32cubemx/CMakeFiles/STM32_Drivers.dir/__/__/Drivers/STM32F4xx_HAL_Driver/Src/stm32f4xx_hal_i2c.c.obj
 .debug_info    0x00009be9     0x1546 cmake/stm32cubemx/CMakeFiles/STM32_Drivers.dir/__/__/Drivers/STM32F4xx_HAL_Driver/Src/stm32f4xx_hal_spi.c.obj
 .debug_info    0x0000b12f     0x2a08 cmake/stm32cubemx/CMakeFiles/STM32_Drivers.dir/__/__/Drivers/STM32F4xx_HAL_Driver/Src/stm32f4xx_hal_tim.c.obj
 .debug_info    0x0000db37     0x1534 cmake/stm32cubemx/CMakeFiles/STM32_Drivers.dir/__/__/Drivers/STM32F4xx_HAL_Driver/Src/stm32f4xx_hal_tim_ex.c.obj
 .debug_info    0x0000f06b      0xe12 cmake/stm32cubemx/CMakeFiles/USB_Device_Library.dir/__/__/Middlewares/ST/STM32_USB_Device_Library/Core/Src/usbd_core.c.obj
 .debug_info    0x0000fe7d      0xaeb cmake/stm32cubemx/CMakeFiles/USB_Device_Library.dir/__/__/Middlewares/ST/STM32_USB_Device_Library/Core/Src/usbd_ctlreq.c.obj
 .debug_info    0x00010968      0x762 cmake/stm32cubemx/CMakeFiles/USB_Device_Library.dir/__/__/Middlewares/ST/STM32_USB_Device_Library/Core/Src/usbd_ioreq.c.obj
 .debug_info    0x000110ca     0x12b1 cmake/stm32cubemx/CMakeFiles/USB_Device_Library.dir/__/__/Middlewares/ST/STM32_USB_Device_Library/Class/CDC/Src/usbd_cdc.c.obj
 .debug_info    0x0001237b     0x1c13 CMakeFiles/APEX_NO_GPS.dir/USB_DEVICE/Target/usbd_conf.c.obj
 .debug_info    0x00013f8e      0x70e CMakeFiles/APEX_NO_GPS.dir/USB_DEVICE/App/usb_device.c.obj
 .debug_info    0x0001469c      0x458 CMakeFiles/APEX_NO_GPS.dir/USB_DEVICE/App/usbd_desc.c.obj
 .debug_info    0x00014af4      0x907 CMakeFiles/APEX_NO_GPS.dir/USB_DEVICE/App/usbd_cdc_if.c.obj
 .debug_info    0x000153fb      0x557 CMakeFiles/APEX_NO_GPS.dir/Core/Src/main.c.obj
 .debug_info    0x00015952      0x44f CMakeFiles/APEX_NO_GPS.dir/Core/Src/gpio.c.obj
 .debug_info    0x00015da1      0xa06 CMakeFiles/APEX_NO_GPS.dir/Core/Src/adc.c.obj
 .debug_info    0x000167a7      0x45e CMakeFiles/APEX_NO_GPS.dir/Core/Src/dma.c.obj
 .debug_info    0x00016c05      0xa0c CMakeFiles/APEX_NO_GPS.dir/Core/Src/i2c.c.obj
 .debug_info    0x00017611      0xa5f CMakeFiles/APEX_NO_GPS.dir/Core/Src/spi.c.obj
 .debug_info    0x00018070      0xd2d CMakeFiles/APEX_NO_GPS.dir/Core/Src/tim.c.obj
 .debug_info    0x00018d9d      0x937 CMakeFiles/APEX_NO_GPS.dir/Core/Src/stm32f4xx_it.c.obj
 .debug_info    0x000196d4      0x291 CMakeFiles/APEX_NO_GPS.dir/Core/Src/stm32f4xx_hal_msp.c.obj
 .debug_info    0x00019965       0x30 CMakeFiles/APEX_NO_GPS.dir/startup_stm32f411xe.s.obj

.debug_abbrev   0x00000000     0x43cd
 .debug_abbrev  0x00000000      0x11a cmake/stm32cubemx/CMakeFiles/STM32_Drivers.dir/__/__/Core/Src/system_stm32f4xx.c.obj
 .debug_abbrev  0x0000011a      0x2cb cmake/stm32cubemx/CMakeFiles/STM32_Drivers.dir/__/__/Drivers/STM32F4xx_HAL_Driver/Src/stm32f4xx_hal_pcd.c.obj
 .debug_abbrev  0x000003e5      0x1da cmake/stm32cubemx/CMakeFiles/STM32_Drivers.dir/__/__/Drivers/STM32F4xx_HAL_Driver/Src/stm32f4xx_hal_pcd_ex.c.obj
 .debug_abbrev  0x000005bf      0x2b3 cmake/stm32cubemx/CMakeFiles/STM32_Drivers.dir/__/__/Drivers/STM32F4xx_HAL_Driver/Src/stm32f4xx_ll_usb.c.obj
 .debug_abbrev  0x00000872      0x2cb cmake/stm32cubemx/CMakeFiles/STM32_Drivers.dir/__/__/Drivers/STM32F4xx_HAL_Driver/Src/stm32f4xx_hal_rcc.c.obj
 .debug_abbrev  0x00000b3d      0x1f0 cmake/stm32cubemx/CMakeFiles/STM32_Drivers.dir/__/__/Drivers/STM32F4xx_HAL_Driver/Src/stm32f4xx_hal_gpio.c.obj
 .debug_abbrev  0x00000d2d      0x236 cmake/stm32cubemx/CMakeFiles/STM32_Drivers.dir/__/__/Drivers/STM32F4xx_HAL_Driver/Src/stm32f4xx_hal_dma.c.obj
 .debug_abbrev  0x00000f63      0x339 cmake/stm32cubemx/CMakeFiles/STM32_Drivers.dir/__/__/Drivers/STM32F4xx_HAL_Driver/Src/stm32f4xx_hal_cortex.c.obj