Archive member included to satisfy reference by file (symbol)

C:/ST/STM32CubeCLT_1.15.1/GNU-tools-for-STM32/bin/../lib/gcc/arm-none-eabi/12.3.1/../../../../arm-none-eabi/lib/thumb/v7e-m+fp/hard\libc_nano.a(libc_a-exit.o)
                              C:/ST/STM32CubeCLT_1.15.1/GNU-tools-for-STM32/bin/../lib/gcc/arm-none-eabi/12.3.1/../../../../arm-none-eabi/lib/thumb/v7e-m+fp/hard/crt0.o (exit)
C:/ST/STM32CubeCLT_1.15.1/GNU-tools-for-STM32/bin/../lib/gcc/arm-none-eabi/12.3.1/../../../../arm-none-eabi/lib/thumb/v7e-m+fp/hard\libc_nano.a(libc_a-findfp.o)
                              C:/ST/STM32CubeCLT_1.15.1/GNU-tools-for-STM32/bin/../lib/gcc/arm-none-eabi/12.3.1/../../../../arm-none-eabi/lib/thumb/v7e-m+fp/hard\libc_nano.a(libc_a-exit.o) (__stdio_exit_handler)
C:/ST/STM32CubeCLT_1.15.1/GNU-tools-for-STM32/bin/../lib/gcc/arm-none-eabi/12.3.1/../../../../arm-none-eabi/lib/thumb/v7e-m+fp/hard\libc_nano.a(libc_a-fwalk.o)
                              C:/ST/STM32CubeCLT_1.15.1/GNU-tools-for-STM32/bin/../lib/gcc/arm-none-eabi/12.3.1/../../../../arm-none-eabi/lib/thumb/v7e-m+fp/hard\libc_nano.a(libc_a-findfp.o) (_fwalk_sglue)
C:/ST/STM32CubeCLT_1.15.1/GNU-tools-for-STM32/bin/../lib/gcc/arm-none-eabi/12.3.1/../../../../arm-none-eabi/lib/thumb/v7e-m+fp/hard\libc_nano.a(libc_a-stdio.o)
                              C:/ST/STM32CubeCLT_1.15.1/GNU-tools-for-STM32/bin/../lib/gcc/arm-none-eabi/12.3.1/../../../../arm-none-eabi/lib/thumb/v7e-m+fp/hard\libc_nano.a(libc_a-findfp.o) (__sread)
C:/ST/STM32CubeCLT_1.15.1/GNU-tools-for-STM32/bin/../lib/gcc/arm-none-eabi/12.3.1/../../../../arm-none-eabi/lib/thumb/v7e-m+fp/hard\libc_nano.a(libc_a-memset.o)
                              C:/ST/STM32CubeCLT_1.15.1/GNU-tools-for-STM32/bin/../lib/gcc/arm-none-eabi/12.3.1/../../../../arm-none-eabi/lib/thumb/v7e-m+fp/hard/crt0.o (memset)
C:/ST/STM32CubeCLT_1.15.1/GNU-tools-for-STM32/bin/../lib/gcc/arm-none-eabi/12.3.1/../../../../arm-none-eabi/lib/thumb/v7e-m+fp/hard\libc_nano.a(libc_a-closer.o)
                              C:/ST/STM32CubeCLT_1.15.1/GNU-tools-for-STM32/bin/../lib/gcc/arm-none-eabi/12.3.1/../../../../arm-none-eabi/lib/thumb/v7e-m+fp/hard\libc_nano.a(libc_a-stdio.o) (_close_r)
C:/ST/STM32CubeCLT_1.15.1/GNU-tools-for-STM32/bin/../lib/gcc/arm-none-eabi/12.3.1/../../../../arm-none-eabi/lib/thumb/v7e-m+fp/hard\libc_nano.a(libc_a-reent.o)
                              C:/ST/STM32CubeCLT_1.15.1/GNU-tools-for-STM32/bin/../lib/gcc/arm-none-eabi/12.3.1/../../../../arm-none-eabi/lib/thumb/v7e-m+fp/hard\libc_nano.a(libc_a-closer.o) (errno)
C:/ST/STM32CubeCLT_1.15.1/GNU-tools-for-STM32/bin/../lib/gcc/arm-none-eabi/12.3.1/../../../../arm-none-eabi/lib/thumb/v7e-m+fp/hard\libc_nano.a(libc_a-impure.o)
                              C:/ST/STM32CubeCLT_1.15.1/GNU-tools-for-STM32/bin/../lib/gcc/arm-none-eabi/12.3.1/../../../../arm-none-eabi/lib/thumb/v7e-m+fp/hard\libc_nano.a(libc_a-reent.o) (_impure_ptr)
C:/ST/STM32CubeCLT_1.15.1/GNU-tools-for-STM32/bin/../lib/gcc/arm-none-eabi/12.3.1/../../../../arm-none-eabi/lib/thumb/v7e-m+fp/hard\libc_nano.a(libc_a-lseekr.o)
                              C:/ST/STM32CubeCLT_1.15.1/GNU-tools-for-STM32/bin/../lib/gcc/arm-none-eabi/12.3.1/../../../../arm-none-eabi/lib/thumb/v7e-m+fp/hard\libc_nano.a(libc_a-stdio.o) (_lseek_r)
C:/ST/STM32CubeCLT_1.15.1/GNU-tools-for-STM32/bin/../lib/gcc/arm-none-eabi/12.3.1/../../../../arm-none-eabi/lib/thumb/v7e-m+fp/hard\libc_nano.a(libc_a-readr.o)
                              C:/ST/STM32CubeCLT_1.15.1/GNU-tools-for-STM32/bin/../lib/gcc/arm-none-eabi/12.3.1/../../../../arm-none-eabi/lib/thumb/v7e-m+fp/hard\libc_nano.a(libc_a-stdio.o) (_read_r)
C:/ST/STM32CubeCLT_1.15.1/GNU-tools-for-STM32/bin/../lib/gcc/arm-none-eabi/12.3.1/../../../../arm-none-eabi/lib/thumb/v7e-m+fp/hard\libc_nano.a(libc_a-writer.o)
                              C:/ST/STM32CubeCLT_1.15.1/GNU-tools-for-STM32/bin/../lib/gcc/arm-none-eabi/12.3.1/../../../../arm-none-eabi/lib/thumb/v7e-m+fp/hard\libc_nano.a(libc_a-stdio.o) (_write_r)
C:/ST/STM32CubeCLT_1.15.1/GNU-tools-for-STM32/bin/../lib/gcc/arm-none-eabi/12.3.1/../../../../arm-none-eabi/lib/thumb/v7e-m+fp/hard\libc_nano.a(libc_a-init.o)
                              C:/ST/STM32CubeCLT_1.15.1/GNU-tools-for-STM32/bin/../lib/gcc/arm-none-eabi/12.3.1/../../../../arm-none-eabi/lib/thumb/v7e-m+fp/hard/crt0.o (__libc_init_array)
C:/ST/STM32CubeCLT_1.15.1/GNU-tools-for-STM32/bin/../lib/gcc/arm-none-eabi/12.3.1/../../../../arm-none-eabi/lib/thumb/v7e-m+fp/hard\libc_nano.a(libc_a-lock.o)
                              C:/ST/STM32CubeCLT_1.15.1/GNU-tools-for-STM32/bin/../lib/gcc/arm-none-eabi/12.3.1/../../../../arm-none-eabi/lib/thumb/v7e-m+fp/hard\libc_nano.a(libc_a-findfp.o) (__retarget_lock_init_recursive)
C:/ST/STM32CubeCLT_1.15.1/GNU-tools-for-STM32/bin/../lib/gcc/arm-none-eabi/12.3.1/../../../../arm-none-eabi/lib/thumb/v7e-m+fp/hard\libc_nano.a(libc_a-freer.o)
[...]
Memory Configuration

Name             Origin             Length             Attributes
RAM              0x20000000         0x00020000         xrw
FLASH            0x08000000         0x00080000         xr
*default*        0x00000000         0xffffffff

Linker script and memory map

LOAD C:/ST/STM32CubeCLT_1.15.1/GNU-tools-for-STM32/bin/../lib/gcc/arm-none-eabi/12.3.1/thumb/v7e-m+fp/hard/crti.o
LOAD C:/ST/STM32CubeCLT_1.15.1/GNU-tools-for-STM32/bin/../lib/gcc/arm-none-eabi/12.3.1/thumb/v7e-m+fp/hard/crtbegin.o
LOAD C:/ST/STM32CubeCLT_1.15.1/GNU-tools-for-STM32/bin/../lib/gcc/arm-none-eabi/12.3.1/../../../../arm-none-eabi/lib/thumb/v7e-m+fp/hard/crt0.o
START GROUP
LOAD C:/ST/STM32CubeCLT_1.15.1/GNU-tools-for-STM32/bin/../lib/gcc/arm-none-eabi/12.3.1/../../../../arm-none-eabi/lib/thumb/v7e-m+fp/hard\libc_nano.a
LOAD C:/ST/STM32CubeCLT_1.15.1/GNU-tools-for-STM32/bin/../lib/gcc/arm-none-eabi/12.3.1/../../../../arm-none-eabi/lib/thumb/v7e-m+fp/hard\libm.a
END GROUP
LOAD CMakeFiles/TEST_I2C.dir/Core/Src/main.c.obj
LOAD CMakeFiles/TEST_I2C.dir/Core/Src/gpio.c.obj
LOAD CMakeFiles/TEST_I2C.dir/Core/Src/adc.c.obj
LOAD CMakeFiles/TEST_I2C.dir/Core/Src/dma.c.obj
LOAD CMakeFiles/TEST_I2C.dir/Core/Src/spi.c.obj
LOAD CMakeFiles/TEST_I2C.dir/Core/Src/tim.c.obj
LOAD CMakeFiles/TEST_I2C.dir/Core/Src/usart.c.obj
LOAD CMakeFiles/TEST_I2C.dir/Core/Src/stm32f4xx_it.c.obj
LOAD CMakeFiles/TEST_I2C.dir/Core/Src/stm32f4xx_hal_msp.c.obj
LOAD CMakeFiles/TEST_I2C.dir/USB_DEVICE/App/usb_device.c.obj
LOAD CMakeFiles/TEST_I2C.dir/USB_DEVICE/App/usbd_desc.c.obj
LOAD CMakeFiles/TEST_I2C.dir/USB_DEVICE/App/usbd_cdc_if.c.obj
LOAD CMakeFiles/TEST_I2C.dir/USB_DEVICE/Target/usbd_conf.c.obj
LOAD CMakeFiles/TEST_I2C.dir/C_/Users/alexi/STM32Cube/Repository/STM32Cube_FW_F4_V1.28.1/Drivers/STM32F4xx_HAL_Driver/Src/stm32f4xx_hal_pcd.c.obj
LOAD CMakeFiles/TEST_I2C.dir/C_/Users/alexi/STM32Cube/Repository/STM32Cube_FW_F4_V1.28.1/Drivers/STM32F4xx_HAL_Driver/Src/stm32f4xx_hal_pcd_ex.c.obj
LOAD CMakeFiles/TEST_I2C.dir/C_/Users/alexi/STM32Cube/Repository/STM32Cube_FW_F4_V1.28.1/Drivers/STM32F4xx_HAL_Driver/Src/stm32f4xx_ll_usb.c.obj
LOAD CMakeFiles/TEST_I2C.dir/C_/Users/alexi/STM32Cube/Repository/STM32Cube_FW_F4_V1.28.1/Drivers/STM32F4xx_HAL_Driver/Src/stm32f4xx_hal_rcc.c.obj
LOAD CMakeFiles/TEST_I2C.dir/C_/Users/alexi/STM32Cube/Repository/STM32Cube_FW_F4_V1.28.1/Drivers/STM32F4xx_HAL_Driver/Src/stm32f4xx_hal_rcc_ex.c.obj
LOAD CMakeFiles/TEST_I2C.dir/C_/Users/alexi/STM32Cube/Repository/STM32Cube_FW_F4_V1.28.1/Drivers/STM32F4xx_HAL_Driver/Src/stm32f4xx_hal_flash.c.obj
LOAD CMakeFiles/TEST_I2C.dir/C_/Users/alexi/STM32Cube/Repository/STM32Cube_FW_F4_V1.28.1/Drivers/STM32F4xx_HAL_Driver/Src/stm32f4xx_hal_flash_ex.c.obj
LOAD CMakeFiles/TEST_I2C.dir/C_/Users/alexi/STM32Cube/Repository/STM32Cube_FW_F4_V1.28.1/Drivers/STM32F4xx_HAL_Driver/Src/stm32f4xx_hal_flash_ramfunc.c.obj
LOAD CMakeFiles/TEST_I2C.dir/C_/Users/alexi/STM32Cube/Repository/STM32Cube_FW_F4_V1.28.1/Drivers/STM32F4xx_HAL_Driver/Src/stm32f4xx_hal_gpio.c.obj
LOAD CMakeFiles/TEST_I2C.dir/C_/Users/alexi/STM32Cube/Repository/STM32Cube_FW_F4_V1.28.1/Drivers/STM32F4xx_HAL_Driver/Src/stm32f4xx_hal_dma_ex.c.obj
LOAD CMakeFiles/TEST_I2C.dir/C_/Users/alexi/STM32Cube/Repository/STM32Cube_FW_F4_V1.28.1/Drivers/STM32F4xx_HAL_Driver/Src/stm32f4xx_hal_dma.c.obj
LOAD CMakeFiles/TEST_I2C.dir/C_/Users/alexi/STM32Cube/Repository/STM32Cube_FW_F4_V1.28.1/Drivers/STM32F4xx_HAL_Driver/Src/stm32f4xx_hal_pwr.c.obj
LOAD CMakeFiles/TEST_I2C.dir/C_/Users/alexi/STM32Cube/Repository/STM32Cube_FW_F4_V1.28.1/Drivers/STM32F4xx_HAL_Driver/Src/stm32f4xx_hal_pwr_ex.c.obj
LOAD CMakeFiles/TEST_I2C.dir/C_/Users/alexi/STM32Cube/Repository/STM32Cube_FW_F4_V1.28.1/Drivers/STM32F4xx_HAL_Driver/Src/stm32f4xx_hal_cortex.c.obj
LOAD CMakeFiles/TEST_I2C.dir/C_/Users/alexi/STM32Cube/Repository/STM32Cube_FW_F4_V1.28.1/Drivers/STM32F4xx_HAL_Driver/Src/stm32f4xx_hal.c.obj
LOAD CMakeFiles/TEST_I2C.dir/C_/Users/alexi/STM32Cube/Repository/STM32Cube_FW_F4_V1.28.1/Drivers/STM32F4xx_HAL_Driver/Src/stm32f4xx_hal_exti.c.obj
LOAD CMakeFiles/TEST_I2C.dir/C_/Users/alexi/STM32Cube/Repository/STM32Cube_FW_F4_V1.28.1/Drivers/STM32F4xx_HAL_Driver/Src/stm32f4xx_hal_adc.c.obj
LOAD CMakeFiles/TEST_I2C.dir/C_/Users/alexi/STM32Cube/Repository/STM32Cube_FW_F4_V1.28.1/Drivers/STM32F4xx_HAL_Driver/Src/stm32f4xx_hal_adc_ex.c.obj
LOAD CMakeFiles/TEST_I2C.dir/C_/Users/alexi/STM32Cube/Repository/STM32Cube_FW_F4_V1.28.1/Drivers/STM32F4xx_HAL_Driver/Src/stm32f4xx_ll_adc.c.obj
LOAD CMakeFiles/TEST_I2C.dir/C_/Users/alexi/STM32Cube/Repository/STM32Cube_FW_F4_V1.28.1/Drivers/STM32F4xx_HAL_Driver/Src/stm32f4xx_hal_spi.c.obj
LOAD CMakeFiles/TEST_I2C.dir/C_/Users/alexi/STM32Cube/Repository/STM32Cube_FW_F4_V1.28.1/Drivers/STM32F4xx_HAL_Driver/Src/stm32f4xx_hal_tim.c.obj
LOAD CMakeFiles/TEST_I2C.dir/C_/Users/alexi/STM32Cube/Repository/STM32Cube_FW_F4_V1.28.1/Drivers/STM32F4xx_HAL_Driver/Src/stm32f4xx_hal_tim_ex.c.obj
LOAD CMakeFiles/TEST_I2C.dir/C_/Users/alexi/STM32Cube/Repository/STM32Cube_FW_F4_V1.28.1/Drivers/STM32F4xx_HAL_Driver/Src/stm32f4xx_hal_uart.c.obj
LOAD CMakeFiles/TEST_I2C.dir/Core/Src/system_stm32f4xx.c.obj
LOAD CMakeFiles/TEST_I2C.dir/C_/Users/alexi/STM32Cube/Repository/STM32Cube_FW_F4_V1.28.1/Middlewares/ST/STM32_USB_Device_Library/Core/Src/usbd_core.c.obj
LOAD CMakeFiles/TEST_I2C.dir/C_/Users/alexi/STM32Cube/Repository/STM32Cube_FW_F4_V1.28.1/Middlewares/ST/STM32_USB_Device_Library/Core/Src/usbd_ctlreq.c.obj
LOAD CMakeFiles/TEST_I2C.dir/C_/Users/alexi/STM32Cube/Repository/STM32Cube_FW_F4_V1.28.1/Middlewares/ST/STM32_USB_Device_Library/Core/Src/usbd_ioreq.c.obj
LOAD CMakeFiles/TEST_I2C.dir/C_/Users/alexi/STM32Cube/Repository/STM32Cube_FW_F4_V1.28.1/Middlewares/ST/STM32_USB_Device_Library/Class/CDC/Src/usbd_cdc.c.obj
LOAD CMakeFiles/TEST_I2C.dir/Core/Src/sysmem.c.obj
LOAD CMakeFiles/TEST_I2C.dir/Core/Src/syscalls.c.obj
LOAD CMakeFiles/TEST_I2C.dir/startup_stm32f411xe.s.obj
START GROUP
LOAD C:/ST/STM32CubeCLT_1.15.1/GNU-tools-for-STM32/bin/../lib/gcc/arm-none-eabi/12.3.1/thumb/v7e-m+fp/hard\libgcc.a
LOAD C:/ST/STM32CubeCLT_1.15.1/GNU-tools-for-STM32/bin/../lib/gcc/arm-none-eabi/12.3.1/../../../../arm-none-eabi/lib/thumb/v7e-m+fp/hard\libg_nano.a
LOAD C:/ST/STM32CubeCLT_1.15.1/GNU-tools-for-STM32/bin/../lib/gcc/arm-none-eabi/12.3.1/../../../../arm-none-eabi/lib/thumb/v7e-m+fp/hard\libc_nano.a
END GROUP
START GROUP
LOAD C:/ST/STM32CubeCLT_1.15.1/GNU-tools-for-STM32/bin/../lib/gcc/arm-none-eabi/12.3.1/thumb/v7e-m+fp/hard\libgcc.a
LOAD C:/ST/STM32CubeCLT_1.15.1/GNU-tools-for-STM32/bin/../lib/gcc/arm-none-eabi/12.3.1/../../../../arm-none-eabi/lib/thumb/v7e-m+fp/hard\libc_nano.a
END GROUP
LOAD C:/ST/STM32CubeCLT_1.15.1/GNU-tools-for-STM32/bin/../lib/gcc/arm-none-eabi/12.3.1/thumb/v7e-m+fp/hard/crtend.o
LOAD C:/ST/STM32CubeCLT_1.15.1/GNU-tools-for-STM32/bin/../lib/gcc/arm-none-eabi/12.3.1/thumb/v7e-m+fp/hard/crtn.o
                0x20020000                        _estack = (ORIGIN (RAM) + LENGTH (RAM))
                0x00000200                        _Min_Heap_Size = 0x200
                0x00000400                        _Min_Stack_Size = 0x400

.isr_vector     0x08000000      0x198
                0x08000000                        . = ALIGN (0x4)
 *(.isr_vector)
 .isr_vector    0x08000000      0x198 CMakeFiles/TEST_I2C.dir/startup_stm32f411xe.s.obj
                0x08000000                g_pfnVectors
                0x08000198                        . = ALIGN (0x4)

.text           0x080001a0     0xb8c0
                0x080001a0                        . = ALIGN (0x4)
 *(.text)
 .text          0x080001a0       0x40 C:/ST/STM32CubeCLT_1.15.1/GNU-tools-for-STM32/bin/../lib/gcc/arm-none-eabi/12.3.1/thumb/v7e-m+fp/hard/crtbegin.o
 .text          0x080001e0       0x30 C:/ST/STM32CubeCLT_1.15.1/GNU-tools-for-STM32/bin/../lib/gcc/arm-none-eabi/12.3.1/thumb/v7e-m+fp/hard\libgcc.a(_aeabi_uldivmod.o)
                0x080001e0                __aeabi_uldivmod
 .text          0x08000210      0x2bc C:/ST/STM32CubeCLT_1.15.1/GNU-tools-for-STM32/bin/../lib/gcc/arm-none-eabi/12.3.1/thumb/v7e-m+fp/hard\libgcc.a(_udivmoddi4.o)
                0x08000210                __udivmoddi4
 .text          0x080004cc        0x4 C:/ST/STM32CubeCLT_1.15.1/GNU-tools-for-STM32/bin/../lib/gcc/arm-none-eabi/12.3.1/thumb/v7e-m+fp/hard\libgcc.a(_dvmd_tls.o)
                0x080004cc                __aeabi_idiv0
                0x080004cc                __aeabi_ldiv0
 .text          0x080004d0       0x10 C:/ST/STM32CubeCLT_1.15.1/GNU-tools-for-STM32/bin/../lib/gcc/arm-none-eabi/12.3.1/../../../../arm-none-eabi/lib/thumb/v7e-m+fp/hard\libg_nano.a(libc_a-strlen.o)
                0x080004d0                strlen
 .text          0x080004e0       0xa0 C:/ST/STM32CubeCLT_1.15.1/GNU-tools-for-STM32/bin/../lib/gcc/arm-none-eabi/12.3.1/../../../../arm-none-eabi/lib/thumb/v7e-m+fp/hard\libg_nano.a(libc_a-memchr.o)
                0x080004e0                memchr
 *(.text*)
 .text.memset   0x08000580       0x10 C:/ST/STM32CubeCLT_1.15.1/GNU-tools-for-STM32/bin/../lib/gcc/arm-none-eabi/12.3.1/../../../../arm-none-eabi/lib/thumb/v7e-m+fp/hard\libc_nano.a(libc_a-memset.o)
                0x08000580                memset
 .text.__libc_init_array
                0x08000590       0x48 C:/ST/STM32CubeCLT_1.15.1/GNU-tools-for-STM32/bin/../lib/gcc/arm-none-eabi/12.3.1/../../../../arm-none-eabi/lib/thumb/v7e-m+fp/hard\libc_nano.a(libc_a-init.o)
                0x08000590                __libc_init_array
 .text.__retarget_lock_acquire_recursive
                0x080005d8        0x2 C:/ST/STM32CubeCLT_1.15.1/GNU-tools-for-STM32/bin/../lib/gcc/arm-none-eabi/12.3.1/../../../../arm-none-eabi/lib/thumb/v7e-m+fp/hard\libc_nano.a(libc_a-lock.o)
                0x080005d8                __retarget_lock_acquire_recursive
 .text.__retarget_lock_release_recursive
                0x080005da        0x2 C:/ST/STM32CubeCLT_1.15.1/GNU-tools-for-STM32/bin/../lib/gcc/arm-none-eabi/12.3.1/../../../../arm-none-eabi/lib/thumb/v7e-m+fp/hard\libc_nano.a(libc_a-lock.o)
                0x080005da                __retarget_lock_release_recursive
 .text._free_r  0x080005dc       0x94 C:/ST/STM32CubeCLT_1.15.1/GNU-tools-for-STM32/bin/../lib/gcc/arm-none-eabi/12.3.1/../../../../arm-none-eabi/lib/thumb/v7e-m+fp/hard\libc_nano.a(libc_a-freer.o)
                0x080005dc                _free_r
 .text.sbrk_aligned
                0x08000670       0x44 C:/ST/STM32CubeCLT_1.15.1/GNU-tools-for-STM32/bin/../lib/gcc/arm-none-eabi/12.3.1/../../../../arm-none-eabi/lib/thumb/v7e-m+fp/hard\libc_nano.a(libc_a-mallocr.o)
 .text._malloc_r
                0x080006b4      0x100 C:/ST/STM32CubeCLT_1.15.1/GNU-tools-for-STM32/bin/../lib/gcc/arm-none-eabi/12.3.1/../../../../arm-none-eabi/lib/thumb/v7e-m+fp/hard\libc_nano.a(libc_a-mallocr.o)
                0x080006b4                _malloc_r
 .text.__malloc_lock
                0x080007b4        0xc C:/ST/STM32CubeCLT_1.15.1/GNU-tools-for-STM32/bin/../lib/gcc/arm-none-eabi/12.3.1/../../../../arm-none-eabi/lib/thumb/v7e-m+fp/hard\libc_nano.a(libc_a-mlock.o)
                0x080007b4                __malloc_lock
 .text.__malloc_unlock
                0x080007c0        0xc C:/ST/STM32CubeCLT_1.15.1/GNU-tools-for-STM32/bin/../lib/gcc/arm-none-eabi/12.3.1/../../../../arm-none-eabi/lib/thumb/v7e-m+fp/hard\libc_nano.a(libc_a-mlock.o)
                0x080007c0                __malloc_unlock
 .text._sbrk_r  0x080007cc       0x20 C:/ST/STM32CubeCLT_1.15.1/GNU-tools-for-STM32/bin/../lib/gcc/arm-none-eabi/12.3.1/../../../../arm-none-eabi/lib/thumb/v7e-m+fp/hard\libc_nano.a(libc_a-sbrkr.o)
                0x080007cc                _sbrk_r
 .text.main     0x080007ec       0xb0 CMakeFiles/TEST_I2C.dir/Core/Src/main.c.obj
                0x080007ec                main
 .text.SystemClock_Config
                0x0800089c       0xd0 CMakeFiles/TEST_I2C.dir/Core/Src/main.c.obj
                0x0800089c                SystemClock_Config
 .text.Error_Handler
                0x0800096c        0xc CMakeFiles/TEST_I2C.dir/Core/Src/main.c.obj
                0x0800096c                Error_Handler
 .text.assert_failed
                0x08000978       0x16 CMakeFiles/TEST_I2C.dir/Core/Src/main.c.obj
                0x08000978                assert_failed
 *fill*         0x0800098e        0x2 
 .text.MX_GPIO_Init
                0x08000990      0x1b0 CMakeFiles/TEST_I2C.dir/Core/Src/gpio.c.obj
                0x08000990                MX_GPIO_Init
 .text.MX_ADC1_Init
                0x08000b40       0xa4 CMakeFiles/TEST_I2C.dir/Core/Src/adc.c.obj
                0x08000b40                MX_ADC1_Init
 .text.HAL_ADC_MspInit
                0x08000be4       0xec CMakeFiles/TEST_I2C.dir/Core/Src/adc.c.obj
                0x08000be4                HAL_ADC_MspInit
 .text.MX_DMA_Init
                0x08000cd0       0xbc CMakeFiles/TEST_I2C.dir/Core/Src/dma.c.obj
                0x08000cd0                MX_DMA_Init
 .text.MX_SPI1_Init
                0x08000d8c       0x6c CMakeFiles/TEST_I2C.dir/Core/Src/spi.c.obj
                0x08000d8c                MX_SPI1_Init
 .text.MX_SPI2_Init
                0x08000df8       0x6c CMakeFiles/TEST_I2C.dir/Core/Src/spi.c.obj
                0x08000df8                MX_SPI2_Init
 .text.HAL_SPI_MspInit
                0x08000e64      0x2cc CMakeFiles/TEST_I2C.dir/Core/Src/spi.c.obj
                0x08000e64                HAL_SPI_MspInit
 .text.MX_TIM2_Init
                0x08001130      0x118 CMakeFiles/TEST_I2C.dir/Core/Src/tim.c.obj
                0x08001130                MX_TIM2_Init
 .text.MX_TIM3_Init
                0x08001248       0xec CMakeFiles/TEST_I2C.dir/Core/Src/tim.c.obj
                0x08001248                MX_TIM3_Init
 .text.MX_TIM4_Init
                0x08001334      0x118 CMakeFiles/TEST_I2C.dir/Core/Src/tim.c.obj
                0x08001334                MX_TIM4_Init
 .text.HAL_TIM_Base_MspInit
                0x0800144c       0x98 CMakeFiles/TEST_I2C.dir/Core/Src/tim.c.obj
                0x0800144c                HAL_TIM_Base_MspInit
 .text.HAL_TIM_MspPostInit
                0x080014e4      0x10c CMakeFiles/TEST_I2C.dir/Core/Src/tim.c.obj
                0x080014e4                HAL_TIM_MspPostInit
 .text.MX_USART1_UART_Init
                0x080015f0       0x54 CMakeFiles/TEST_I2C.dir/Core/Src/usart.c.obj
                0x080015f0                MX_USART1_UART_Init
 .text.HAL_UART_MspInit
                0x08001644      0x15c CMakeFiles/TEST_I2C.dir/Core/Src/usart.c.obj
                0x08001644                HAL_UART_MspInit
 .text.NMI_Handler
                0x080017a0        0x8 CMakeFiles/TEST_I2C.dir/Core/Src/stm32f4xx_it.c.obj
                0x080017a0                NMI_Handler
 .text.HardFault_Handler
                0x080017a8        0x8 CMakeFiles/TEST_I2C.dir/Core/Src/stm32f4xx_it.c.obj
                0x080017a8                HardFault_Handler
 .text.MemManage_Handler
                0x080017b0        0x8 CMakeFiles/TEST_I2C.dir/Core/Src/stm32f4xx_it.c.obj
                0x080017b0                MemManage_Handler
 .text.BusFault_Handler
                0x080017b8        0x8 CMakeFiles/TEST_I2C.dir/Core/Src/stm32f4xx_it.c.obj
                0x080017b8                BusFault_Handler
 .text.UsageFault_Handler
                0x080017c0        0x8 CMakeFiles/TEST_I2C.dir/Core/Src/stm32f4xx_it.c.obj
                0x080017c0                UsageFault_Handler
 .text.SVC_Handler
                0x080017c8        0xe CMakeFiles/TEST_I2C.dir/Core/Src/stm32f4xx_it.c.obj
                0x080017c8                SVC_Handler
 .text.DebugMon_Handler
                0x080017d6        0xe CMakeFiles/TEST_I2C.dir/Core/Src/stm32f4xx_it.c.obj
                0x080017d6                DebugMon_Handler
 .text.PendSV_Handler
                0x080017e4        0xe CMakeFiles/TEST_I2C.dir/Core/Src/stm32f4xx_it.c.obj
                0x080017e4                PendSV_Handler
 .text.SysTick_Handler
                0x080017f2        0xc CMakeFiles/TEST_I2C.dir/Core/Src/stm32f4xx_it.c.obj
                0x080017f2                SysTick_Handler
 *fill*         0x080017fe        0x2 
 .text.DMA1_Stream3_IRQHandler
                0x08001800       0x14 CMakeFiles/TEST_I2C.dir/Core/Src/stm32f4xx_it.c.obj
                0x08001800                DMA1_Stream3_IRQHandler
 .text.DMA1_Stream4_IRQHandler
                0x08001814       0x14 CMakeFiles/TEST_I2C.dir/Core/Src/stm32f4xx_it.c.obj
                0x08001814                DMA1_Stream4_IRQHandler
 .text.DMA2_Stream0_IRQHandler
                0x08001828       0x14 CMakeFiles/TEST_I2C.dir/Core/Src/stm32f4xx_it.c.obj
                0x08001828                DMA2_Stream0_IRQHandler
 .text.DMA2_Stream2_IRQHandler
                0x0800183c       0x14 CMakeFiles/TEST_I2C.dir/Core/Src/stm32f4xx_it.c.obj
                0x0800183c                DMA2_Stream2_IRQHandler
 .text.DMA2_Stream4_IRQHandler
                0x08001850       0x14 CMakeFiles/TEST_I2C.dir/Core/Src/stm32f4xx_it.c.obj
                0x08001850                DMA2_Stream4_IRQHandler
 .text.OTG_FS_IRQHandler
                0x08001864       0x14 CMakeFiles/TEST_I2C.dir/Core/Src/stm32f4xx_it.c.obj
                0x08001864                OTG_FS_IRQHandler
 .text.DMA2_Stream5_IRQHandler
                0x08001878       0x14 CMakeFiles/TEST_I2C.dir/Core/Src/stm32f4xx_it.c.obj
                0x08001878                DMA2_Stream5_IRQHandler
 .text.DMA2_Stream7_IRQHandler
                0x0800188c       0x14 CMakeFiles/TEST_I2C.dir/Core/Src/stm32f4xx_it.c.obj
                0x0800188c                DMA2_Stream7_IRQHandler
 .text.HAL_MspInit
                0x080018a0       0x50 CMakeFiles/TEST_I2C.dir/Core/Src/stm32f4xx_hal_msp.c.obj
                0x080018a0                HAL_MspInit
 .text.MX_USB_DEVICE_Init
                0x080018f0       0x60 CMakeFiles/TEST_I2C.dir/USB_DEVICE/App/usb_device.c.obj
                0x080018f0                MX_USB_DEVICE_Init
 .text.USBD_FS_DeviceDescriptor
                0x08001950       0x24 CMakeFiles/TEST_I2C.dir/USB_DEVICE/App/usbd_desc.c.obj
                0x08001950                USBD_FS_DeviceDescriptor
 .text.USBD_FS_LangIDStrDescriptor
                0x08001974       0x24 CMakeFiles/TEST_I2C.dir/USB_DEVICE/App/usbd_desc.c.obj
                0x08001974                USBD_FS_LangIDStrDescriptor
 .text.USBD_FS_ProductStrDescriptor
                0x08001998       0x3c CMakeFiles/TEST_I2C.dir/USB_DEVICE/App/usbd_desc.c.obj
                0x08001998                USBD_FS_ProductStrDescriptor
 .text.USBD_FS_ManufacturerStrDescriptor
                0x080019d4       0x28 CMakeFiles/TEST_I2C.dir/USB_DEVICE/App/usbd_desc.c.obj
                0x080019d4                USBD_FS_ManufacturerStrDescriptor
 .text.USBD_FS_SerialStrDescriptor
                0x080019fc       0x24 CMakeFiles/TEST_I2C.dir/USB_DEVICE/App/usbd_desc.c.obj
                0x080019fc                USBD_FS_SerialStrDescriptor
 .text.USBD_FS_ConfigStrDescriptor
                0x08001a20       0x3c CMakeFiles/TEST_I2C.dir/USB_DEVICE/App/usbd_desc.c.obj
                0x08001a20                USBD_FS_ConfigStrDescriptor
 .text.USBD_FS_InterfaceStrDescriptor
                0x08001a5c       0x3c CMakeFiles/TEST_I2C.dir/USB_DEVICE/App/usbd_desc.c.obj
                0x08001a5c                USBD_FS_InterfaceStrDescriptor
 .text.Get_SerialNum
                0x08001a98       0x58 CMakeFiles/TEST_I2C.dir/USB_DEVICE/App/usbd_desc.c.obj
 .text.IntToUnicode
                0x08001af0       0x7e CMakeFiles/TEST_I2C.dir/USB_DEVICE/App/usbd_desc.c.obj
 *fill*         0x08001b6e        0x2 
 .text.CDC_Init_FS
                0x08001b70       0x28 CMakeFiles/TEST_I2C.dir/USB_DEVICE/App/usbd_cdc_if.c.obj
 .text.CDC_DeInit_FS
                0x08001b98       0x10 CMakeFiles/TEST_I2C.dir/USB_DEVICE/App/usbd_cdc_if.c.obj
 .text.CDC_Control_FS
                0x08001ba8       0xbc CMakeFiles/TEST_I2C.dir/USB_DEVICE/App/usbd_cdc_if.c.obj
 .text.CDC_Receive_FS
                0x08001c64       0x28 CMakeFiles/TEST_I2C.dir/USB_DEVICE/App/usbd_cdc_if.c.obj
 .text.CDC_Transmit_FS
                0x08001c8c       0x4c CMakeFiles/TEST_I2C.dir/USB_DEVICE/App/usbd_cdc_if.c.obj
                0x08001c8c                CDC_Transmit_FS
 .text.CDC_TransmitCplt_FS
                0x08001cd8       0x22 CMakeFiles/TEST_I2C.dir/USB_DEVICE/App/usbd_cdc_if.c.obj
 *fill*         0x08001cfa        0x2 
 .text.HAL_PCD_MspInit
                0x08001cfc       0xa8 CMakeFiles/TEST_I2C.dir/USB_DEVICE/Target/usbd_conf.c.obj
                0x08001cfc                HAL_PCD_MspInit
 .text.HAL_PCD_SetupStageCallback
                0x08001da4       0x24 CMakeFiles/TEST_I2C.dir/USB_DEVICE/Target/usbd_conf.c.obj
                0x08001da4                HAL_PCD_SetupStageCallback
 .text.HAL_PCD_DataOutStageCallback
                0x08001dc8       0x36 CMakeFiles/TEST_I2C.dir/USB_DEVICE/Target/usbd_conf.c.obj
                0x08001dc8                HAL_PCD_DataOutStageCallback
 .text.HAL_PCD_DataInStageCallback
                0x08001dfe       0x34 CMakeFiles/TEST_I2C.dir/USB_DEVICE/Target/usbd_conf.c.obj
                0x08001dfe                HAL_PCD_DataInStageCallback
 .text.HAL_PCD_SOFCallback
                0x08001e32       0x1c CMakeFiles/TEST_I2C.dir/USB_DEVICE/Target/usbd_conf.c.obj
                0x08001e32                HAL_PCD_SOFCallback
 .text.HAL_PCD_ResetCallback
                0x08001e4e       0x3c CMakeFiles/TEST_I2C.dir/USB_DEVICE/Target/usbd_conf.c.obj
                0x08001e4e                HAL_PCD_ResetCallback
 *fill*         0x08001e8a        0x2 
 .text.HAL_PCD_SuspendCallback
                0x08001e8c       0x4c CMakeFiles/TEST_I2C.dir/USB_DEVICE/Target/usbd_conf.c.obj
                0x08001e8c                HAL_PCD_SuspendCallback
 .text.HAL_PCD_ResumeCallback
                0x08001ed8       0x1c CMakeFiles/TEST_I2C.dir/USB_DEVICE/Target/usbd_conf.c.obj
                0x08001ed8                HAL_PCD_ResumeCallback
 .text.HAL_PCD_ISOOUTIncompleteCallback
                0x08001ef4       0x24 CMakeFiles/TEST_I2C.dir/USB_DEVICE/Target/usbd_conf.c.obj
                0x08001ef4                HAL_PCD_ISOOUTIncompleteCallback
 .text.HAL_PCD_ISOINIncompleteCallback
                0x08001f18       0x24 CMakeFiles/TEST_I2C.dir/USB_DEVICE/Target/usbd_conf.c.obj
                0x08001f18                HAL_PCD_ISOINIncompleteCallback
 .text.HAL_PCD_ConnectCallback
                0x08001f3c       0x1c CMakeFiles/TEST_I2C.dir/USB_DEVICE/Target/usbd_conf.c.obj
                0x08001f3c                HAL_PCD_ConnectCallback
 .text.HAL_PCD_DisconnectCallback
                0x08001f58       0x1c CMakeFiles/TEST_I2C.dir/USB_DEVICE/Target/usbd_conf.c.obj
                0x08001f58                HAL_PCD_DisconnectCallback
 .text.USBD_LL_Init
                0x08001f74       0x98 CMakeFiles/TEST_I2C.dir/USB_DEVICE/Target/usbd_conf.c.obj
                0x08001f74                USBD_LL_Init
 .text.USBD_LL_Start
                0x0800200c       0x36 CMakeFiles/TEST_I2C.dir/USB_DEVICE/Target/usbd_conf.c.obj
                0x0800200c                USBD_LL_Start
 .text.USBD_LL_OpenEP
                0x08002042       0x4c CMakeFiles/TEST_I2C.dir/USB_DEVICE/Target/usbd_conf.c.obj
                0x08002042                USBD_LL_OpenEP
 .text.USBD_LL_CloseEP
                0x0800208e       0x3e CMakeFiles/TEST_I2C.dir/USB_DEVICE/Target/usbd_conf.c.obj
                0x0800208e                USBD_LL_CloseEP
 .text.USBD_LL_StallEP
                0x080020cc       0x3e CMakeFiles/TEST_I2C.dir/USB_DEVICE/Target/usbd_conf.c.obj
                0x080020cc                USBD_LL_StallEP
 .text.USBD_LL_ClearStallEP
                0x0800210a       0x3e CMakeFiles/TEST_I2C.dir/USB_DEVICE/Target/usbd_conf.c.obj
                0x0800210a                USBD_LL_ClearStallEP
 .text.USBD_LL_IsStallEP
                0x08002148       0x58 CMakeFiles/TEST_I2C.dir/USB_DEVICE/Target/usbd_conf.c.obj
                0x08002148                USBD_LL_IsStallEP
 .text.USBD_LL_SetUSBAddress
                0x080021a0       0x3e CMakeFiles/TEST_I2C.dir/USB_DEVICE/Target/usbd_conf.c.obj
                0x080021a0                USBD_LL_SetUSBAddress
 .text.USBD_LL_Transmit
                0x080021de       0x42 CMakeFiles/TEST_I2C.dir/USB_DEVICE/Target/usbd_conf.c.obj
                0x080021de                USBD_LL_Transmit
 .text.USBD_LL_PrepareReceive
                0x08002220       0x42 CMakeFiles/TEST_I2C.dir/USB_DEVICE/Target/usbd_conf.c.obj
                0x08002220                USBD_LL_PrepareReceive
 .text.USBD_LL_GetRxDataSize
                0x08002262       0x26 CMakeFiles/TEST_I2C.dir/USB_DEVICE/Target/usbd_conf.c.obj
                0x08002262                USBD_LL_GetRxDataSize
 .text.USBD_static_malloc
                0x08002288       0x1c CMakeFiles/TEST_I2C.dir/USB_DEVICE/Target/usbd_conf.c.obj
                0x08002288                USBD_static_malloc
 .text.USBD_static_free
                0x080022a4       0x14 CMakeFiles/TEST_I2C.dir/USB_DEVICE/Target/usbd_conf.c.obj
                0x080022a4                USBD_static_free
 .text.USBD_Get_USB_Status
                0x080022b8       0x58 CMakeFiles/TEST_I2C.dir/USB_DEVICE/Target/usbd_conf.c.obj
                0x080022b8                USBD_Get_USB_Status
 .text.HAL_PCD_Init
                0x08002310      0x234 CMakeFiles/TEST_I2C.dir/C_/Users/alexi/STM32Cube/Repository/STM32Cube_FW_F4_V1.28.1/Drivers/STM32F4xx_HAL_Driver/Src/stm32f4xx_hal_pcd.c.obj
                0x08002310                HAL_PCD_Init
 .text.HAL_PCD_Start
                0x08002544       0x6a CMakeFiles/TEST_I2C.dir/C_/Users/alexi/STM32Cube/Repository/STM32Cube_FW_F4_V1.28.1/Drivers/STM32F4xx_HAL_Driver/Src/stm32f4xx_hal_pcd.c.obj
                0x08002544                HAL_PCD_Start
 .text.HAL_PCD_IRQHandler
                0x080025ae      0x942 CMakeFiles/TEST_I2C.dir/C_/Users/alexi/STM32Cube/Repository/STM32Cube_FW_F4_V1.28.1/Drivers/STM32F4xx_HAL_Driver/Src/stm32f4xx_hal_pcd.c.obj
                0x080025ae                HAL_PCD_IRQHandler
 .text.HAL_PCD_SetAddress
                0x08002ef0       0x48 CMakeFiles/TEST_I2C.dir/C_/Users/alexi/STM32Cube/Repository/STM32Cube_FW_F4_V1.28.1/Drivers/STM32F4xx_HAL_Driver/Src/stm32f4xx_hal_pcd.c.obj
                0x08002ef0                HAL_PCD_SetAddress
 .text.HAL_PCD_EP_Open
                0x08002f38       0xd4 CMakeFiles/TEST_I2C.dir/C_/Users/alexi/STM32Cube/Repository/STM32Cube_FW_F4_V1.28.1/Drivers/STM32F4xx_HAL_Driver/Src/stm32f4xx_hal_pcd.c.obj
                0x08002f38                HAL_PCD_EP_Open
 .text.HAL_PCD_EP_Close
                0x0800300c       0x94 CMakeFiles/TEST_I2C.dir/C_/Users/alexi/STM32Cube/Repository/STM32Cube_FW_F4_V1.28.1/Drivers/STM32F4xx_HAL_Driver/Src/stm32f4xx_hal_pcd.c.obj
                0x0800300c                HAL_PCD_EP_Close
 .text.HAL_PCD_EP_Receive
                0x080030a0       0x76 CMakeFiles/TEST_I2C.dir/C_/Users/alexi/STM32Cube/Repository/STM32Cube_FW_F4_V1.28.1/Drivers/STM32F4xx_HAL_Driver/Src/stm32f4xx_hal_pcd.c.obj
                0x080030a0                HAL_PCD_EP_Receive
 .text.HAL_PCD_EP_GetRxCount
                0x08003116       0x30 CMakeFiles/TEST_I2C.dir/C_/Users/alexi/STM32Cube/Repository/STM32Cube_FW_F4_V1.28.1/Drivers/STM32F4xx_HAL_Driver/Src/stm32f4xx_hal_pcd.c.obj
                0x08003116                HAL_PCD_EP_GetRxCount
 .text.HAL_PCD_EP_Transmit
                0x08003146       0x74 CMakeFiles/TEST_I2C.dir/C_/Users/alexi/STM32Cube/Repository/STM32Cube_FW_F4_V1.28.1/Drivers/STM32F4xx_HAL_Driver/Src/stm32f4xx_hal_pcd.c.obj
                0x08003146                HAL_PCD_EP_Transmit
 .text.HAL_PCD_EP_SetStall
                0x080031ba       0xc6 CMakeFiles/TEST_I2C.dir/C_/Users/alexi/STM32Cube/Repository/STM32Cube_FW_F4_V1.28.1/Drivers/STM32F4xx_HAL_Driver/Src/stm32f4xx_hal_pcd.c.obj
                0x080031ba                HAL_PCD_EP_SetStall
 .text.HAL_PCD_EP_ClrStall
                0x08003280       0xac CMakeFiles/TEST_I2C.dir/C_/Users/alexi/STM32Cube/Repository/STM32Cube_FW_F4_V1.28.1/Drivers/STM32F4xx_HAL_Driver/Src/stm32f4xx_hal_pcd.c.obj
                0x08003280                HAL_PCD_EP_ClrStall
 .text.HAL_PCD_EP_Abort
                0x0800332c       0x62 CMakeFiles/TEST_I2C.dir/C_/Users/alexi/STM32Cube/Repository/STM32Cube_FW_F4_V1.28.1/Drivers/STM32F4xx_HAL_Driver/Src/stm32f4xx_hal_pcd.c.obj
                0x0800332c                HAL_PCD_EP_Abort
 .text.PCD_WriteEmptyTxFifo
                0x0800338e      0x118 CMakeFiles/TEST_I2C.dir/C_/Users/alexi/STM32Cube/Repository/STM32Cube_FW_F4_V1.28.1/Drivers/STM32F4xx_HAL_Driver/Src/stm32f4xx_hal_pcd.c.obj
 *fill*         0x080034a6        0x2 
 .text.PCD_EP_OutXfrComplete_int
                0x080034a8      0x1d0 CMakeFiles/TEST_I2C.dir/C_/Users/alexi/STM32Cube/Repository/STM32Cube_FW_F4_V1.28.1/Drivers/STM32F4xx_HAL_Driver/Src/stm32f4xx_hal_pcd.c.obj
 .text.PCD_EP_OutSetupPacket_int
                0x08003678       0x8c CMakeFiles/TEST_I2C.dir/C_/Users/alexi/STM32Cube/Repository/STM32Cube_FW_F4_V1.28.1/Drivers/STM32F4xx_HAL_Driver/Src/stm32f4xx_hal_pcd.c.obj
 .text.HAL_PCDEx_SetTxFiFo
                0x08003704       0x8e CMakeFiles/TEST_I2C.dir/C_/Users/alexi/STM32Cube/Repository/STM32Cube_FW_F4_V1.28.1/Drivers/STM32F4xx_HAL_Driver/Src/stm32f4xx_hal_pcd_ex.c.obj
                0x08003704                HAL_PCDEx_SetTxFiFo
 .text.HAL_PCDEx_SetRxFiFo
                0x08003792       0x22 CMakeFiles/TEST_I2C.dir/C_/Users/alexi/STM32Cube/Repository/STM32Cube_FW_F4_V1.28.1/Drivers/STM32F4xx_HAL_Driver/Src/stm32f4xx_hal_pcd_ex.c.obj
                0x08003792                HAL_PCDEx_SetRxFiFo
 .text.HAL_PCDEx_LPM_Callback
                0x080037b4       0x18 CMakeFiles/TEST_I2C.dir/C_/Users/alexi/STM32Cube/Repository/STM32Cube_FW_F4_V1.28.1/Drivers/STM32F4xx_HAL_Driver/Src/stm32f4xx_hal_pcd_ex.c.obj
                0x080037b4                HAL_PCDEx_LPM_Callback
 .text.USB_CoreInit
                0x080037cc       0xc8 CMakeFiles/TEST_I2C.dir/C_/Users/alexi/STM32Cube/Repository/STM32Cube_FW_F4_V1.28.1/Drivers/STM32F4xx_HAL_Driver/Src/stm32f4xx_ll_usb.c.obj
                0x080037cc                USB_CoreInit
 .text.USB_SetTurnaroundTime
                0x08003894      0x144 CMakeFiles/TEST_I2C.dir/C_/Users/alexi/STM32Cube/Repository/STM32Cube_FW_F4_V1.28.1/Drivers/STM32F4xx_HAL_Driver/Src/stm32f4xx_ll_usb.c.obj
                0x08003894                USB_SetTurnaroundTime
 .text.USB_EnableGlobalInt
                0x080039d8       0x22 CMakeFiles/TEST_I2C.dir/C_/Users/alexi/STM32Cube/Repository/STM32Cube_FW_F4_V1.28.1/Drivers/STM32F4xx_HAL_Driver/Src/stm32f4xx_ll_usb.c.obj
                0x080039d8                USB_EnableGlobalInt
 .text.USB_DisableGlobalInt
                0x080039fa       0x22 CMakeFiles/TEST_I2C.dir/C_/Users/alexi/STM32Cube/Repository/STM32Cube_FW_F4_V1.28.1/Drivers/STM32F4xx_HAL_Driver/Src/stm32f4xx_ll_usb.c.obj
                0x080039fa                USB_DisableGlobalInt
 .text.USB_SetCurrentMode
                0x08003a1c       0x98 CMakeFiles/TEST_I2C.dir/C_/Users/alexi/STM32Cube/Repository/STM32Cube_FW_F4_V1.28.1/Drivers/STM32F4xx_HAL_Driver/Src/stm32f4xx_ll_usb.c.obj
                0x08003a1c                USB_SetCurrentMode
 .text.USB_DevInit
                0x08003ab4      0x2c8 CMakeFiles/TEST_I2C.dir/C_/Users/alexi/STM32Cube/Repository/STM32Cube_FW_F4_V1.28.1/Drivers/STM32F4xx_HAL_Driver/Src/stm32f4xx_ll_usb.c.obj
                0x08003ab4                USB_DevInit
 .text.USB_FlushTxFifo
                0x08003d7c       0x64 CMakeFiles/TEST_I2C.dir/C_/Users/alexi/STM32Cube/Repository/STM32Cube_FW_F4_V1.28.1/Drivers/STM32F4xx_HAL_Driver/Src/stm32f4xx_ll_usb.c.obj
                0x08003d7c                USB_FlushTxFifo
 .text.USB_FlushRxFifo
                0x08003de0       0x5c CMakeFiles/TEST_I2C.dir/C_/Users/alexi/STM32Cube/Repository/STM32Cube_FW_F4_V1.28.1/Drivers/STM32F4xx_HAL_Driver/Src/stm32f4xx_ll_usb.c.obj
                0x08003de0                USB_FlushRxFifo
 .text.USB_SetDevSpeed
                0x08003e3c       0x32 CMakeFiles/TEST_I2C.dir/C_/Users/alexi/STM32Cube/Repository/STM32Cube_FW_F4_V1.28.1/Drivers/STM32F4xx_HAL_Driver/Src/stm32f4xx_ll_usb.c.obj
                0x08003e3c                USB_SetDevSpeed
 .text.USB_GetDevSpeed
                0x08003e6e       0x4a CMakeFiles/TEST_I2C.dir/C_/Users/alexi/STM32Cube/Repository/STM32Cube_FW_F4_V1.28.1/Drivers/STM32F4xx_HAL_Driver/Src/stm32f4xx_ll_usb.c.obj
                0x08003e6e                USB_GetDevSpeed
 .text.USB_ActivateEndpoint
                0x08003eb8      0x10e CMakeFiles/TEST_I2C.dir/C_/Users/alexi/STM32Cube/Repository/STM32Cube_FW_F4_V1.28.1/Drivers/STM32F4xx_HAL_Driver/Src/stm32f4xx_ll_usb.c.obj
                0x08003eb8                USB_ActivateEndpoint
 *fill*         0x08003fc6        0x2 
 .text.USB_DeactivateEndpoint
                0x08003fc8      0x1b8 CMakeFiles/TEST_I2C.dir/C_/Users/alexi/STM32Cube/Repository/STM32Cube_FW_F4_V1.28.1/Drivers/STM32F4xx_HAL_Driver/Src/stm32f4xx_ll_usb.c.obj
                0x08003fc8                USB_DeactivateEndpoint
 .text.USB_EPStartXfer
                0x08004180      0x53c CMakeFiles/TEST_I2C.dir/C_/Users/alexi/STM32Cube/Repository/STM32Cube_FW_F4_V1.28.1/Drivers/STM32F4xx_HAL_Driver/Src/stm32f4xx_ll_usb.c.obj
                0x08004180                USB_EPStartXfer
 .text.USB_EPStopXfer
                0x080046bc      0x154 CMakeFiles/TEST_I2C.dir/C_/Users/alexi/STM32Cube/Repository/STM32Cube_FW_F4_V1.28.1/Drivers/STM32F4xx_HAL_Driver/Src/stm32f4xx_ll_usb.c.obj
                0x080046bc                USB_EPStopXfer
 .text.USB_WritePacket
                0x08004810       0x7c CMakeFiles/TEST_I2C.dir/C_/Users/alexi/STM32Cube/Repository/STM32Cube_FW_F4_V1.28.1/Drivers/STM32F4xx_HAL_Driver/Src/stm32f4xx_ll_usb.c.obj
                0x08004810                USB_WritePacket
 .text.USB_ReadPacket
                0x0800488c       0xb0 CMakeFiles/TEST_I2C.dir/C_/Users/alexi/STM32Cube/Repository/STM32Cube_FW_F4_V1.28.1/Drivers/STM32F4xx_HAL_Driver/Src/stm32f4xx_ll_usb.c.obj
                0x0800488c                USB_ReadPacket
 .text.USB_EPSetStall
                0x0800493c       0xdc CMakeFiles/TEST_I2C.dir/C_/Users/alexi/STM32Cube/Repository/STM32Cube_FW_F4_V1.28.1/Drivers/STM32F4xx_HAL_Driver/Src/stm32f4xx_ll_usb.c.obj
                0x0800493c                USB_EPSetStall
 .text.USB_EPClearStall
                0x08004a18       0xcc CMakeFiles/TEST_I2C.dir/C_/Users/alexi/STM32Cube/Repository/STM32Cube_FW_F4_V1.28.1/Drivers/STM32F4xx_HAL_Driver/Src/stm32f4xx_ll_usb.c.obj
                0x08004a18                USB_EPClearStall
 .text.USB_SetDevAddress
                0x08004ae4       0x4c CMakeFiles/TEST_I2C.dir/C_/Users/alexi/STM32Cube/Repository/STM32Cube_FW_F4_V1.28.1/Drivers/STM32F4xx_HAL_Driver/Src/stm32f4xx_ll_usb.c.obj
                0x08004ae4                USB_SetDevAddress
 .text.USB_DevConnect
                0x08004b30       0x42 CMakeFiles/TEST_I2C.dir/C_/Users/alexi/STM32Cube/Repository/STM32Cube_FW_F4_V1.28.1/Drivers/STM32F4xx_HAL_Driver/Src/stm32f4xx_ll_usb.c.obj
                0x08004b30                USB_DevConnect
 .text.USB_DevDisconnect
                0x08004b72       0x42 CMakeFiles/TEST_I2C.dir/C_/Users/alexi/STM32Cube/Repository/STM32Cube_FW_F4_V1.28.1/Drivers/STM32F4xx_HAL_Driver/Src/stm32f4xx_ll_usb.c.obj
                0x08004b72                USB_DevDisconnect
 .text.USB_ReadInterrupts
                0x08004bb4       0x26 CMakeFiles/TEST_I2C.dir/C_/Users/alexi/STM32Cube/Repository/STM32Cube_FW_F4_V1.28.1/Drivers/STM32F4xx_HAL_Driver/Src/stm32f4xx_ll_usb.c.obj
                0x08004bb4                USB_ReadInterrupts
 .text.USB_ReadDevAllOutEpInterrupt
                0x08004bda       0x34 CMakeFiles/TEST_I2C.dir/C_/Users/alexi/STM32Cube/Repository/STM32Cube_FW_F4_V1.28.1/Drivers/STM32F4xx_HAL_Driver/Src/stm32f4xx_ll_usb.c.obj
                0x08004bda                USB_ReadDevAllOutEpInterrupt
 .text.USB_ReadDevAllInEpInterrupt
                0x08004c0e       0x34 CMakeFiles/TEST_I2C.dir/C_/Users/alexi/STM32Cube/Repository/STM32Cube_FW_F4_V1.28.1/Drivers/STM32F4xx_HAL_Driver/Src/stm32f4xx_ll_usb.c.obj
                0x08004c0e                USB_ReadDevAllInEpInterrupt
 .text.USB_ReadDevOutEPInterrupt
                0x08004c42       0x3c CMakeFiles/TEST_I2C.dir/C_/Users/alexi/STM32Cube/Repository/STM32Cube_FW_F4_V1.28.1/Drivers/STM32F4xx_HAL_Driver/Src/stm32f4xx_ll_usb.c.obj
                0x08004c42                USB_ReadDevOutEPInterrupt
 .text.USB_ReadDevInEPInterrupt
                0x08004c7e       0x5c CMakeFiles/TEST_I2C.dir/C_/Users/alexi/STM32Cube/Repository/STM32Cube_FW_F4_V1.28.1/Drivers/STM32F4xx_HAL_Driver/Src/stm32f4xx_ll_usb.c.obj
                0x08004c7e                USB_ReadDevInEPInterrupt
 .text.USB_GetMode
                0x08004cda       0x1c CMakeFiles/TEST_I2C.dir/C_/Users/alexi/STM32Cube/Repository/STM32Cube_FW_F4_V1.28.1/Drivers/STM32F4xx_HAL_Driver/Src/stm32f4xx_ll_usb.c.obj
                0x08004cda                USB_GetMode
 .text.USB_ActivateSetup
                0x08004cf6       0x46 CMakeFiles/TEST_I2C.dir/C_/Users/alexi/STM32Cube/Repository/STM32Cube_FW_F4_V1.28.1/Drivers/STM32F4xx_HAL_Driver/Src/stm32f4xx_ll_usb.c.obj
                0x08004cf6                USB_ActivateSetup
 .text.USB_EP0_OutStart
                0x08004d3c       0xbc CMakeFiles/TEST_I2C.dir/C_/Users/alexi/STM32Cube/Repository/STM32Cube_FW_F4_V1.28.1/Drivers/STM32F4xx_HAL_Driver/Src/stm32f4xx_ll_usb.c.obj
                0x08004d3c                USB_EP0_OutStart
 .text.USB_CoreReset
                0x08004df8       0x62 CMakeFiles/TEST_I2C.dir/C_/Users/alexi/STM32Cube/Repository/STM32Cube_FW_F4_V1.28.1/Drivers/STM32F4xx_HAL_Driver/Src/stm32f4xx_ll_usb.c.obj
 *fill*         0x08004e5a        0x2 
 .text.HAL_RCC_OscConfig
                0x08004e5c      0x658 CMakeFiles/TEST_I2C.dir/C_/Users/alexi/STM32Cube/Repository/STM32Cube_FW_F4_V1.28.1/Drivers/STM32F4xx_HAL_Driver/Src/stm32f4xx_hal_rcc.c.obj
                0x08004e5c                HAL_RCC_OscConfig
 .text.HAL_RCC_ClockConfig
                0x080054b4      0x31c CMakeFiles/TEST_I2C.dir/C_/Users/alexi/STM32Cube/Repository/STM32Cube_FW_F4_V1.28.1/Drivers/STM32F4xx_HAL_Driver/Src/stm32f4xx_hal_rcc.c.obj
                0x080054b4                HAL_RCC_ClockConfig
 .text.HAL_RCC_GetSysClockFreq
                0x080057d0      0x18c CMakeFiles/TEST_I2C.dir/C_/Users/alexi/STM32Cube/Repository/STM32Cube_FW_F4_V1.28.1/Drivers/STM32F4xx_HAL_Driver/Src/stm32f4xx_hal_rcc.c.obj
                0x080057d0                HAL_RCC_GetSysClockFreq
 .text.HAL_RCC_GetHCLKFreq
                0x0800595c       0x18 CMakeFiles/TEST_I2C.dir/C_/Users/alexi/STM32Cube/Repository/STM32Cube_FW_F4_V1.28.1/Drivers/STM32F4xx_HAL_Driver/Src/stm32f4xx_hal_rcc.c.obj
                0x0800595c                HAL_RCC_GetHCLKFreq
 .text.HAL_RCC_GetPCLK1Freq
                0x08005974       0x28 CMakeFiles/TEST_I2C.dir/C_/Users/alexi/STM32Cube/Repository/STM32Cube_FW_F4_V1.28.1/Drivers/STM32F4xx_HAL_Driver/Src/stm32f4xx_hal_rcc.c.obj
                0x08005974                HAL_RCC_GetPCLK1Freq
 .text.HAL_RCC_GetPCLK2Freq
                0x0800599c       0x28 CMakeFiles/TEST_I2C.dir/C_/Users/alexi/STM32Cube/Repository/STM32Cube_FW_F4_V1.28.1/Drivers/STM32F4xx_HAL_Driver/Src/stm32f4xx_hal_rcc.c.obj
                0x0800599c                HAL_RCC_GetPCLK2Freq
 .text.HAL_GPIO_Init
                0x080059c4      0x530 CMakeFiles/TEST_I2C.dir/C_/Users/alexi/STM32Cube/Repository/STM32Cube_FW_F4_V1.28.1/Drivers/STM32F4xx_HAL_Driver/Src/stm32f4xx_hal_gpio.c.obj
                0x080059c4                HAL_GPIO_Init
 .text.HAL_GPIO_ReadPin
                0x08005ef4       0x40 CMakeFiles/TEST_I2C.dir/C_/Users/alexi/STM32Cube/Repository/STM32Cube_FW_F4_V1.28.1/Drivers/STM32F4xx_HAL_Driver/Src/stm32f4xx_hal_gpio.c.obj
                0x08005ef4                HAL_GPIO_ReadPin
 .text.HAL_GPIO_WritePin
                0x08005f34       0x58 CMakeFiles/TEST_I2C.dir/C_/Users/alexi/STM32Cube/Repository/STM32Cube_FW_F4_V1.28.1/Drivers/STM32F4xx_HAL_Driver/Src/stm32f4xx_hal_gpio.c.obj
                0x08005f34                HAL_GPIO_WritePin
 .text.HAL_DMA_Init
                0x08005f8c      0x434 CMakeFiles/TEST_I2C.dir/C_/Users/alexi/STM32Cube/Repository/STM32Cube_FW_F4_V1.28.1/Drivers/STM32F4xx_HAL_Driver/Src/stm32f4xx_hal_dma.c.obj
                0x08005f8c                HAL_DMA_Init
 .text.HAL_DMA_IRQHandler
                0x080063c0      0x314 CMakeFiles/TEST_I2C.dir/C_/Users/alexi/STM32Cube/Repository/STM32Cube_FW_F4_V1.28.1/Drivers/STM32F4xx_HAL_Driver/Src/stm32f4xx_hal_dma.c.obj
                0x080063c0                HAL_DMA_IRQHandler
 .text.DMA_CalcBaseAndBitshift
                0x080066d4       0x6c CMakeFiles/TEST_I2C.dir/C_/Users/alexi/STM32Cube/Repository/STM32Cube_FW_F4_V1.28.1/Drivers/STM32F4xx_HAL_Driver/Src/stm32f4xx_hal_dma.c.obj
 .text.DMA_CheckFifoParam
                0x08006740       0xf8 CMakeFiles/TEST_I2C.dir/C_/Users/alexi/STM32Cube/Repository/STM32Cube_FW_F4_V1.28.1/Drivers/STM32F4xx_HAL_Driver/Src/stm32f4xx_hal_dma.c.obj
 .text.__NVIC_SetPriorityGrouping
                0x08006838       0x48 CMakeFiles/TEST_I2C.dir/C_/Users/alexi/STM32Cube/Repository/STM32Cube_FW_F4_V1.28.1/Drivers/STM32F4xx_HAL_Driver/Src/stm32f4xx_hal_cortex.c.obj
 .text.__NVIC_GetPriorityGrouping
                0x08006880       0x1c CMakeFiles/TEST_I2C.dir/C_/Users/alexi/STM32Cube/Repository/STM32Cube_FW_F4_V1.28.1/Drivers/STM32F4xx_HAL_Driver/Src/stm32f4xx_hal_cortex.c.obj
 .text.__NVIC_EnableIRQ
                0x0800689c       0x3c CMakeFiles/TEST_I2C.dir/C_/Users/alexi/STM32Cube/Repository/STM32Cube_FW_F4_V1.28.1/Drivers/STM32F4xx_HAL_Driver/Src/stm32f4xx_hal_cortex.c.obj
 .text.__NVIC_SetPriority
                0x080068d8       0x54 CMakeFiles/TEST_I2C.dir/C_/Users/alexi/STM32Cube/Repository/STM32Cube_FW_F4_V1.28.1/Drivers/STM32F4xx_HAL_Driver/Src/stm32f4xx_hal_cortex.c.obj
 .text.NVIC_EncodePriority
                0x0800692c       0x66 CMakeFiles/TEST_I2C.dir/C_/Users/alexi/STM32Cube/Repository/STM32Cube_FW_F4_V1.28.1/Drivers/STM32F4xx_HAL_Driver/Src/stm32f4xx_hal_cortex.c.obj
 *fill*         0x08006992        0x2 
 .text.SysTick_Config
                0x08006994       0x44 CMakeFiles/TEST_I2C.dir/C_/Users/alexi/STM32Cube/Repository/STM32Cube_FW_F4_V1.28.1/Drivers/STM32F4xx_HAL_Driver/Src/stm32f4xx_hal_cortex.c.obj
 .text.HAL_NVIC_SetPriorityGrouping
                0x080069d8       0x40 CMakeFiles/TEST_I2C.dir/C_/Users/alexi/STM32Cube/Repository/STM32Cube_FW_F4_V1.28.1/Drivers/STM32F4xx_HAL_Driver/Src/stm32f4xx_hal_cortex.c.obj
                0x080069d8                HAL_NVIC_SetPriorityGrouping
 .text.HAL_NVIC_SetPriority
                0x08006a18       0x58 CMakeFiles/TEST_I2C.dir/C_/Users/alexi/STM32Cube/Repository/STM32Cube_FW_F4_V1.28.1/Drivers/STM32F4xx_HAL_Driver/Src/stm32f4xx_hal_cortex.c.obj
                0x08006a18                HAL_NVIC_SetPriority
 .text.HAL_NVIC_EnableIRQ
                0x08006a70       0x30 CMakeFiles/TEST_I2C.dir/C_/Users/alexi/STM32Cube/Repository/STM32Cube_FW_F4_V1.28.1/Drivers/STM32F4xx_HAL_Driver/Src/stm32f4xx_hal_cortex.c.obj
                0x08006a70                HAL_NVIC_EnableIRQ
 .text.HAL_SYSTICK_Config
                0x08006aa0       0x18 CMakeFiles/TEST_I2C.dir/C_/Users/alexi/STM32Cube/Repository/STM32Cube_FW_F4_V1.28.1/Drivers/STM32F4xx_HAL_Driver/Src/stm32f4xx_hal_cortex.c.obj
                0x08006aa0                HAL_SYSTICK_Config
 .text.HAL_Init
                0x08006ab8       0x44 CMakeFiles/TEST_I2C.dir/C_/Users/alexi/STM32Cube/Repository/STM32Cube_FW_F4_V1.28.1/Drivers/STM32F4xx_HAL_Driver/Src/stm32f4xx_hal.c.obj
                0x08006ab8                HAL_Init
 .text.HAL_InitTick
                0x08006afc       0x60 CMakeFiles/TEST_I2C.dir/C_/Users/alexi/STM32Cube/Repository/STM32Cube_FW_F4_V1.28.1/Drivers/STM32F4xx_HAL_Driver/Src/stm32f4xx_hal.c.obj
                0x08006afc                HAL_InitTick
 .text.HAL_IncTick
                0x08006b5c       0x28 CMakeFiles/TEST_I2C.dir/C_/Users/alexi/STM32Cube/Repository/STM32Cube_FW_F4_V1.28.1/Drivers/STM32F4xx_HAL_Driver/Src/stm32f4xx_hal.c.obj
                0x08006b5c                HAL_IncTick
 .text.HAL_GetTick
                0x08006b84       0x18 CMakeFiles/TEST_I2C.dir/C_/Users/alexi/STM32Cube/Repository/STM32Cube_FW_F4_V1.28.1/Drivers/STM32F4xx_HAL_Driver/Src/stm32f4xx_hal.c.obj
                0x08006b84                HAL_GetTick
 .text.HAL_Delay
                0x08006b9c       0x48 CMakeFiles/TEST_I2C.dir/C_/Users/alexi/STM32Cube/Repository/STM32Cube_FW_F4_V1.28.1/Drivers/STM32F4xx_HAL_Driver/Src/stm32f4xx_hal.c.obj
                0x08006b9c                HAL_Delay
 .text.HAL_ADC_Init
                0x08006be4      0x2bc CMakeFiles/TEST_I2C.dir/C_/Users/alexi/STM32Cube/Repository/STM32Cube_FW_F4_V1.28.1/Drivers/STM32F4xx_HAL_Driver/Src/stm32f4xx_hal_adc.c.obj
                0x08006be4                HAL_ADC_Init
 .text.HAL_ADC_ConfigChannel
                0x08006ea0      0x2ec CMakeFiles/TEST_I2C.dir/C_/Users/alexi/STM32Cube/Repository/STM32Cube_FW_F4_V1.28.1/Drivers/STM32F4xx_HAL_Driver/Src/stm32f4xx_hal_adc.c.obj
                0x08006ea0                HAL_ADC_ConfigChannel
 .text.ADC_Init
                0x0800718c      0x214 CMakeFiles/TEST_I2C.dir/C_/Users/alexi/STM32Cube/Repository/STM32Cube_FW_F4_V1.28.1/Drivers/STM32F4xx_HAL_Driver/Src/stm32f4xx_hal_adc.c.obj
 .text.HAL_SPI_Init
                0x080073a0      0x338 CMakeFiles/TEST_I2C.dir/C_/Users/alexi/STM32Cube/Repository/STM32Cube_FW_F4_V1.28.1/Drivers/STM32F4xx_HAL_Driver/Src/stm32f4xx_hal_spi.c.obj
                0x080073a0                HAL_SPI_Init
 .text.HAL_TIM_Base_Init
                0x080076d8      0x1dc CMakeFiles/TEST_I2C.dir/C_/Users/alexi/STM32Cube/Repository/STM32Cube_FW_F4_V1.28.1/Drivers/STM32F4xx_HAL_Driver/Src/stm32f4xx_hal_tim.c.obj
                0x080076d8                HAL_TIM_Base_Init
 .text.HAL_TIM_PWM_Init
                0x080078b4      0x1dc CMakeFiles/TEST_I2C.dir/C_/Users/alexi/STM32Cube/Repository/STM32Cube_FW_F4_V1.28.1/Drivers/STM32F4xx_HAL_Driver/Src/stm32f4xx_hal_tim.c.obj
                0x080078b4                HAL_TIM_PWM_Init
 .text.HAL_TIM_PWM_MspInit
                0x08007a90       0x14 CMakeFiles/TEST_I2C.dir/C_/Users/alexi/STM32Cube/Repository/STM32Cube_FW_F4_V1.28.1/Drivers/STM32F4xx_HAL_Driver/Src/stm32f4xx_hal_tim.c.obj
                0x08007a90                HAL_TIM_PWM_MspInit
 .text.HAL_TIM_PWM_ConfigChannel
                0x08007aa4      0x34c CMakeFiles/TEST_I2C.dir/C_/Users/alexi/STM32Cube/Repository/STM32Cube_FW_F4_V1.28.1/Drivers/STM32F4xx_HAL_Driver/Src/stm32f4xx_hal_tim.c.obj
                0x08007aa4                HAL_TIM_PWM_ConfigChannel
 .text.HAL_TIM_ConfigClockSource
                0x08007df0      0x620 CMakeFiles/TEST_I2C.dir/C_/Users/alexi/STM32Cube/Repository/STM32Cube_FW_F4_V1.28.1/Drivers/STM32F4xx_HAL_Driver/Src/stm32f4xx_hal_tim.c.obj
                0x08007df0                HAL_TIM_ConfigClockSource
 .text.TIM_Base_SetConfig
                0x08008410      0x118 CMakeFiles/TEST_I2C.dir/C_/Users/alexi/STM32Cube/Repository/STM32Cube_FW_F4_V1.28.1/Drivers/STM32F4xx_HAL_Driver/Src/stm32f4xx_hal_tim.c.obj
                0x08008410                TIM_Base_SetConfig
 .text.TIM_OC1_SetConfig
                0x08008528      0x120 CMakeFiles/TEST_I2C.dir/C_/Users/alexi/STM32Cube/Repository/STM32Cube_FW_F4_V1.28.1/Drivers/STM32F4xx_HAL_Driver/Src/stm32f4xx_hal_tim.c.obj
 .text.TIM_OC2_SetConfig
                0x08008648      0x128 CMakeFiles/TEST_I2C.dir/C_/Users/alexi/STM32Cube/Repository/STM32Cube_FW_F4_V1.28.1/Drivers/STM32F4xx_HAL_Driver/Src/stm32f4xx_hal_tim.c.obj
                0x08008648                TIM_OC2_SetConfig
 .text.TIM_OC3_SetConfig
                0x08008770      0x128 CMakeFiles/TEST_I2C.dir/C_/Users/alexi/STM32Cube/Repository/STM32Cube_FW_F4_V1.28.1/Drivers/STM32F4xx_HAL_Driver/Src/stm32f4xx_hal_tim.c.obj
 .text.TIM_OC4_SetConfig
                0x08008898       0xbc CMakeFiles/TEST_I2C.dir/C_/Users/alexi/STM32Cube/Repository/STM32Cube_FW_F4_V1.28.1/Drivers/STM32F4xx_HAL_Driver/Src/stm32f4xx_hal_tim.c.obj
 .text.TIM_TI1_ConfigInputStage
                0x08008954       0x5e CMakeFiles/TEST_I2C.dir/C_/Users/alexi/STM32Cube/Repository/STM32Cube_FW_F4_V1.28.1/Drivers/STM32F4xx_HAL_Driver/Src/stm32f4xx_hal_tim.c.obj
 .text.TIM_TI2_ConfigInputStage
                0x080089b2       0x60 CMakeFiles/TEST_I2C.dir/C_/Users/alexi/STM32Cube/Repository/STM32Cube_FW_F4_V1.28.1/Drivers/STM32F4xx_HAL_Driver/Src/stm32f4xx_hal_tim.c.obj
 .text.TIM_ITRx_SetConfig
                0x08008a12       0x36 CMakeFiles/TEST_I2C.dir/C_/Users/alexi/STM32Cube/Repository/STM32Cube_FW_F4_V1.28.1/Drivers/STM32F4xx_HAL_Driver/Src/stm32f4xx_hal_tim.c.obj
 .text.TIM_ETR_SetConfig
                0x08008a48       0x40 CMakeFiles/TEST_I2C.dir/C_/Users/alexi/STM32Cube/Repository/STM32Cube_FW_F4_V1.28.1/Drivers/STM32F4xx_HAL_Driver/Src/stm32f4xx_hal_tim.c.obj
                0x08008a48                TIM_ETR_SetConfig
 .text.HAL_TIMEx_MasterConfigSynchronization
                0x08008a88      0x17c CMakeFiles/TEST_I2C.dir/C_/Users/alexi/STM32Cube/Repository/STM32Cube_FW_F4_V1.28.1/Drivers/STM32F4xx_HAL_Driver/Src/stm32f4xx_hal_tim_ex.c.obj
                0x08008a88                HAL_TIMEx_MasterConfigSynchronization
 .text.HAL_UART_Init
                0x08008c04      0x174 CMakeFiles/TEST_I2C.dir/C_/Users/alexi/STM32Cube/Repository/STM32Cube_FW_F4_V1.28.1/Drivers/STM32F4xx_HAL_Driver/Src/stm32f4xx_hal_uart.c.obj
                0x08008c04                HAL_UART_Init
 .text.UART_SetConfig
                0x08008d78      0x574 CMakeFiles/TEST_I2C.dir/C_/Users/alexi/STM32Cube/Repository/STM32Cube_FW_F4_V1.28.1/Drivers/STM32F4xx_HAL_Driver/Src/stm32f4xx_hal_uart.c.obj
 .text.SystemInit
                0x080092ec       0x24 CMakeFiles/TEST_I2C.dir/Core/Src/system_stm32f4xx.c.obj
                0x080092ec                SystemInit
 .text.USBD_Init
                0x08009310       0x60 CMakeFiles/TEST_I2C.dir/C_/Users/alexi/STM32Cube/Repository/STM32Cube_FW_F4_V1.28.1/Middlewares/ST/STM32_USB_Device_Library/Core/Src/usbd_core.c.obj
                0x08009310                USBD_Init
 .text.USBD_RegisterClass
                0x08009370       0x6c CMakeFiles/TEST_I2C.dir/C_/Users/alexi/STM32Cube/Repository/STM32Cube_FW_F4_V1.28.1/Middlewares/ST/STM32_USB_Device_Library/Core/Src/usbd_core.c.obj
                0x08009370                USBD_RegisterClass
 .text.USBD_Start
                0x080093dc       0x18 CMakeFiles/TEST_I2C.dir/C_/Users/alexi/STM32Cube/Repository/STM32Cube_FW_F4_V1.28.1/Middlewares/ST/STM32_USB_Device_Library/Core/Src/usbd_core.c.obj
                0x080093dc                USBD_Start
 .text.USBD_RunTestMode
                0x080093f4       0x16 CMakeFiles/TEST_I2C.dir/C_/Users/alexi/STM32Cube/Repository/STM32Cube_FW_F4_V1.28.1/Middlewares/ST/STM32_USB_Device_Library/Core/Src/usbd_core.c.obj
                0x080093f4                USBD_RunTestMode
 .text.USBD_SetClassConfig
                0x0800940a       0x38 CMakeFiles/TEST_I2C.dir/C_/Users/alexi/STM32Cube/Repository/STM32Cube_FW_F4_V1.28.1/Middlewares/ST/STM32_USB_Device_Library/Core/Src/usbd_core.c.obj
                0x0800940a                USBD_SetClassConfig
 .text.USBD_ClrClassConfig
                0x08009442       0x34 CMakeFiles/TEST_I2C.dir/C_/Users/alexi/STM32Cube/Repository/STM32Cube_FW_F4_V1.28.1/Middlewares/ST/STM32_USB_Device_Library/Core/Src/usbd_core.c.obj
                0x08009442                USBD_ClrClassConfig
 .text.USBD_LL_SetupStage
                0x08009476       0xaa CMakeFiles/TEST_I2C.dir/C_/Users/alexi/STM32Cube/Repository/STM32Cube_FW_F4_V1.28.1/Middlewares/ST/STM32_USB_Device_Library/Core/Src/usbd_core.c.obj
                0x08009476                USBD_LL_SetupStage
 .text.USBD_LL_DataOutStage
                0x08009520      0x166 CMakeFiles/TEST_I2C.dir/C_/Users/alexi/STM32Cube/Repository/STM32Cube_FW_F4_V1.28.1/Middlewares/ST/STM32_USB_Device_Library/Core/Src/usbd_core.c.obj
                0x08009520                USBD_LL_DataOutStage
 .text.USBD_LL_DataInStage
                0x08009686      0x164 CMakeFiles/TEST_I2C.dir/C_/Users/alexi/STM32Cube/Repository/STM32Cube_FW_F4_V1.28.1/Middlewares/ST/STM32_USB_Device_Library/Core/Src/usbd_core.c.obj
                0x08009686                USBD_LL_DataInStage
 .text.USBD_LL_Reset
                0x080097ea       0xa4 CMakeFiles/TEST_I2C.dir/C_/Users/alexi/STM32Cube/Repository/STM32Cube_FW_F4_V1.28.1/Middlewares/ST/STM32_USB_Device_Library/Core/Src/usbd_core.c.obj
                0x080097ea                USBD_LL_Reset
 .text.USBD_LL_SetSpeed
                0x0800988e       0x20 CMakeFiles/TEST_I2C.dir/C_/Users/alexi/STM32Cube/Repository/STM32Cube_FW_F4_V1.28.1/Middlewares/ST/STM32_USB_Device_Library/Core/Src/usbd_core.c.obj
                0x0800988e                USBD_LL_SetSpeed
 .text.USBD_LL_Suspend
                0x080098ae       0x38 CMakeFiles/TEST_I2C.dir/C_/Users/alexi/STM32Cube/Repository/STM32Cube_FW_F4_V1.28.1/Middlewares/ST/STM32_USB_Device_Library/Core/Src/usbd_core.c.obj
                0x080098ae                USBD_LL_Suspend
 .text.USBD_LL_Resume
                0x080098e6       0x30 CMakeFiles/TEST_I2C.dir/C_/Users/alexi/STM32Cube/Repository/STM32Cube_FW_F4_V1.28.1/Middlewares/ST/STM32_USB_Device_Library/Core/Src/usbd_core.c.obj
                0x080098e6                USBD_LL_Resume
 .text.USBD_LL_SOF
                0x08009916       0x40 CMakeFiles/TEST_I2C.dir/C_/Users/alexi/STM32Cube/Repository/STM32Cube_FW_F4_V1.28.1/Middlewares/ST/STM32_USB_Device_Library/Core/Src/usbd_core.c.obj
                0x08009916                USBD_LL_SOF
 .text.USBD_LL_IsoINIncomplete
                0x08009956       0x64 CMakeFiles/TEST_I2C.dir/C_/Users/alexi/STM32Cube/Repository/STM32Cube_FW_F4_V1.28.1/Middlewares/ST/STM32_USB_Device_Library/Core/Src/usbd_core.c.obj
                0x08009956                USBD_LL_IsoINIncomplete
 .text.USBD_LL_IsoOUTIncomplete
                0x080099ba       0x64 CMakeFiles/TEST_I2C.dir/C_/Users/alexi/STM32Cube/Repository/STM32Cube_FW_F4_V1.28.1/Middlewares/ST/STM32_USB_Device_Library/Core/Src/usbd_core.c.obj
                0x080099ba                USBD_LL_IsoOUTIncomplete
 .text.USBD_LL_DevConnected
                0x08009a1e       0x16 CMakeFiles/TEST_I2C.dir/C_/Users/alexi/STM32Cube/Repository/STM32Cube_FW_F4_V1.28.1/Middlewares/ST/STM32_USB_Device_Library/Core/Src/usbd_core.c.obj
                0x08009a1e                USBD_LL_DevConnected
 .text.USBD_LL_DevDisconnected
                0x08009a34       0x46 CMakeFiles/TEST_I2C.dir/C_/Users/alexi/STM32Cube/Repository/STM32Cube_FW_F4_V1.28.1/Middlewares/ST/STM32_USB_Device_Library/Core/Src/usbd_core.c.obj
                0x08009a34                USBD_LL_DevDisconnected
 .text.USBD_CoreFindIF
                0x08009a7a       0x1a CMakeFiles/TEST_I2C.dir/C_/Users/alexi/STM32Cube/Repository/STM32Cube_FW_F4_V1.28.1/Middlewares/ST/STM32_USB_Device_Library/Core/Src/usbd_core.c.obj
                0x08009a7a                USBD_CoreFindIF
 .text.USBD_CoreFindEP
                0x08009a94       0x1a CMakeFiles/TEST_I2C.dir/C_/Users/alexi/STM32Cube/Repository/STM32Cube_FW_F4_V1.28.1/Middlewares/ST/STM32_USB_Device_Library/Core/Src/usbd_core.c.obj
                0x08009a94                USBD_CoreFindEP
 .text.USBD_GetEpDesc
                0x08009aae       0x70 CMakeFiles/TEST_I2C.dir/C_/Users/alexi/STM32Cube/Repository/STM32Cube_FW_F4_V1.28.1/Middlewares/ST/STM32_USB_Device_Library/Core/Src/usbd_core.c.obj
                0x08009aae                USBD_GetEpDesc
 .text.USBD_GetNextDesc
                0x08009b1e       0x38 CMakeFiles/TEST_I2C.dir/C_/Users/alexi/STM32Cube/Repository/STM32Cube_FW_F4_V1.28.1/Middlewares/ST/STM32_USB_Device_Library/Core/Src/usbd_core.c.obj
                0x08009b1e                USBD_GetNextDesc
 .text.SWAPBYTE
                0x08009b56       0x3c CMakeFiles/TEST_I2C.dir/C_/Users/alexi/STM32Cube/Repository/STM32Cube_FW_F4_V1.28.1/Middlewares/ST/STM32_USB_Device_Library/Core/Src/usbd_ctlreq.c.obj
 *fill*         0x08009b92        0x2 
 .text.USBD_StdDevReq
                0x08009b94       0xe4 CMakeFiles/TEST_I2C.dir/C_/Users/alexi/STM32Cube/Repository/STM32Cube_FW_F4_V1.28.1/Middlewares/ST/STM32_USB_Device_Library/Core/Src/usbd_ctlreq.c.obj
                0x08009b94                USBD_StdDevReq
 .text.USBD_StdItfReq
                0x08009c78       0xd8 CMakeFiles/TEST_I2C.dir/C_/Users/alexi/STM32Cube/Repository/STM32Cube_FW_F4_V1.28.1/Middlewares/ST/STM32_USB_Device_Library/Core/Src/usbd_ctlreq.c.obj
                0x08009c78                USBD_StdItfReq
 .text.USBD_StdEPReq
                0x08009d50      0x33a CMakeFiles/TEST_I2C.dir/C_/Users/alexi/STM32Cube/Repository/STM32Cube_FW_F4_V1.28.1/Middlewares/ST/STM32_USB_Device_Library/Core/Src/usbd_ctlreq.c.obj
                0x08009d50                USBD_StdEPReq
 *fill*         0x0800a08a        0x2 
 .text.USBD_GetDescriptor
                0x0800a08c      0x2d4 CMakeFiles/TEST_I2C.dir/C_/Users/alexi/STM32Cube/Repository/STM32Cube_FW_F4_V1.28.1/Middlewares/ST/STM32_USB_Device_Library/Core/Src/usbd_ctlreq.c.obj
 .text.USBD_SetAddress
                0x0800a360       0x88 CMakeFiles/TEST_I2C.dir/C_/Users/alexi/STM32Cube/Repository/STM32Cube_FW_F4_V1.28.1/Middlewares/ST/STM32_USB_Device_Library/Core/Src/usbd_ctlreq.c.obj
 .text.USBD_SetConfig
                0x0800a3e8      0x154 CMakeFiles/TEST_I2C.dir/C_/Users/alexi/STM32Cube/Repository/STM32Cube_FW_F4_V1.28.1/Middlewares/ST/STM32_USB_Device_Library/Core/Src/usbd_ctlreq.c.obj
 .text.USBD_GetConfig
                0x0800a53c       0x6c CMakeFiles/TEST_I2C.dir/C_/Users/alexi/STM32Cube/Repository/STM32Cube_FW_F4_V1.28.1/Middlewares/ST/STM32_USB_Device_Library/Core/Src/usbd_ctlreq.c.obj
 .text.USBD_GetStatus
                0x0800a5a8       0x68 CMakeFiles/TEST_I2C.dir/C_/Users/alexi/STM32Cube/Repository/STM32Cube_FW_F4_V1.28.1/Middlewares/ST/STM32_USB_Device_Library/Core/Src/usbd_ctlreq.c.obj
 .text.USBD_SetFeature
                0x0800a610       0x52 CMakeFiles/TEST_I2C.dir/C_/Users/alexi/STM32Cube/Repository/STM32Cube_FW_F4_V1.28.1/Middlewares/ST/STM32_USB_Device_Library/Core/Src/usbd_ctlreq.c.obj
 .text.USBD_ClrFeature
                0x0800a662       0x44 CMakeFiles/TEST_I2C.dir/C_/Users/alexi/STM32Cube/Repository/STM32Cube_FW_F4_V1.28.1/Middlewares/ST/STM32_USB_Device_Library/Core/Src/usbd_ctlreq.c.obj
 .text.USBD_ParseSetupRequest
                0x0800a6a6       0x74 CMakeFiles/TEST_I2C.dir/C_/Users/alexi/STM32Cube/Repository/STM32Cube_FW_F4_V1.28.1/Middlewares/ST/STM32_USB_Device_Library/Core/Src/usbd_ctlreq.c.obj
                0x0800a6a6                USBD_ParseSetupRequest
 .text.USBD_CtlError
                0x0800a71a       0x22 CMakeFiles/TEST_I2C.dir/C_/Users/alexi/STM32Cube/Repository/STM32Cube_FW_F4_V1.28.1/Middlewares/ST/STM32_USB_Device_Library/Core/Src/usbd_ctlreq.c.obj
                0x0800a71a                USBD_CtlError
 .text.USBD_GetString
                0x0800a73c       0xa4 CMakeFiles/TEST_I2C.dir/C_/Users/alexi/STM32Cube/Repository/STM32Cube_FW_F4_V1.28.1/Middlewares/ST/STM32_USB_Device_Library/Core/Src/usbd_ctlreq.c.obj
                0x0800a73c                USBD_GetString
 .text.USBD_GetLen
                0x0800a7e0       0x34 CMakeFiles/TEST_I2C.dir/C_/Users/alexi/STM32Cube/Repository/STM32Cube_FW_F4_V1.28.1/Middlewares/ST/STM32_USB_Device_Library/Core/Src/usbd_ctlreq.c.obj
 .text.USBD_CtlSendData
                0x0800a814       0x36 CMakeFiles/TEST_I2C.dir/C_/Users/alexi/STM32Cube/Repository/STM32Cube_FW_F4_V1.28.1/Middlewares/ST/STM32_USB_Device_Library/Core/Src/usbd_ioreq.c.obj
                0x0800a814                USBD_CtlSendData
 .text.USBD_CtlContinueSendData
                0x0800a84a       0x22 CMakeFiles/TEST_I2C.dir/C_/Users/alexi/STM32Cube/Repository/STM32Cube_FW_F4_V1.28.1/Middlewares/ST/STM32_USB_Device_Library/Core/Src/usbd_ioreq.c.obj
                0x0800a84a                USBD_CtlContinueSendData
 .text.USBD_CtlPrepareRx
                0x0800a86c       0x3a CMakeFiles/TEST_I2C.dir/C_/Users/alexi/STM32Cube/Repository/STM32Cube_FW_F4_V1.28.1/Middlewares/ST/STM32_USB_Device_Library/Core/Src/usbd_ioreq.c.obj
                0x0800a86c                USBD_CtlPrepareRx
 .text.USBD_CtlContinueRx
                0x0800a8a6       0x22 CMakeFiles/TEST_I2C.dir/C_/Users/alexi/STM32Cube/Repository/STM32Cube_FW_F4_V1.28.1/Middlewares/ST/STM32_USB_Device_Library/Core/Src/usbd_ioreq.c.obj
                0x0800a8a6                USBD_CtlContinueRx
 .text.USBD_CtlSendStatus
                0x0800a8c8       0x26 CMakeFiles/TEST_I2C.dir/C_/Users/alexi/STM32Cube/Repository/STM32Cube_FW_F4_V1.28.1/Middlewares/ST/STM32_USB_Device_Library/Core/Src/usbd_ioreq.c.obj
                0x0800a8c8                USBD_CtlSendStatus
 .text.USBD_CtlReceiveStatus
                0x0800a8ee       0x26 CMakeFiles/TEST_I2C.dir/C_/Users/alexi/STM32Cube/Repository/STM32Cube_FW_F4_V1.28.1/Middlewares/ST/STM32_USB_Device_Library/Core/Src/usbd_ioreq.c.obj
                0x0800a8ee                USBD_CtlReceiveStatus
 .text.USBD_CDC_Init
                0x0800a914      0x1f0 CMakeFiles/TEST_I2C.dir/C_/Users/alexi/STM32Cube/Repository/STM32Cube_FW_F4_V1.28.1/Middlewares/ST/STM32_USB_Device_Library/Class/CDC/Src/usbd_cdc.c.obj
 .text.USBD_CDC_DeInit
                0x0800ab04      0x104 CMakeFiles/TEST_I2C.dir/C_/Users/alexi/STM32Cube/Repository/STM32Cube_FW_F4_V1.28.1/Middlewares/ST/STM32_USB_Device_Library/Class/CDC/Src/usbd_cdc.c.obj
 .text.USBD_CDC_Setup
                0x0800ac08      0x1b8 CMakeFiles/TEST_I2C.dir/C_/Users/alexi/STM32Cube/Repository/STM32Cube_FW_F4_V1.28.1/Middlewares/ST/STM32_USB_Device_Library/Class/CDC/Src/usbd_cdc.c.obj
 .text.USBD_CDC_DataIn
                0x0800adc0       0xfe CMakeFiles/TEST_I2C.dir/C_/Users/alexi/STM32Cube/Repository/STM32Cube_FW_F4_V1.28.1/Middlewares/ST/STM32_USB_Device_Library/Class/CDC/Src/usbd_cdc.c.obj
 .text.USBD_CDC_DataOut
                0x0800aebe       0x70 CMakeFiles/TEST_I2C.dir/C_/Users/alexi/STM32Cube/Repository/STM32Cube_FW_F4_V1.28.1/Middlewares/ST/STM32_USB_Device_Library/Class/CDC/Src/usbd_cdc.c.obj
 .text.USBD_CDC_EP0_RxReady
                0x0800af2e       0x74 CMakeFiles/TEST_I2C.dir/C_/Users/alexi/STM32Cube/Repository/STM32Cube_FW_F4_V1.28.1/Middlewares/ST/STM32_USB_Device_Library/Class/CDC/Src/usbd_cdc.c.obj
 *fill*         0x0800afa2        0x2 
 .text.USBD_CDC_GetFSCfgDesc
                0x0800afa4       0x70 CMakeFiles/TEST_I2C.dir/C_/Users/alexi/STM32Cube/Repository/STM32Cube_FW_F4_V1.28.1/Middlewares/ST/STM32_USB_Device_Library/Class/CDC/Src/usbd_cdc.c.obj
 .text.USBD_CDC_GetHSCfgDesc
                0x0800b014       0x70 CMakeFiles/TEST_I2C.dir/C_/Users/alexi/STM32Cube/Repository/STM32Cube_FW_F4_V1.28.1/Middlewares/ST/STM32_USB_Device_Library/Class/CDC/Src/usbd_cdc.c.obj
 .text.USBD_CDC_GetOtherSpeedCfgDesc
                0x0800b084       0x70 CMakeFiles/TEST_I2C.dir/C_/Users/alexi/STM32Cube/Repository/STM32Cube_FW_F4_V1.28.1/Middlewares/ST/STM32_USB_Device_Library/Class/CDC/Src/usbd_cdc.c.obj
 .text.USBD_CDC_GetDeviceQualifierDescriptor
                0x0800b0f4       0x20 CMakeFiles/TEST_I2C.dir/C_/Users/alexi/STM32Cube/Repository/STM32Cube_FW_F4_V1.28.1/Middlewares/ST/STM32_USB_Device_Library/Class/CDC/Src/usbd_cdc.c.obj
                0x0800b0f4                USBD_CDC_GetDeviceQualifierDescriptor
 .text.USBD_CDC_RegisterInterface
                0x0800b114       0x34 CMakeFiles/TEST_I2C.dir/C_/Users/alexi/STM32Cube/Repository/STM32Cube_FW_F4_V1.28.1/Middlewares/ST/STM32_USB_Device_Library/Class/CDC/Src/usbd_cdc.c.obj
                0x0800b114                USBD_CDC_RegisterInterface
 .text.USBD_CDC_SetTxBuffer
                0x0800b148       0x44 CMakeFiles/TEST_I2C.dir/C_/Users/alexi/STM32Cube/Repository/STM32Cube_FW_F4_V1.28.1/Middlewares/ST/STM32_USB_Device_Library/Class/CDC/Src/usbd_cdc.c.obj
                0x0800b148                USBD_CDC_SetTxBuffer
 .text.USBD_CDC_SetRxBuffer
                0x0800b18c       0x3a CMakeFiles/TEST_I2C.dir/C_/Users/alexi/STM32Cube/Repository/STM32Cube_FW_F4_V1.28.1/Middlewares/ST/STM32_USB_Device_Library/Class/CDC/Src/usbd_cdc.c.obj
                0x0800b18c                USBD_CDC_SetRxBuffer
 *fill*         0x0800b1c6        0x2 
 .text.USBD_CDC_TransmitPacket
                0x0800b1c8       0x80 CMakeFiles/TEST_I2C.dir/C_/Users/alexi/STM32Cube/Repository/STM32Cube_FW_F4_V1.28.1/Middlewares/ST/STM32_USB_Device_Library/Class/CDC/Src/usbd_cdc.c.obj
                0x0800b1c8                USBD_CDC_TransmitPacket
 .text.USBD_CDC_ReceivePacket
                0x0800b248       0x6c CMakeFiles/TEST_I2C.dir/C_/Users/alexi/STM32Cube/Repository/STM32Cube_FW_F4_V1.28.1/Middlewares/ST/STM32_USB_Device_Library/Class/CDC/Src/usbd_cdc.c.obj
                0x0800b248                USBD_CDC_ReceivePacket
 .text._sbrk    0x0800b2b4       0x6c CMakeFiles/TEST_I2C.dir/Core/Src/sysmem.c.obj
                0x0800b2b4                _sbrk
 .text.Reset_Handler
                0x0800b320       0x50 CMakeFiles/TEST_I2C.dir/startup_stm32f411xe.s.obj
                0x0800b320                Reset_Handler
 .text.Default_Handler
                0x0800b370        0x2 CMakeFiles/TEST_I2C.dir/startup_stm32f411xe.s.obj
                0x0800b370                RTC_Alarm_IRQHandler
                0x0800b370                EXTI2_IRQHandler
                0x0800b370                SPI4_IRQHandler
                0x0800b370                TIM1_CC_IRQHandler
                0x0800b370                DMA1_Stream5_IRQHandler
                0x0800b370                PVD_IRQHandler
                0x0800b370                SDIO_IRQHandler
                0x0800b370                TAMP_STAMP_IRQHandler
                0x0800b370                EXTI3_IRQHandler
                0x0800b370                TIM1_UP_TIM10_IRQHandler
                0x0800b370                I2C3_ER_IRQHandler
                0x0800b370                EXTI0_IRQHandler
                0x0800b370                I2C2_EV_IRQHandler
                0x0800b370                DMA1_Stream2_IRQHandler
                0x0800b370                FPU_IRQHandler
                0x0800b370                SPI1_IRQHandler
                0x0800b370                TIM1_BRK_TIM9_IRQHandler
                0x0800b370                DMA2_Stream3_IRQHandler
                0x0800b370                USART6_IRQHandler
                0x0800b370                TIM4_IRQHandler
                0x0800b370                I2C1_EV_IRQHandler
                0x0800b370                DMA1_Stream6_IRQHandler
                0x0800b370                DMA1_Stream1_IRQHandler
                0x0800b370                TIM3_IRQHandler
                0x0800b370                RCC_IRQHandler
                0x0800b370                Default_Handler
                0x0800b370                EXTI15_10_IRQHandler
                0x0800b370                ADC_IRQHandler
                0x0800b370                DMA1_Stream7_IRQHandler
                0x0800b370                SPI5_IRQHandler
                0x0800b370                TIM5_IRQHandler
                0x0800b370                I2C3_EV_IRQHandler
                0x0800b370                EXTI9_5_IRQHandler
                0x0800b370                RTC_WKUP_IRQHandler
                0x0800b370                SPI2_IRQHandler
                0x0800b370                DMA1_Stream0_IRQHandler
                0x0800b370                EXTI4_IRQHandler
                0x0800b370                WWDG_IRQHandler
                0x0800b370                TIM2_IRQHandler
                0x0800b370                OTG_FS_WKUP_IRQHandler
                0x0800b370                TIM1_TRG_COM_TIM11_IRQHandler
                0x0800b370                EXTI1_IRQHandler
                0x0800b370                USART2_IRQHandler
                0x0800b370                I2C2_ER_IRQHandler
                0x0800b370                DMA2_Stream1_IRQHandler
                0x0800b370                FLASH_IRQHandler
                0x0800b370                USART1_IRQHandler
                0x0800b370                SPI3_IRQHandler
                0x0800b370                I2C1_ER_IRQHandler
                0x0800b370                DMA2_Stream6_IRQHandler
 *fill*         0x0800b372        0x2 
 .text.sprintf  0x0800b374       0x40 C:/ST/STM32CubeCLT_1.15.1/GNU-tools-for-STM32/bin/../lib/gcc/arm-none-eabi/12.3.1/../../../../arm-none-eabi/lib/thumb/v7e-m+fp/hard\libg_nano.a(libc_a-sprintf.o)
                0x0800b374                siprintf
                0x0800b374                sprintf
 .text.__errno  0x0800b3b4        0xc C:/ST/STM32CubeCLT_1.15.1/GNU-tools-for-STM32/bin/../lib/gcc/arm-none-eabi/12.3.1/../../../../arm-none-eabi/lib/thumb/v7e-m+fp/hard\libg_nano.a(libc_a-errno.o)
                0x0800b3b4                __errno
 .text.__ssputs_r
                0x0800b3c0       0xb6 C:/ST/STM32CubeCLT_1.15.1/GNU-tools-for-STM32/bin/../lib/gcc/arm-none-eabi/12.3.1/../../../../arm-none-eabi/lib/thumb/v7e-m+fp/hard\libg_nano.a(libc_a-nano-svfprintf.o)
                0x0800b3c0                __ssputs_r
 *fill*         0x0800b476        0x2 
 .text._svfprintf_r
                0x0800b478      0x1f8 C:/ST/STM32CubeCLT_1.15.1/GNU-tools-for-STM32/bin/../lib/gcc/arm-none-eabi/12.3.1/../../../../arm-none-eabi/lib/thumb/v7e-m+fp/hard\libg_nano.a(libc_a-nano-svfprintf.o)
                0x0800b478                _svfiprintf_r
                0x0800b478                _svfprintf_r
 .text._printf_common
                0x0800b670       0xda C:/ST/STM32CubeCLT_1.15.1/GNU-tools-for-STM32/bin/../lib/gcc/arm-none-eabi/12.3.1/../../../../arm-none-eabi/lib/thumb/v7e-m+fp/hard\libg_nano.a(libc_a-nano-vfprintf_i.o)
                0x0800b670                _printf_common
 *fill*         0x0800b74a        0x2 
 .text._printf_i
                0x0800b74c      0x240 C:/ST/STM32CubeCLT_1.15.1/GNU-tools-for-STM32/bin/../lib/gcc/arm-none-eabi/12.3.1/../../../../arm-none-eabi/lib/thumb/v7e-m+fp/hard\libg_nano.a(libc_a-nano-vfprintf_i.o)
                0x0800b74c                _printf_i
 .text.memmove  0x0800b98c       0x34 C:/ST/STM32CubeCLT_1.15.1/GNU-tools-for-STM32/bin/../lib/gcc/arm-none-eabi/12.3.1/../../../../arm-none-eabi/lib/thumb/v7e-m+fp/hard\libg_nano.a(libc_a-memmove.o)
                0x0800b98c                memmove
 .text.memcpy   0x0800b9c0       0x1c C:/ST/STM32CubeCLT_1.15.1/GNU-tools-for-STM32/bin/../lib/gcc/arm-none-eabi/12.3.1/../../../../arm-none-eabi/lib/thumb/v7e-m+fp/hard\libg_nano.a(libc_a-memcpy-stub.o)
                0x0800b9c0                memcpy
 .text._realloc_r
                0x0800b9dc       0x5c C:/ST/STM32CubeCLT_1.15.1/GNU-tools-for-STM32/bin/../lib/gcc/arm-none-eabi/12.3.1/../../../../arm-none-eabi/lib/thumb/v7e-m+fp/hard\libg_nano.a(libc_a-reallocr.o)
                0x0800b9dc                _realloc_r
 .text._malloc_usable_size_r
                0x0800ba38       0x10 C:/ST/STM32CubeCLT_1.15.1/GNU-tools-for-STM32/bin/../lib/gcc/arm-none-eabi/12.3.1/../../../../arm-none-eabi/lib/thumb/v7e-m+fp/hard\libg_nano.a(libc_a-msizer.o)
                0x0800ba38                _malloc_usable_size_r
 *(.glue_7)
 .glue_7        0x0800ba48        0x0 linker stubs
 *(.glue_7t)
 .glue_7t       0x0800ba48        0x0 linker stubs
 *(.eh_frame)
 .eh_frame      0x0800ba48        0x0 C:/ST/STM32CubeCLT_1.15.1/GNU-tools-for-STM32/bin/../lib/gcc/arm-none-eabi/12.3.1/thumb/v7e-m+fp/hard/crtbegin.o
 *(.init)
 .init          0x0800ba48        0x4 C:/ST/STM32CubeCLT_1.15.1/GNU-tools-for-STM32/bin/../lib/gcc/arm-none-eabi/12.3.1/thumb/v7e-m+fp/hard/crti.o
                0x0800ba48                _init
 .init          0x0800ba4c        0x8 C:/ST/STM32CubeCLT_1.15.1/GNU-tools-for-STM32/bin/../lib/gcc/arm-none-eabi/12.3.1/thumb/v7e-m+fp/hard/crtn.o
 *(.fini)
 .fini          0x0800ba54        0x4 C:/ST/STM32CubeCLT_1.15.1/GNU-tools-for-STM32/bin/../lib/gcc/arm-none-eabi/12.3.1/thumb/v7e-m+fp/hard/crti.o
                0x0800ba54                _fini
 .fini          0x0800ba58        0x8 C:/ST/STM32CubeCLT_1.15.1/GNU-tools-for-STM32/bin/../lib/gcc/arm-none-eabi/12.3.1/thumb/v7e-m+fp/hard/crtn.o
                0x0800ba60                        . = ALIGN (0x4)
                0x0800ba60                        _etext = .

.vfp11_veneer   0x0800ba60        0x0
 .vfp11_veneer  0x0800ba60        0x0 linker stubs

.v4_bx          0x0800ba60        0x0
 .v4_bx         0x0800ba60        0x0 linker stubs

.iplt           0x0800ba60        0x0
 .iplt          0x0800ba60        0x0 C:/ST/STM32CubeCLT_1.15.1/GNU-tools-for-STM32/bin/../lib/gcc/arm-none-eabi/12.3.1/thumb/v7e-m+fp/hard/crtbegin.o

.rodata         0x0800ba60      0x538
                0x0800ba60                        . = ALIGN (0x4)
 *(.rodata)
 .rodata        0x0800ba60       0x13 CMakeFiles/TEST_I2C.dir/Core/Src/main.c.obj
 *fill*         0x0800ba73        0x1 
 .rodata        0x0800ba74       0x46 CMakeFiles/TEST_I2C.dir/USB_DEVICE/App/usbd_desc.c.obj
 *fill*         0x0800baba        0x2 
 .rodata        0x0800babc       0x71 CMakeFiles/TEST_I2C.dir/C_/Users/alexi/STM32Cube/Repository/STM32Cube_FW_F4_V1.28.1/Drivers/STM32F4xx_HAL_Driver/Src/stm32f4xx_hal_pcd.c.obj
 *fill*         0x0800bb2d        0x3 
 .rodata        0x0800bb30       0x71 CMakeFiles/TEST_I2C.dir/C_/Users/alexi/STM32Cube/Repository/STM32Cube_FW_F4_V1.28.1/Drivers/STM32F4xx_HAL_Driver/Src/stm32f4xx_hal_rcc.c.obj
 *fill*         0x0800bba1        0x3 
 .rodata        0x0800bba4       0x72 CMakeFiles/TEST_I2C.dir/C_/Users/alexi/STM32Cube/Repository/STM32Cube_FW_F4_V1.28.1/Drivers/STM32F4xx_HAL_Driver/Src/stm32f4xx_hal_gpio.c.obj
 *fill*         0x0800bc16        0x2 
 .rodata        0x0800bc18       0x71 CMakeFiles/TEST_I2C.dir/C_/Users/alexi/STM32Cube/Repository/STM32Cube_FW_F4_V1.28.1/Drivers/STM32F4xx_HAL_Driver/Src/stm32f4xx_hal_dma.c.obj
 *fill*         0x0800bc89        0x3 
 .rodata        0x0800bc8c       0x74 CMakeFiles/TEST_I2C.dir/C_/Users/alexi/STM32Cube/Repository/STM32Cube_FW_F4_V1.28.1/Drivers/STM32F4xx_HAL_Driver/Src/stm32f4xx_hal_cortex.c.obj
 .rodata        0x0800bd00       0x71 CMakeFiles/TEST_I2C.dir/C_/Users/alexi/STM32Cube/Repository/STM32Cube_FW_F4_V1.28.1/Drivers/STM32F4xx_HAL_Driver/Src/stm32f4xx_hal_adc.c.obj
 *fill*         0x0800bd71        0x3 
 .rodata        0x0800bd74       0x71 CMakeFiles/TEST_I2C.dir/C_/Users/alexi/STM32Cube/Repository/STM32Cube_FW_F4_V1.28.1/Drivers/STM32F4xx_HAL_Driver/Src/stm32f4xx_hal_spi.c.obj
 *fill*         0x0800bde5        0x3 
 .rodata        0x0800bde8       0x71 CMakeFiles/TEST_I2C.dir/C_/Users/alexi/STM32Cube/Repository/STM32Cube_FW_F4_V1.28.1/Drivers/STM32F4xx_HAL_Driver/Src/stm32f4xx_hal_tim.c.obj
 *fill*         0x0800be59        0x3 
 .rodata        0x0800be5c       0x74 CMakeFiles/TEST_I2C.dir/C_/Users/alexi/STM32Cube/Repository/STM32Cube_FW_F4_V1.28.1/Drivers/STM32F4xx_HAL_Driver/Src/stm32f4xx_hal_tim_ex.c.obj
 .rodata        0x0800bed0       0x72 CMakeFiles/TEST_I2C.dir/C_/Users/alexi/STM32Cube/Repository/STM32Cube_FW_F4_V1.28.1/Drivers/STM32F4xx_HAL_Driver/Src/stm32f4xx_hal_uart.c.obj
 *(.rodata*)
 *fill*         0x0800bf42        0x2 
 .rodata.flagBitshiftOffset.0
                0x0800bf44        0x8 CMakeFiles/TEST_I2C.dir/C_/Users/alexi/STM32Cube/Repository/STM32Cube_FW_F4_V1.28.1/Drivers/STM32F4xx_HAL_Driver/Src/stm32f4xx_hal_dma.c.obj
 .rodata.AHBPrescTable
                0x0800bf4c       0x10 CMakeFiles/TEST_I2C.dir/Core/Src/system_stm32f4xx.c.obj
                0x0800bf4c                AHBPrescTable
 .rodata.APBPrescTable
                0x0800bf5c        0x8 CMakeFiles/TEST_I2C.dir/Core/Src/system_stm32f4xx.c.obj
                0x0800bf5c                APBPrescTable
 .rodata._svfprintf_r.str1.1
                0x0800bf64       0x11 C:/ST/STM32CubeCLT_1.15.1/GNU-tools-for-STM32/bin/../lib/gcc/arm-none-eabi/12.3.1/../../../../arm-none-eabi/lib/thumb/v7e-m+fp/hard\libg_nano.a(libc_a-nano-svfprintf.o)
 .rodata._printf_i.str1.1
                0x0800bf75       0x22 C:/ST/STM32CubeCLT_1.15.1/GNU-tools-for-STM32/bin/../lib/gcc/arm-none-eabi/12.3.1/../../../../arm-none-eabi/lib/thumb/v7e-m+fp/hard\libg_nano.a(libc_a-nano-vfprintf_i.o)
                0x0800bf98                        . = ALIGN (0x4)
 *fill*         0x0800bf97        0x1 

.ARM.extab
 *(.ARM.extab* .gnu.linkonce.armextab.*)

.ARM            0x0800bf98        0x8
                0x0800bf98                        __exidx_start = .
 *(.ARM.exidx*)
 .ARM.exidx     0x0800bf98        0x8 C:/ST/STM32CubeCLT_1.15.1/GNU-tools-for-STM32/bin/../lib/gcc/arm-none-eabi/12.3.1/thumb/v7e-m+fp/hard\libgcc.a(_udivmoddi4.o)
 .ARM.exidx     0x0800bfa0        0x0 C:/ST/STM32CubeCLT_1.15.1/GNU-tools-for-STM32/bin/../lib/gcc/arm-none-eabi/12.3.1/../../../../arm-none-eabi/lib/thumb/v7e-m+fp/hard\libg_nano.a(libc_a-strlen.o)
                                  0x8 (size before relaxing)
 .ARM.exidx     0x0800bfa0        0x0 C:/ST/STM32CubeCLT_1.15.1/GNU-tools-for-STM32/bin/../lib/gcc/arm-none-eabi/12.3.1/../../../../arm-none-eabi/lib/thumb/v7e-m+fp/hard\libg_nano.a(libc_a-memchr.o)
                                  0x8 (size before relaxing)
                0x0800bfa0                        __exidx_end = .

.rel.dyn        0x0800bfa0        0x0
 .rel.iplt      0x0800bfa0        0x0 C:/ST/STM32CubeCLT_1.15.1/GNU-tools-for-STM32/bin/../lib/gcc/arm-none-eabi/12.3.1/thumb/v7e-m+fp/hard/crtbegin.o

.preinit_array  0x0800bfa0        0x0
                0x0800bfa0                        PROVIDE (__preinit_array_start = .)
 *(.preinit_array*)
                0x0800bfa0                        PROVIDE (__preinit_array_end = .)

.init_array     0x0800bfa0        0x4
                0x0800bfa0                        PROVIDE (__init_array_start = .)
 *(SORT_BY_NAME(.init_array.*))
 *(.init_array*)
 .init_array    0x0800bfa0        0x4 C:/ST/STM32CubeCLT_1.15.1/GNU-tools-for-STM32/bin/../lib/gcc/arm-none-eabi/12.3.1/thumb/v7e-m+fp/hard/crtbegin.o
                0x0800bfa4                        PROVIDE (__init_array_end = .)

.fini_array     0x0800bfa4        0x4
                [!provide]                        PROVIDE (__fini_array_start = .)
 *(SORT_BY_NAME(.fini_array.*))
 *(.fini_array*)
 .fini_array    0x0800bfa4        0x4 C:/ST/STM32CubeCLT_1.15.1/GNU-tools-for-STM32/bin/../lib/gcc/arm-none-eabi/12.3.1/thumb/v7e-m+fp/hard/crtbegin.o
                [!provide]                        PROVIDE (__fini_array_end = .)
                0x0800bfa8                        _sidata = LOADADDR (.data)

.data           0x20000000      0x14c load address 0x0800bfa8
                0x20000000                        . = ALIGN (0x4)
                0x20000000                        _sdata = .
 *(.data)
 *(.data*)
 .data._impure_ptr
                0x20000000        0x4 C:/ST/STM32CubeCLT_1.15.1/GNU-tools-for-STM32/bin/../lib/gcc/arm-none-eabi/12.3.1/../../../../arm-none-eabi/lib/thumb/v7e-m+fp/hard\libc_nano.a(libc_a-impure.o)
                0x20000000                _impure_ptr
 .data._impure_data
                0x20000004       0x4c C:/ST/STM32CubeCLT_1.15.1/GNU-tools-for-STM32/bin/../lib/gcc/arm-none-eabi/12.3.1/../../../../arm-none-eabi/lib/thumb/v7e-m+fp/hard\libc_nano.a(libc_a-impure.o)
                0x20000004                _impure_data
 .data.FS_Desc  0x20000050       0x1c CMakeFiles/TEST_I2C.dir/USB_DEVICE/App/usbd_desc.c.obj
                0x20000050                FS_Desc
 .data.USBD_FS_DeviceDesc
                0x2000006c       0x12 CMakeFiles/TEST_I2C.dir/USB_DEVICE/App/usbd_desc.c.obj
                0x2000006c                USBD_FS_DeviceDesc
 *fill*         0x2000007e        0x2 
 .data.USBD_LangIDDesc
                0x20000080        0x4 CMakeFiles/TEST_I2C.dir/USB_DEVICE/App/usbd_desc.c.obj
                0x20000080                USBD_LangIDDesc
 .data.USBD_StringSerial
                0x20000084       0x1a CMakeFiles/TEST_I2C.dir/USB_DEVICE/App/usbd_desc.c.obj
                0x20000084                USBD_StringSerial
 *fill*         0x2000009e        0x2 
 .data.USBD_Interface_fops_FS
                0x200000a0       0x14 CMakeFiles/TEST_I2C.dir/USB_DEVICE/App/usbd_cdc_if.c.obj
                0x200000a0                USBD_Interface_fops_FS
 .data.uwTickPrio
                0x200000b4        0x4 CMakeFiles/TEST_I2C.dir/C_/Users/alexi/STM32Cube/Repository/STM32Cube_FW_F4_V1.28.1/Drivers/STM32F4xx_HAL_Driver/Src/stm32f4xx_hal.c.obj
                0x200000b4                uwTickPrio
 .data.uwTickFreq
                0x200000b8        0x1 CMakeFiles/TEST_I2C.dir/C_/Users/alexi/STM32Cube/Repository/STM32Cube_FW_F4_V1.28.1/Drivers/STM32F4xx_HAL_Driver/Src/stm32f4xx_hal.c.obj
                0x200000b8                uwTickFreq
 *fill*         0x200000b9        0x3 
 .data.SystemCoreClock
                0x200000bc        0x4 CMakeFiles/TEST_I2C.dir/Core/Src/system_stm32f4xx.c.obj
                0x200000bc                SystemCoreClock
 .data.USBD_CDC_DeviceQualifierDesc
                0x200000c0        0xa CMakeFiles/TEST_I2C.dir/C_/Users/alexi/STM32Cube/Repository/STM32Cube_FW_F4_V1.28.1/Middlewares/ST/STM32_USB_Device_Library/Class/CDC/Src/usbd_cdc.c.obj
 *fill*         0x200000ca        0x2 
 .data.USBD_CDC
                0x200000cc       0x38 CMakeFiles/TEST_I2C.dir/C_/Users/alexi/STM32Cube/Repository/STM32Cube_FW_F4_V1.28.1/Middlewares/ST/STM32_USB_Device_Library/Class/CDC/Src/usbd_cdc.c.obj
                0x200000cc                USBD_CDC
 .data.USBD_CDC_CfgDesc
                0x20000104       0x43 CMakeFiles/TEST_I2C.dir/C_/Users/alexi/STM32Cube/Repository/STM32Cube_FW_F4_V1.28.1/Middlewares/ST/STM32_USB_Device_Library/Class/CDC/Src/usbd_cdc.c.obj
 .data.CDCInEpAdd
                0x20000147        0x1 CMakeFiles/TEST_I2C.dir/C_/Users/alexi/STM32Cube/Repository/STM32Cube_FW_F4_V1.28.1/Middlewares/ST/STM32_USB_Device_Library/Class/CDC/Src/usbd_cdc.c.obj
 .data.CDCOutEpAdd
                0x20000148        0x1 CMakeFiles/TEST_I2C.dir/C_/Users/alexi/STM32Cube/Repository/STM32Cube_FW_F4_V1.28.1/Middlewares/ST/STM32_USB_Device_Library/Class/CDC/Src/usbd_cdc.c.obj
 .data.CDCCmdEpAdd
                0x20000149        0x1 CMakeFiles/TEST_I2C.dir/C_/Users/alexi/STM32Cube/Repository/STM32Cube_FW_F4_V1.28.1/Middlewares/ST/STM32_USB_Device_Library/Class/CDC/Src/usbd_cdc.c.obj
                0x2000014c                        . = ALIGN (0x4)
 *fill*         0x2000014a        0x2 
                0x2000014c                        _edata = .

.igot.plt       0x2000014c        0x0 load address 0x0800c0f4
 .igot.plt      0x2000014c        0x0 C:/ST/STM32CubeCLT_1.15.1/GNU-tools-for-STM32/bin/../lib/gcc/arm-none-eabi/12.3.1/thumb/v7e-m+fp/hard/crtbegin.o
                0x2000014c                        . = ALIGN (0x4)

.bss            0x2000014c     0x2208 load address 0x0800c0f4
                0x2000014c                        _sbss = .
                0x2000014c                        __bss_start__ = _sbss
 *(.bss)
 .bss           0x2000014c       0x1c C:/ST/STM32CubeCLT_1.15.1/GNU-tools-for-STM32/bin/../lib/gcc/arm-none-eabi/12.3.1/thumb/v7e-m+fp/hard/crtbegin.o
 *(.bss*)
 .bss.__sf      0x20000168      0x138 C:/ST/STM32CubeCLT_1.15.1/GNU-tools-for-STM32/bin/../lib/gcc/arm-none-eabi/12.3.1/../../../../arm-none-eabi/lib/thumb/v7e-m+fp/hard\libc_nano.a(libc_a-findfp.o)
                0x20000168                __sf
 .bss.errno     0x200002a0        0x4 C:/ST/STM32CubeCLT_1.15.1/GNU-tools-for-STM32/bin/../lib/gcc/arm-none-eabi/12.3.1/../../../../arm-none-eabi/lib/thumb/v7e-m+fp/hard\libc_nano.a(libc_a-reent.o)
                0x200002a0                errno
 .bss.__lock___malloc_recursive_mutex
                0x200002a4        0x1 C:/ST/STM32CubeCLT_1.15.1/GNU-tools-for-STM32/bin/../lib/gcc/arm-none-eabi/12.3.1/../../../../arm-none-eabi/lib/thumb/v7e-m+fp/hard\libc_nano.a(libc_a-lock.o)
                0x200002a4                __lock___malloc_recursive_mutex
 *fill*         0x200002a5        0x3 
 .bss.__malloc_sbrk_start
                0x200002a8        0x4 C:/ST/STM32CubeCLT_1.15.1/GNU-tools-for-STM32/bin/../lib/gcc/arm-none-eabi/12.3.1/../../../../arm-none-eabi/lib/thumb/v7e-m+fp/hard\libc_nano.a(libc_a-mallocr.o)
                0x200002a8                __malloc_sbrk_start
 .bss.__malloc_free_list
                0x200002ac        0x4 C:/ST/STM32CubeCLT_1.15.1/GNU-tools-for-STM32/bin/../lib/gcc/arm-none-eabi/12.3.1/../../../../arm-none-eabi/lib/thumb/v7e-m+fp/hard\libc_nano.a(libc_a-mallocr.o)
                0x200002ac                __malloc_free_list
 .bss.hadc1     0x200002b0       0x48 CMakeFiles/TEST_I2C.dir/Core/Src/adc.c.obj
                0x200002b0                hadc1
 .bss.hdma_adc1
                0x200002f8       0x60 CMakeFiles/TEST_I2C.dir/Core/Src/adc.c.obj
                0x200002f8                hdma_adc1
 .bss.hspi1     0x20000358       0x58 CMakeFiles/TEST_I2C.dir/Core/Src/spi.c.obj
                0x20000358                hspi1
 .bss.hspi2     0x200003b0       0x58 CMakeFiles/TEST_I2C.dir/Core/Src/spi.c.obj
                0x200003b0                hspi2
 .bss.hdma_spi1_rx
                0x20000408       0x60 CMakeFiles/TEST_I2C.dir/Core/Src/spi.c.obj
                0x20000408                hdma_spi1_rx
 .bss.hdma_spi1_tx
                0x20000468       0x60 CMakeFiles/TEST_I2C.dir/Core/Src/spi.c.obj
                0x20000468                hdma_spi1_tx
 .bss.hdma_spi2_rx
                0x200004c8       0x60 CMakeFiles/TEST_I2C.dir/Core/Src/spi.c.obj
                0x200004c8                hdma_spi2_rx
 .bss.hdma_spi2_tx
                0x20000528       0x60 CMakeFiles/TEST_I2C.dir/Core/Src/spi.c.obj
                0x20000528                hdma_spi2_tx
 .bss.htim2     0x20000588       0x48 CMakeFiles/TEST_I2C.dir/Core/Src/tim.c.obj
                0x20000588                htim2
 .bss.htim3     0x200005d0       0x48 CMakeFiles/TEST_I2C.dir/Core/Src/tim.c.obj
                0x200005d0                htim3
 .bss.htim4     0x20000618       0x48 CMakeFiles/TEST_I2C.dir/Core/Src/tim.c.obj
                0x20000618                htim4
 .bss.huart1    0x20000660       0x48 CMakeFiles/TEST_I2C.dir/Core/Src/usart.c.obj
                0x20000660                huart1
 .bss.hdma_usart1_rx
                0x200006a8       0x60 CMakeFiles/TEST_I2C.dir/Core/Src/usart.c.obj
                0x200006a8                hdma_usart1_rx
 .bss.hdma_usart1_tx
                0x20000708       0x60 CMakeFiles/TEST_I2C.dir/Core/Src/usart.c.obj
                0x20000708                hdma_usart1_tx
 .bss.hUsbDeviceFS
                0x20000768      0x2dc CMakeFiles/TEST_I2C.dir/USB_DEVICE/App/usb_device.c.obj
                0x20000768                hUsbDeviceFS
 .bss.USBD_StrDesc
                0x20000a44      0x200 CMakeFiles/TEST_I2C.dir/USB_DEVICE/App/usbd_desc.c.obj
                0x20000a44                USBD_StrDesc
 .bss.UserRxBufferFS
                0x20000c44      0x800 CMakeFiles/TEST_I2C.dir/USB_DEVICE/App/usbd_cdc_if.c.obj
                0x20000c44                UserRxBufferFS
 .bss.UserTxBufferFS
                0x20001444      0x800 CMakeFiles/TEST_I2C.dir/USB_DEVICE/App/usbd_cdc_if.c.obj
                0x20001444                UserTxBufferFS
 .bss.hpcd_USB_OTG_FS
                0x20001c44      0x4e4 CMakeFiles/TEST_I2C.dir/USB_DEVICE/Target/usbd_conf.c.obj
                0x20001c44                hpcd_USB_OTG_FS
 .bss.mem.0     0x20002128      0x220 CMakeFiles/TEST_I2C.dir/USB_DEVICE/Target/usbd_conf.c.obj
 .bss.uwTick    0x20002348        0x4 CMakeFiles/TEST_I2C.dir/C_/Users/alexi/STM32Cube/Repository/STM32Cube_FW_F4_V1.28.1/Drivers/STM32F4xx_HAL_Driver/Src/stm32f4xx_hal.c.obj
                0x20002348                uwTick
 .bss.cfgidx.0  0x2000234c        0x1 CMakeFiles/TEST_I2C.dir/C_/Users/alexi/STM32Cube/Repository/STM32Cube_FW_F4_V1.28.1/Middlewares/ST/STM32_USB_Device_Library/Core/Src/usbd_ctlreq.c.obj
 *fill*         0x2000234d        0x3 
 .bss.__sbrk_heap_end
                0x20002350        0x4 CMakeFiles/TEST_I2C.dir/Core/Src/sysmem.c.obj
 *(COMMON)
                0x20002354                        . = ALIGN (0x4)
                0x20002354                        _ebss = .
                0x20002354                        __bss_end__ = _ebss

._user_heap_stack
                0x20002354      0x604 load address 0x0800c0f4
                0x20002358                        . = ALIGN (0x8)
 *fill*         0x20002354        0x4 
                [!provide]                        PROVIDE (end = .)
                0x20002358                        PROVIDE (_end = .)
                0x20002558                        . = (. + _Min_Heap_Size)
 *fill*         0x20002358      0x200 
                0x20002958                        . = (. + _Min_Stack_Size)
 *fill*         0x20002558      0x400 
                0x20002958                        . = ALIGN (0x8)

/DISCARD/
 libc.a(*)
 libm.a(*)
 libgcc.a(*)

.ARM.attributes
                0x00000000       0x30
 *(.ARM.attributes)
 .ARM.attributes
                0x00000000       0x22 C:/ST/STM32CubeCLT_1.15.1/GNU-tools-for-STM32/bin/../lib/gcc/arm-none-eabi/12.3.1/thumb/v7e-m+fp/hard/crti.o
 .ARM.attributes
                0x00000022       0x34 C:/ST/STM32CubeCLT_1.15.1/GNU-tools-for-STM32/bin/../lib/gcc/arm-none-eabi/12.3.1/thumb/v7e-m+fp/hard/crtbegin.o
 .ARM.attributes
                0x00000056       0x34 C:/ST/STM32CubeCLT_1.15.1/GNU-tools-for-STM32/bin/../lib/gcc/arm-none-eabi/12.3.1/../../../../arm-none-eabi/lib/thumb/v7e-m+fp/hard\libc_nano.a(libc_a-findfp.o)
 .ARM.attributes
                0x0000008a       0x34 C:/ST/STM32CubeCLT_1.15.1/GNU-tools-for-STM32/bin/../lib/gcc/arm-none-eabi/12.3.1/../../../../arm-none-eabi/lib/thumb/v7e-m+fp/hard\libc_nano.a(libc_a-memset.o)
 .ARM.attributes
                0x000000be       0x34 C:/ST/STM32CubeCLT_1.15.1/GNU-tools-for-STM32/bin/../lib/gcc/arm-none-eabi/12.3.1/../../../../arm-none-eabi/lib/thumb/v7e-m+fp/hard\libc_nano.a(libc_a-reent.o)
 .ARM.attributes
                0x000000f2       0x34 C:/ST/STM32CubeCLT_1.15.1/GNU-tools-for-STM32/bin/../lib/gcc/arm-none-eabi/12.3.1/../../../../arm-none-eabi/lib/thumb/v7e-m+fp/hard\libc_nano.a(libc_a-impure.o)
 .ARM.attributes
                0x00000126       0x34 C:/ST/STM32CubeCLT_1.15.1/GNU-tools-for-STM32/bin/../lib/gcc/arm-none-eabi/12.3.1/../../../../arm-none-eabi/lib/thumb/v7e-m+fp/hard\libc_nano.a(libc_a-init.o)
 .ARM.attributes
                0x0000015a       0x34 C:/ST/STM32CubeCLT_1.15.1/GNU-tools-for-STM32/bin/../lib/gcc/arm-none-eabi/12.3.1/../../../../arm-none-eabi/lib/thumb/v7e-m+fp/hard\libc_nano.a(libc_a-lock.o)
 .ARM.attributes
                0x0000018e       0x34 C:/ST/STM32CubeCLT_1.15.1/GNU-tools-for-STM32/bin/../lib/gcc/arm-none-eabi/12.3.1/../../../../arm-none-eabi/lib/thumb/v7e-m+fp/hard\libc_nano.a(libc_a-freer.o)
 .ARM.attributes
                0x000001c2       0x34 C:/ST/STM32CubeCLT_1.15.1/GNU-tools-for-STM32/bin/../lib/gcc/arm-none-eabi/12.3.1/../../../../arm-none-eabi/lib/thumb/v7e-m+fp/hard\libc_nano.a(libc_a-mallocr.o)
 .ARM.attributes
                0x000001f6       0x34 C:/ST/STM32CubeCLT_1.15.1/GNU-tools-for-STM32/bin/../lib/gcc/arm-none-eabi/12.3.1/../../../../arm-none-eabi/lib/thumb/v7e-m+fp/hard\libc_nano.a(libc_a-mlock.o)
 .ARM.attributes
                0x0000022a       0x34 C:/ST/STM32CubeCLT_1.15.1/GNU-tools-for-STM32/bin/../lib/gcc/arm-none-eabi/12.3.1/../../../../arm-none-eabi/lib/thumb/v7e-m+fp/hard\libc_nano.a(libc_a-sbrkr.o)
 .ARM.attributes
                0x0000025e       0x34 CMakeFiles/TEST_I2C.dir/Core/Src/main.c.obj
 .ARM.attributes
                0x00000292       0x34 CMakeFiles/TEST_I2C.dir/Core/Src/gpio.c.obj
 .ARM.attributes
                0x000002c6       0x34 CMakeFiles/TEST_I2C.dir/Core/Src/adc.c.obj
 .ARM.attributes
                0x000002fa       0x34 CMakeFiles/TEST_I2C.dir/Core/Src/dma.c.obj
 .ARM.attributes
                0x0000032e       0x34 CMakeFiles/TEST_I2C.dir/Core/Src/spi.c.obj
 .ARM.attributes
                0x00000362       0x34 CMakeFiles/TEST_I2C.dir/Core/Src/tim.c.obj
 .ARM.attributes
                0x00000396       0x34 CMakeFiles/TEST_I2C.dir/Core/Src/usart.c.obj
 .ARM.attributes
                0x000003ca       0x34 CMakeFiles/TEST_I2C.dir/Core/Src/stm32f4xx_it.c.obj
 .ARM.attributes
                0x000003fe       0x34 CMakeFiles/TEST_I2C.dir/Core/Src/stm32f4xx_hal_msp.c.obj
 .ARM.attributes
                0x00000432       0x34 CMakeFiles/TEST_I2C.dir/USB_DEVICE/App/usb_device.c.obj
 .ARM.attributes
                0x00000466       0x34 CMakeFiles/TEST_I2C.dir/USB_DEVICE/App/usbd_desc.c.obj
 .ARM.attributes
                0x0000049a       0x34 CMakeFiles/TEST_I2C.dir/USB_DEVICE/App/usbd_cdc_if.c.obj
 .ARM.attributes
                0x000004ce       0x34 CMakeFiles/TEST_I2C.dir/USB_DEVICE/Target/usbd_conf.c.obj
 .ARM.attributes
                0x00000502       0x34 CMakeFiles/TEST_I2C.dir/C_/Users/alexi/STM32Cube/Repository/STM32Cube_FW_F4_V1.28.1/Drivers/STM32F4xx_HAL_Driver/Src/stm32f4xx_hal_pcd.c.obj
 .ARM.attributes
                0x00000536       0x34 CMakeFiles/TEST_I2C.dir/C_/Users/alexi/STM32Cube/Repository/STM32Cube_FW_F4_V1.28.1/Drivers/STM32F4xx_HAL_Driver/Src/stm32f4xx_hal_pcd_ex.c.obj
 .ARM.attributes
                0x0000056a       0x34 CMakeFiles/TEST_I2C.dir/C_/Users/alexi/STM32Cube/Repository/STM32Cube_FW_F4_V1.28.1/Drivers/STM32F4xx_HAL_Driver/Src/stm32f4xx_ll_usb.c.obj
 .ARM.attributes
                0x0000059e       0x34 CMakeFiles/TEST_I2C.dir/C_/Users/alexi/STM32Cube/Repository/STM32Cube_FW_F4_V1.28.1/Drivers/STM32F4xx_HAL_Driver/Src/stm32f4xx_hal_rcc.c.obj
 .ARM.attributes
                0x000005d2       0x34 CMakeFiles/TEST_I2C.dir/C_/Users/alexi/STM32Cube/Repository/STM32Cube_FW_F4_V1.28.1/Drivers/STM32F4xx_HAL_Driver/Src/stm32f4xx_hal_gpio.c.obj
 .ARM.attributes
                0x00000606       0x34 CMakeFiles/TEST_I2C.dir/C_/Users/alexi/STM32Cube/Repository/STM32Cube_FW_F4_V1.28.1/Drivers/STM32F4xx_HAL_Driver/Src/stm32f4xx_hal_dma.c.obj
 .ARM.attributes
                0x0000063a       0x34 CMakeFiles/TEST_I2C.dir/C_/Users/alexi/STM32Cube/Repository/STM32Cube_FW_F4_V1.28.1/Drivers/STM32F4xx_HAL_Driver/Src/stm32f4xx_hal_cortex.c.obj
 .ARM.attributes
                0x0000066e       0x34 CMakeFiles/TEST_I2C.dir/C_/Users/alexi/STM32Cube/Repository/STM32Cube_FW_F4_V1.28.1/Drivers/STM32F4xx_HAL_Driver/Src/stm32f4xx_hal.c.obj
 .ARM.attributes
                0x000006a2       0x34 CMakeFiles/TEST_I2C.dir/C_/Users/alexi/STM32Cube/Repository/STM32Cube_FW_F4_V1.28.1/Drivers/STM32F4xx_HAL_Driver/Src/stm32f4xx_hal_adc.c.obj
 .ARM.attributes